Component: ARM Compiler 5.06 update 6 (build 750) Tool: armlink [4d35ed]

==============================================================================

Section Cross References

    main.o(i.main) refers to ano_init.o(i.sys_init) for sys_init
    main.o(i.main) refers to loop.o(i.main_loop) for main_loop
    loop.o(i.Duty_2ms) refers to bsp_systick.o(i.GetSysTime_us) for GetSysTime_us
    loop.o(i.Duty_2ms) refers to ano_data_transfer.o(i.ANO_DT_Data_Exchange) for ANO_DT_Data_Exchange
    loop.o(i.Duty_2ms) refers to loop.o(.bss) for test_time
    loop.o(i.Duty_50ms) refers to dl_ln3x.o(i.DL_DT_Data_Exchange) for DL_DT_Data_Exchange
    loop.o(i.Duty_6ms) refers to bsp_systick.o(i.GetSysTime_us) for GetSysTime_us
    loop.o(i.Duty_6ms) refers to loop.o(.bss) for test_time
    loop.o(i.Loop_check) refers to loop.o(.bss) for loop
    loop.o(i.main_loop) refers to loop.o(i.Duty_2ms) for Duty_2ms
    loop.o(i.main_loop) refers to loop.o(i.Duty_6ms) for Duty_6ms
    loop.o(i.main_loop) refers to loop.o(i.Duty_10ms) for Duty_10ms
    loop.o(i.main_loop) refers to loop.o(i.Duty_20ms) for Duty_20ms
    loop.o(i.main_loop) refers to loop.o(i.Duty_50ms) for Duty_50ms
    loop.o(i.main_loop) refers to loop.o(.bss) for loop
    ano_init.o(i.sys_init) refers to misc.o(i.NVIC_PriorityGroupConfig) for NVIC_PriorityGroupConfig
    ano_init.o(i.sys_init) refers to bsp_systick.o(i.cycleCounterInit) for cycleCounterInit
    ano_init.o(i.sys_init) refers to ano_drv_uart.o(i.ANO_Uart1_Init) for ANO_Uart1_Init
    ano_init.o(i.sys_init) refers to ano_drv_uart3.o(i.ANO_UART3_Init) for ANO_UART3_Init
    ano_init.o(i.sys_init) refers to bsp_systick.o(i.Delay_ms) for Delay_ms
    ano_init.o(i.sys_init) refers to dl_ln3x.o(i.DL_LN3X_Check) for DL_LN3X_Check
    ano_init.o(i.sys_init) refers to system_stm32f10x.o(.data) for SystemCoreClock
    filter.o(i.LPF_1) refers to fadd.o(.text) for __aeabi_fsub
    filter.o(i.LPF_1) refers to fmul.o(.text) for __aeabi_fmul
    filter.o(i.LPF_1) refers to fdiv.o(.text) for __aeabi_fdiv
    filter.o(i.LPF_1_db) refers to dadd.o(.text) for __aeabi_dsub
    filter.o(i.LPF_1_db) refers to fmul.o(.text) for __aeabi_fmul
    filter.o(i.LPF_1_db) refers to fdiv.o(.text) for __aeabi_fdiv
    filter.o(i.LPF_1_db) refers to fadd.o(.text) for __aeabi_fadd
    filter.o(i.LPF_1_db) refers to f2d.o(.text) for __aeabi_f2d
    filter.o(i.LPF_1_db) refers to dmul.o(.text) for __aeabi_dmul
    filter.o(i.Moving_Average) refers to ffltui.o(.text) for __aeabi_ui2f
    filter.o(i.Moving_Average) refers to fadd.o(.text) for __aeabi_fsub
    filter.o(i.Moving_Average) refers to fdiv.o(.text) for __aeabi_fdiv
    filter.o(i.Moving_Average) refers to cfcmple.o(.text) for __aeabi_cfcmple
    filter.o(i.Moving_Average) refers to cfrcmple.o(.text) for __aeabi_cfrcmple
    filter.o(i.Moving_Average) refers to fmul.o(.text) for __aeabi_fmul
    filter.o(i.fir_arrange_filter) refers to cfrcmple.o(.text) for __aeabi_cfrcmple
    filter.o(i.limit_filter) refers to filter.o(i.LPF_1) for LPF_1
    filter.o(i.limit_filter) refers to cfrcmple.o(.text) for __aeabi_cfrcmple
    filter.o(i.my_hpf_limited) refers to fadd.o(.text) for __aeabi_fsub
    filter.o(i.my_hpf_limited) refers to fmul.o(.text) for __aeabi_fmul
    filter.o(i.my_hpf_limited) refers to fdiv.o(.text) for __aeabi_fdiv
    filter.o(i.my_hpf_limited) refers to cfrcmple.o(.text) for __aeabi_cfrcmple
    filter.o(i.simple_3d_trans) refers to fmul.o(.text) for __aeabi_fmul
    filter.o(i.simple_3d_trans) refers to fadd.o(.text) for __aeabi_fadd
    filter.o(i.simple_3d_trans) refers to mymath.o(i.my_sqrt) for my_sqrt
    filter.o(i.simple_3d_trans) refers to cfcmple.o(.text) for __aeabi_cfcmple
    filter.o(i.simple_3d_trans) refers to fflti.o(.text) for __aeabi_i2f
    filter.o(i.simple_3d_trans) refers to filter.o(.data) for h_tmp_x
    filter.o(i.steepest_descend) refers to ffltui.o(.text) for __aeabi_ui2f
    filter.o(i.steepest_descend) refers to fflti.o(.text) for __aeabi_i2f
    filter.o(i.steepest_descend) refers to fdiv.o(.text) for __aeabi_fdiv
    filter.o(i.steepest_descend) refers to cfrcmple.o(.text) for __aeabi_cfrcmple
    filter.o(i.steepest_descend) refers to cfcmple.o(.text) for __aeabi_cfcmple
    filter.o(i.steepest_descend) refers to fmul.o(.text) for __aeabi_fmul
    filter.o(i.steepest_descend) refers to fadd.o(.text) for __aeabi_fadd
    filter.o(i.steepest_descend) refers to ffixi.o(.text) for __aeabi_f2iz
    filter.o(i.step_filter) refers to fadd.o(.text) for __aeabi_fsub
    filter.o(i.step_filter) refers to cfrcmple.o(.text) for __aeabi_cfrcmple
    filter.o(i.step_filter) refers to cfcmple.o(.text) for __aeabi_cfcmple
    filter.o(i.vec_3d_transition) refers to fmul.o(.text) for __aeabi_fmul
    filter.o(i.vec_3d_transition) refers to fadd.o(.text) for __aeabi_fadd
    filter.o(i.vec_3d_transition) refers to mymath.o(i.my_sqrt) for my_sqrt
    filter.o(i.vec_3d_transition) refers to fdiv.o(.text) for __aeabi_fdiv
[...]
    Removing stm32f10x_adc.o(i.ADC_GetConversionValue), (8 bytes).
    Removing stm32f10x_adc.o(i.ADC_GetDualModeConversionValue), (12 bytes).
    Removing stm32f10x_adc.o(i.ADC_GetFlagStatus), (18 bytes).
    Removing stm32f10x_adc.o(i.ADC_GetITStatus), (36 bytes).
    Removing stm32f10x_adc.o(i.ADC_GetInjectedConversionValue), (28 bytes).
    Removing stm32f10x_adc.o(i.ADC_GetResetCalibrationStatus), (20 bytes).
    Removing stm32f10x_adc.o(i.ADC_GetSoftwareStartConvStatus), (20 bytes).
    Removing stm32f10x_adc.o(i.ADC_GetSoftwareStartInjectedConvCmdStatus), (20 bytes).
    Removing stm32f10x_adc.o(i.ADC_ITConfig), (24 bytes).
    Removing stm32f10x_adc.o(i.ADC_Init), (80 bytes).
    Removing stm32f10x_adc.o(i.ADC_InjectedChannelConfig), (130 bytes).
    Removing stm32f10x_adc.o(i.ADC_InjectedDiscModeCmd), (22 bytes).
    Removing stm32f10x_adc.o(i.ADC_InjectedSequencerLengthConfig), (24 bytes).
    Removing stm32f10x_adc.o(i.ADC_RegularChannelConfig), (184 bytes).
    Removing stm32f10x_adc.o(i.ADC_ResetCalibration), (10 bytes).
    Removing stm32f10x_adc.o(i.ADC_SetInjectedOffset), (20 bytes).
    Removing stm32f10x_adc.o(i.ADC_SoftwareStartConvCmd), (22 bytes).
    Removing stm32f10x_adc.o(i.ADC_SoftwareStartInjectedConvCmd), (22 bytes).
    Removing stm32f10x_adc.o(i.ADC_StartCalibration), (10 bytes).
    Removing stm32f10x_adc.o(i.ADC_StructInit), (18 bytes).
    Removing stm32f10x_adc.o(i.ADC_TempSensorVrefintCmd), (36 bytes).
    Removing stm32f10x_dma.o(i.DMA_ClearFlag), (28 bytes).
    Removing stm32f10x_dma.o(i.DMA_GetCurrDataCounter), (8 bytes).
    Removing stm32f10x_dma.o(i.DMA_GetFlagStatus), (44 bytes).
    Removing stm32f10x_dma.o(i.DMA_StructInit), (26 bytes).
    Removing stm32f10x_exti.o(i.EXTI_ClearFlag), (12 bytes).
    Removing stm32f10x_exti.o(i.EXTI_ClearITPendingBit), (12 bytes).
    Removing stm32f10x_exti.o(i.EXTI_DeInit), (36 bytes).
    Removing stm32f10x_exti.o(i.EXTI_GenerateSWInterrupt), (16 bytes).
    Removing stm32f10x_exti.o(i.EXTI_GetFlagStatus), (24 bytes).
    Removing stm32f10x_exti.o(i.EXTI_GetITStatus), (40 bytes).
    Removing stm32f10x_exti.o(i.EXTI_Init), (148 bytes).
    Removing stm32f10x_exti.o(i.EXTI_StructInit), (16 bytes).
    Removing stm32f10x_flash.o(i.FLASH_ClearFlag), (12 bytes).
    Removing stm32f10x_flash.o(i.FLASH_EnableWriteProtection), (196 bytes).
    Removing stm32f10x_flash.o(i.FLASH_EraseAllBank1Pages), (72 bytes).
    Removing stm32f10x_flash.o(i.FLASH_EraseAllPages), (72 bytes).
    Removing stm32f10x_flash.o(i.FLASH_EraseOptionBytes), (168 bytes).
    Removing stm32f10x_flash.o(i.FLASH_ErasePage), (76 bytes).
    Removing stm32f10x_flash.o(i.FLASH_GetBank1Status), (52 bytes).
    Removing stm32f10x_flash.o(i.FLASH_GetFlagStatus), (48 bytes).
    Removing stm32f10x_flash.o(i.FLASH_GetPrefetchBufferStatus), (24 bytes).
    Removing stm32f10x_flash.o(i.FLASH_GetReadOutProtectionStatus), (24 bytes).
    Removing stm32f10x_flash.o(i.FLASH_GetStatus), (52 bytes).
    Removing stm32f10x_flash.o(i.FLASH_GetUserOptionByte), (12 bytes).
    Removing stm32f10x_flash.o(i.FLASH_GetWriteProtectionOptionByte), (12 bytes).
    Removing stm32f10x_flash.o(i.FLASH_HalfCycleAccessCmd), (28 bytes).
    Removing stm32f10x_flash.o(i.FLASH_ITConfig), (32 bytes).
    Removing stm32f10x_flash.o(i.FLASH_Lock), (20 bytes).
    Removing stm32f10x_flash.o(i.FLASH_LockBank1), (20 bytes).
    Removing stm32f10x_flash.o(i.FLASH_PrefetchBufferCmd), (28 bytes).
    Removing stm32f10x_flash.o(i.FLASH_ProgramHalfWord), (64 bytes).
    Removing stm32f10x_flash.o(i.FLASH_ProgramOptionByteData), (84 bytes).
    Removing stm32f10x_flash.o(i.FLASH_ProgramWord), (108 bytes).
    Removing stm32f10x_flash.o(i.FLASH_ReadOutProtection), (172 bytes).
    Removing stm32f10x_flash.o(i.FLASH_SetLatency), (24 bytes).
    Removing stm32f10x_flash.o(i.FLASH_Unlock), (24 bytes).
    Removing stm32f10x_flash.o(i.FLASH_UnlockBank1), (24 bytes).
    Removing stm32f10x_flash.o(i.FLASH_UserOptionByteConfig), (104 bytes).
    Removing stm32f10x_flash.o(i.FLASH_WaitForLastBank1Operation), (38 bytes).
    Removing stm32f10x_flash.o(i.FLASH_WaitForLastOperation), (38 bytes).
    Removing stm32f10x_gpio.o(i.GPIO_AFIODeInit), (20 bytes).
    Removing stm32f10x_gpio.o(i.GPIO_DeInit), (200 bytes).
    Removing stm32f10x_gpio.o(i.GPIO_ETH_MediaInterfaceConfig), (12 bytes).
    Removing stm32f10x_gpio.o(i.GPIO_EXTILineConfig), (64 bytes).
    Removing stm32f10x_gpio.o(i.GPIO_EventOutputCmd), (12 bytes).
    Removing stm32f10x_gpio.o(i.GPIO_EventOutputConfig), (32 bytes).
    Removing stm32f10x_gpio.o(i.GPIO_PinLockConfig), (18 bytes).
    Removing stm32f10x_gpio.o(i.GPIO_PinRemapConfig), (144 bytes).
    Removing stm32f10x_gpio.o(i.GPIO_ReadInputData), (8 bytes).
    Removing stm32f10x_gpio.o(i.GPIO_ReadInputDataBit), (18 bytes).
    Removing stm32f10x_gpio.o(i.GPIO_ReadOutputData), (8 bytes).
    Removing stm32f10x_gpio.o(i.GPIO_ReadOutputDataBit), (18 bytes).
    Removing stm32f10x_gpio.o(i.GPIO_ResetBits), (4 bytes).
    Removing stm32f10x_gpio.o(i.GPIO_SetBits), (4 bytes).
    Removing stm32f10x_gpio.o(i.GPIO_StructInit), (16 bytes).
    Removing stm32f10x_gpio.o(i.GPIO_Write), (4 bytes).
    Removing stm32f10x_gpio.o(i.GPIO_WriteBit), (10 bytes).
    Removing stm32f10x_rcc.o(i.RCC_ADCCLKConfig), (24 bytes).
    Removing stm32f10x_rcc.o(i.RCC_AdjustHSICalibrationValue), (24 bytes).
    Removing stm32f10x_rcc.o(i.RCC_BackupResetCmd), (12 bytes).
    Removing stm32f10x_rcc.o(i.RCC_ClearFlag), (20 bytes).
    Removing stm32f10x_rcc.o(i.RCC_ClearITPendingBit), (12 bytes).
    Removing stm32f10x_rcc.o(i.RCC_ClockSecuritySystemCmd), (12 bytes).
    Removing stm32f10x_rcc.o(i.RCC_DeInit), (76 bytes).
    Removing stm32f10x_rcc.o(i.RCC_GetFlagStatus), (60 bytes).
    Removing stm32f10x_rcc.o(i.RCC_GetITStatus), (24 bytes).
    Removing stm32f10x_rcc.o(i.RCC_GetSYSCLKSource), (16 bytes).
    Removing stm32f10x_rcc.o(i.RCC_HCLKConfig), (24 bytes).
    Removing stm32f10x_rcc.o(i.RCC_HSEConfig), (76 bytes).
    Removing stm32f10x_rcc.o(i.RCC_HSICmd), (12 bytes).
    Removing stm32f10x_rcc.o(i.RCC_ITConfig), (32 bytes).
    Removing stm32f10x_rcc.o(i.RCC_LSEConfig), (52 bytes).
    Removing stm32f10x_rcc.o(i.RCC_LSICmd), (12 bytes).
    Removing stm32f10x_rcc.o(i.RCC_MCOConfig), (12 bytes).
    Removing stm32f10x_rcc.o(i.RCC_PCLK1Config), (24 bytes).
    Removing stm32f10x_rcc.o(i.RCC_PCLK2Config), (24 bytes).
    Removing stm32f10x_rcc.o(i.RCC_PLLCmd), (12 bytes).
    Removing stm32f10x_rcc.o(i.RCC_PLLConfig), (28 bytes).
    Removing stm32f10x_rcc.o(i.RCC_RTCCLKCmd), (12 bytes).
    Removing stm32f10x_rcc.o(i.RCC_RTCCLKConfig), (16 bytes).
    Removing stm32f10x_rcc.o(i.RCC_SYSCLKConfig), (24 bytes).
    Removing stm32f10x_rcc.o(i.RCC_USBCLKConfig), (12 bytes).
    Removing stm32f10x_rcc.o(i.RCC_WaitForHSEStartUp), (56 bytes).
    Removing stm32f10x_spi.o(i.I2S_Cmd), (24 bytes).
    Removing stm32f10x_spi.o(i.I2S_Init), (232 bytes).
    Removing stm32f10x_spi.o(i.I2S_StructInit), (20 bytes).
    Removing stm32f10x_spi.o(i.SPI_BiDirectionalLineConfig), (28 bytes).
    Removing stm32f10x_spi.o(i.SPI_CalculateCRC), (24 bytes).
    Removing stm32f10x_spi.o(i.SPI_Cmd), (24 bytes).
    Removing stm32f10x_spi.o(i.SPI_DataSizeConfig), (18 bytes).
    Removing stm32f10x_spi.o(i.SPI_GetCRC), (16 bytes).
    Removing stm32f10x_spi.o(i.SPI_GetCRCPolynomial), (6 bytes).
    Removing stm32f10x_spi.o(i.SPI_I2S_ClearFlag), (6 bytes).
    Removing stm32f10x_spi.o(i.SPI_I2S_ClearITPendingBit), (20 bytes).
    Removing stm32f10x_spi.o(i.SPI_I2S_DMACmd), (18 bytes).
    Removing stm32f10x_spi.o(i.SPI_I2S_DeInit), (88 bytes).
    Removing stm32f10x_spi.o(i.SPI_I2S_GetFlagStatus), (18 bytes).
    Removing stm32f10x_spi.o(i.SPI_I2S_GetITStatus), (52 bytes).
    Removing stm32f10x_spi.o(i.SPI_I2S_ITConfig), (32 bytes).
    Removing stm32f10x_spi.o(i.SPI_I2S_ReceiveData), (6 bytes).
    Removing stm32f10x_spi.o(i.SPI_I2S_SendData), (4 bytes).
    Removing stm32f10x_spi.o(i.SPI_Init), (60 bytes).
    Removing stm32f10x_spi.o(i.SPI_NSSInternalSoftwareConfig), (30 bytes).
    Removing stm32f10x_spi.o(i.SPI_SSOutputCmd), (24 bytes).
    Removing stm32f10x_spi.o(i.SPI_StructInit), (24 bytes).
    Removing stm32f10x_spi.o(i.SPI_TransmitCRC), (10 bytes).
    Removing stm32f10x_tim.o(i.TI1_Config), (128 bytes).
    Removing stm32f10x_tim.o(i.TI2_Config), (152 bytes).
    Removing stm32f10x_tim.o(i.TI3_Config), (144 bytes).
    Removing stm32f10x_tim.o(i.TI4_Config), (152 bytes).
    Removing stm32f10x_tim.o(i.TIM_ARRPreloadConfig), (24 bytes).
    Removing stm32f10x_tim.o(i.TIM_BDTRConfig), (32 bytes).
    Removing stm32f10x_tim.o(i.TIM_BDTRStructInit), (18 bytes).
    Removing stm32f10x_tim.o(i.TIM_CCPreloadControl), (24 bytes).
    Removing stm32f10x_tim.o(i.TIM_CCxCmd), (30 bytes).
    Removing stm32f10x_tim.o(i.TIM_CCxNCmd), (30 bytes).
    Removing stm32f10x_tim.o(i.TIM_ClearFlag), (6 bytes).
    Removing stm32f10x_tim.o(i.TIM_ClearITPendingBit), (6 bytes).
    Removing stm32f10x_tim.o(i.TIM_ClearOC1Ref), (18 bytes).
    Removing stm32f10x_tim.o(i.TIM_ClearOC2Ref), (24 bytes).
    Removing stm32f10x_tim.o(i.TIM_ClearOC3Ref), (18 bytes).
    Removing stm32f10x_tim.o(i.TIM_ClearOC4Ref), (24 bytes).
    Removing stm32f10x_tim.o(i.TIM_Cmd), (24 bytes).
    Removing stm32f10x_tim.o(i.TIM_CounterModeConfig), (18 bytes).
    Removing stm32f10x_tim.o(i.TIM_CtrlPWMOutputs), (30 bytes).
    Removing stm32f10x_tim.o(i.TIM_DMACmd), (18 bytes).
    Removing stm32f10x_tim.o(i.TIM_DMAConfig), (10 bytes).
    Removing stm32f10x_tim.o(i.TIM_DeInit), (488 bytes).
    Removing stm32f10x_tim.o(i.TIM_ETRClockMode1Config), (54 bytes).
    Removing stm32f10x_tim.o(i.TIM_ETRClockMode2Config), (32 bytes).
    Removing stm32f10x_tim.o(i.TIM_ETRConfig), (28 bytes).
    Removing stm32f10x_tim.o(i.TIM_EncoderInterfaceConfig), (66 bytes).
    Removing stm32f10x_tim.o(i.TIM_ForcedOC1Config), (18 bytes).
    Removing stm32f10x_tim.o(i.TIM_ForcedOC2Config), (26 bytes).
    Removing stm32f10x_tim.o(i.TIM_ForcedOC3Config), (18 bytes).
    Removing stm32f10x_tim.o(i.TIM_ForcedOC4Config), (26 bytes).
    Removing stm32f10x_tim.o(i.TIM_GenerateEvent), (4 bytes).
    Removing stm32f10x_tim.o(i.TIM_GetCapture1), (6 bytes).
    Removing stm32f10x_tim.o(i.TIM_GetCapture2), (6 bytes).
    Removing stm32f10x_tim.o(i.TIM_GetCapture3), (6 bytes).
    Removing stm32f10x_tim.o(i.TIM_GetCapture4), (8 bytes).
    Removing stm32f10x_tim.o(i.TIM_GetCounter), (6 bytes).
    Removing stm32f10x_tim.o(i.TIM_GetFlagStatus), (18 bytes).
    Removing stm32f10x_tim.o(i.TIM_GetITStatus), (34 bytes).
    Removing stm32f10x_tim.o(i.TIM_GetPrescaler), (6 bytes).
    Removing stm32f10x_tim.o(i.TIM_ICInit), (172 bytes).
    Removing stm32f10x_tim.o(i.TIM_ICStructInit), (18 bytes).
    Removing stm32f10x_tim.o(i.TIM_ITConfig), (18 bytes).
    Removing stm32f10x_tim.o(i.TIM_ITRxExternalClockConfig), (24 bytes).
    Removing stm32f10x_tim.o(i.TIM_InternalClockConfig), (12 bytes).
    Removing stm32f10x_tim.o(i.TIM_OC1FastConfig), (18 bytes).
    Removing stm32f10x_tim.o(i.TIM_OC1Init), (152 bytes).
    Removing stm32f10x_tim.o(i.TIM_OC1NPolarityConfig), (18 bytes).
    Removing stm32f10x_tim.o(i.TIM_OC1PolarityConfig), (18 bytes).
    Removing stm32f10x_tim.o(i.TIM_OC1PreloadConfig), (18 bytes).
    Removing stm32f10x_tim.o(i.TIM_OC2FastConfig), (26 bytes).
    Removing stm32f10x_tim.o(i.TIM_OC2Init), (164 bytes).
    Removing stm32f10x_tim.o(i.TIM_OC2NPolarityConfig), (26 bytes).
    Removing stm32f10x_tim.o(i.TIM_OC2PolarityConfig), (26 bytes).
    Removing stm32f10x_tim.o(i.TIM_OC2PreloadConfig), (26 bytes).
    Removing stm32f10x_tim.o(i.TIM_OC3FastConfig), (18 bytes).
    Removing stm32f10x_tim.o(i.TIM_OC3Init), (160 bytes).
    Removing stm32f10x_tim.o(i.TIM_OC3NPolarityConfig), (26 bytes).
    Removing stm32f10x_tim.o(i.TIM_OC3PolarityConfig), (26 bytes).
    Removing stm32f10x_tim.o(i.TIM_OC3PreloadConfig), (18 bytes).
    Removing stm32f10x_tim.o(i.TIM_OC4FastConfig), (26 bytes).
    Removing stm32f10x_tim.o(i.TIM_OC4Init), (124 bytes).
    Removing stm32f10x_tim.o(i.TIM_OC4PolarityConfig), (26 bytes).
    Removing stm32f10x_tim.o(i.TIM_OC4PreloadConfig), (26 bytes).
    Removing stm32f10x_tim.o(i.TIM_OCStructInit), (20 bytes).
    Removing stm32f10x_tim.o(i.TIM_PWMIConfig), (124 bytes).
    Removing stm32f10x_tim.o(i.TIM_PrescalerConfig), (6 bytes).
    Removing stm32f10x_tim.o(i.TIM_SelectCCDMA), (24 bytes).
    Removing stm32f10x_tim.o(i.TIM_SelectCOM), (24 bytes).
    Removing stm32f10x_tim.o(i.TIM_SelectHallSensor), (24 bytes).
    Removing stm32f10x_tim.o(i.TIM_SelectInputTrigger), (18 bytes).
    Removing stm32f10x_tim.o(i.TIM_SelectMasterSlaveMode), (18 bytes).
    Removing stm32f10x_tim.o(i.TIM_SelectOCxM), (82 bytes).
    Removing stm32f10x_tim.o(i.TIM_SelectOnePulseMode), (18 bytes).
    Removing stm32f10x_tim.o(i.TIM_SelectOutputTrigger), (18 bytes).
    Removing stm32f10x_tim.o(i.TIM_SelectSlaveMode), (18 bytes).
    Removing stm32f10x_tim.o(i.TIM_SetAutoreload), (4 bytes).
    Removing stm32f10x_tim.o(i.TIM_SetClockDivision), (18 bytes).
    Removing stm32f10x_tim.o(i.TIM_SetCompare1), (4 bytes).
    Removing stm32f10x_tim.o(i.TIM_SetCompare2), (4 bytes).
    Removing stm32f10x_tim.o(i.TIM_SetCompare3), (4 bytes).
    Removing stm32f10x_tim.o(i.TIM_SetCompare4), (6 bytes).
    Removing stm32f10x_tim.o(i.TIM_SetCounter), (4 bytes).
    Removing stm32f10x_tim.o(i.TIM_SetIC1Prescaler), (18 bytes).
    Removing stm32f10x_tim.o(i.TIM_SetIC2Prescaler), (26 bytes).
    Removing stm32f10x_tim.o(i.TIM_SetIC3Prescaler), (18 bytes).
    Removing stm32f10x_tim.o(i.TIM_SetIC4Prescaler), (26 bytes).
    Removing stm32f10x_tim.o(i.TIM_TIxExternalClockConfig), (62 bytes).
    Removing stm32f10x_tim.o(i.TIM_TimeBaseInit), (164 bytes).
    Removing stm32f10x_tim.o(i.TIM_TimeBaseStructInit), (18 bytes).
    Removing stm32f10x_tim.o(i.TIM_UpdateDisableConfig), (24 bytes).
    Removing stm32f10x_tim.o(i.TIM_UpdateRequestConfig), (24 bytes).
    Removing stm32f10x_usart.o(i.USART_ClearFlag), (18 bytes).
    Removing stm32f10x_usart.o(i.USART_ClockStructInit), (12 bytes).
    Removing stm32f10x_usart.o(i.USART_HalfDuplexCmd), (24 bytes).
    Removing stm32f10x_usart.o(i.USART_IrDACmd), (24 bytes).
    Removing stm32f10x_usart.o(i.USART_IrDAConfig), (18 bytes).
    Removing stm32f10x_usart.o(i.USART_LINBreakDetectLengthConfig), (18 bytes).
    Removing stm32f10x_usart.o(i.USART_LINCmd), (24 bytes).
    Removing stm32f10x_usart.o(i.USART_OneBitMethodCmd), (24 bytes).
    Removing stm32f10x_usart.o(i.USART_OverSampling8Cmd), (22 bytes).
    Removing stm32f10x_usart.o(i.USART_ReceiverWakeUpCmd), (24 bytes).
    Removing stm32f10x_usart.o(i.USART_SendBreak), (10 bytes).
    Removing stm32f10x_usart.o(i.USART_SendData), (8 bytes).
    Removing stm32f10x_usart.o(i.USART_SetAddress), (18 bytes).
    Removing stm32f10x_usart.o(i.USART_SetGuardTime), (16 bytes).
    Removing stm32f10x_usart.o(i.USART_SetPrescaler), (16 bytes).
    Removing stm32f10x_usart.o(i.USART_SmartCardCmd), (24 bytes).
    Removing stm32f10x_usart.o(i.USART_SmartCardNACKCmd), (24 bytes).
    Removing stm32f10x_usart.o(i.USART_StructInit), (24 bytes).
    Removing stm32f10x_usart.o(i.USART_WakeUpConfig), (18 bytes).
    Removing startup_stm32f10x_md.o(HEAP), (512 bytes).
    Removing vl53l0x_api_core.o(i.VL53L0X_calc_dmax), (396 bytes).
    Removing vl53l0x_api_core.o(i.VL53L0X_calc_macro_period_ps), (22 bytes).
    Removing vl53l0x_api_core.o(i.VL53L0X_calc_sigma_estimate), (784 bytes).
    Removing vl53l0x_api_core.o(i.VL53L0X_calc_timeout_mclks), (52 bytes).
    Removing vl53l0x_api_core.o(i.VL53L0X_calc_timeout_us), (52 bytes).
    Removing vl53l0x_api_core.o(i.VL53L0X_decode_timeout), (14 bytes).
    Removing vl53l0x_api_core.o(i.VL53L0X_decode_vcsel_period), (12 bytes).
    Removing vl53l0x_api_core.o(i.VL53L0X_device_read_strobe), (82 bytes).
    Removing vl53l0x_api_core.o(i.VL53L0X_encode_timeout), (40 bytes).
    Removing vl53l0x_api_core.o(i.VL53L0X_encode_vcsel_period), (14 bytes).
    Removing vl53l0x_api_core.o(i.VL53L0X_get_info_from_device), (1346 bytes).
    Removing vl53l0x_api_core.o(i.VL53L0X_get_measurement_timing_budget_micro_seconds), (238 bytes).
    Removing vl53l0x_api_core.o(i.VL53L0X_get_pal_range_status), (564 bytes).
    Removing vl53l0x_api_core.o(i.VL53L0X_get_total_signal_rate), (40 bytes).
    Removing vl53l0x_api_core.o(i.VL53L0X_get_total_xtalk_rate), (58 bytes).
    Removing vl53l0x_api_core.o(i.VL53L0X_get_vcsel_pulse_period), (70 bytes).
    Removing vl53l0x_api_core.o(i.VL53L0X_isqrt), (44 bytes).
    Removing vl53l0x_api_core.o(i.VL53L0X_load_tuning_settings), (234 bytes).
    Removing vl53l0x_api_core.o(i.VL53L0X_measurement_poll_for_completion), (60 bytes).
    Removing vl53l0x_api_core.o(i.VL53L0X_quadrature_sum), (44 bytes).
    Removing vl53l0x_api_core.o(i.VL53L0X_reverse_bytes), (34 bytes).
    Removing vl53l0x_api_core.o(i.VL53L0X_set_measurement_timing_budget_micro_seconds), (294 bytes).
    Removing vl53l0x_api_core.o(i.VL53L0X_set_vcsel_pulse_period), (766 bytes).
    Removing vl53l0x_api_core.o(i.get_sequence_step_timeout), (290 bytes).
    Removing vl53l0x_api_core.o(i.set_sequence_step_timeout), (306 bytes).
    Removing vl53l0x_api_strings.o(i.VL53L0X_check_part_used), (80 bytes).
    Removing vl53l0x_api_strings.o(i.VL53L0X_get_device_error_string), (560 bytes).
    Removing vl53l0x_api_strings.o(i.VL53L0X_get_device_info), (188 bytes).
    Removing vl53l0x_api_strings.o(i.VL53L0X_get_limit_check_info), (252 bytes).
    Removing vl53l0x_api_strings.o(i.VL53L0X_get_pal_error_string), (716 bytes).
    Removing vl53l0x_api_strings.o(i.VL53L0X_get_pal_state_string), (244 bytes).
    Removing vl53l0x_api_strings.o(i.VL53L0X_get_range_status_string), (212 bytes).
    Removing vl53l0x_api_strings.o(i.VL53L0X_get_sequence_steps_info), (124 bytes).
    Removing vl53l0x_api.o(i.VL53L0X_CheckAndLoadInterruptSettings), (132 bytes).
    Removing vl53l0x_api.o(i.VL53L0X_ClearInterruptMask), (82 bytes).
    Removing vl53l0x_api.o(i.VL53L0X_DataInit), (428 bytes).
    Removing vl53l0x_api.o(i.VL53L0X_EnableInterruptMask), (8 bytes).
    Removing vl53l0x_api.o(i.VL53L0X_GetDeviceErrorStatus), (34 bytes).
    Removing vl53l0x_api.o(i.VL53L0X_GetDeviceErrorString), (22 bytes).
    Removing vl53l0x_api.o(i.VL53L0X_GetDeviceInfo), (22 bytes).
    Removing vl53l0x_api.o(i.VL53L0X_GetDeviceMode), (10 bytes).
    Removing vl53l0x_api.o(i.VL53L0X_GetDeviceParameters), (160 bytes).
    Removing vl53l0x_api.o(i.VL53L0X_GetDmaxCalParameters), (20 bytes).
    Removing vl53l0x_api.o(i.VL53L0X_GetFractionEnable), (34 bytes).
    Removing vl53l0x_api.o(i.VL53L0X_GetGpioConfig), (160 bytes).
    Removing vl53l0x_api.o(i.VL53L0X_GetHistogramMeasurementData), (8 bytes).
    Removing vl53l0x_api.o(i.VL53L0X_GetHistogramMode), (8 bytes).
    Removing vl53l0x_api.o(i.VL53L0X_GetInterMeasurementPeriodMilliSeconds), (62 bytes).
    Removing vl53l0x_api.o(i.VL53L0X_GetInterruptMaskStatus), (48 bytes).
    Removing vl53l0x_api.o(i.VL53L0X_GetInterruptThresholds), (66 bytes).
    Removing vl53l0x_api.o(i.VL53L0X_GetLimitCheckCurrent), (136 bytes).
    Removing vl53l0x_api.o(i.VL53L0X_GetLimitCheckEnable), (28 bytes).
    Removing vl53l0x_api.o(i.VL53L0X_GetLimitCheckInfo), (30 bytes).
    Removing vl53l0x_api.o(i.VL53L0X_GetLimitCheckStatus), (24 bytes).
    Removing vl53l0x_api.o(i.VL53L0X_GetLimitCheckValue), (182 bytes).
    Removing vl53l0x_api.o(i.VL53L0X_GetLinearityCorrectiveGain), (12 bytes).
    Removing vl53l0x_api.o(i.VL53L0X_GetMaxNumberOfROIZones), (10 bytes).
    Removing vl53l0x_api.o(i.VL53L0X_GetMeasurementDataReady), (86 bytes).
    Removing vl53l0x_api.o(i.VL53L0X_GetMeasurementRefSignal), (46 bytes).
    Removing vl53l0x_api.o(i.VL53L0X_GetMeasurementTimingBudgetMicroSeconds), (22 bytes).
    Removing vl53l0x_api.o(i.VL53L0X_GetNumberOfLimitCheck), (10 bytes).
    Removing vl53l0x_api.o(i.VL53L0X_GetNumberOfROIZones), (10 bytes).
    Removing vl53l0x_api.o(i.VL53L0X_GetNumberOfSequenceSteps), (10 bytes).
    Removing vl53l0x_api.o(i.VL53L0X_GetOffsetCalibrationDataMicroMeter), (22 bytes).
    Removing vl53l0x_api.o(i.VL53L0X_GetPalErrorString), (22 bytes).
    Removing vl53l0x_api.o(i.VL53L0X_GetPalSpecVersion), (24 bytes).
    Removing vl53l0x_api.o(i.VL53L0X_GetPalState), (12 bytes).
    Removing vl53l0x_api.o(i.VL53L0X_GetPalStateString), (22 bytes).
    Removing vl53l0x_api.o(i.VL53L0X_GetPowerMode), (48 bytes).
    Removing vl53l0x_api.o(i.VL53L0X_GetProductRevision), (38 bytes).
    Removing vl53l0x_api.o(i.VL53L0X_GetRangeStatusString), (22 bytes).
    Removing vl53l0x_api.o(i.VL53L0X_GetRangingMeasurementData), (366 bytes).
    Removing vl53l0x_api.o(i.VL53L0X_GetRefCalibration), (30 bytes).
    Removing vl53l0x_api.o(i.VL53L0X_GetReferenceSpads), (30 bytes).
    Removing vl53l0x_api.o(i.VL53L0X_GetSequenceStepEnable), (48 bytes).
    Removing vl53l0x_api.o(i.VL53L0X_GetSequenceStepEnables), (118 bytes).
    Removing vl53l0x_api.o(i.VL53L0X_GetSequenceStepTimeout), (56 bytes).
    Removing vl53l0x_api.o(i.VL53L0X_GetSequenceStepsInfo), (22 bytes).
    Removing vl53l0x_api.o(i.VL53L0X_GetSpadAmbientDamperFactor), (54 bytes).
    Removing vl53l0x_api.o(i.VL53L0X_GetSpadAmbientDamperThreshold), (48 bytes).
    Removing vl53l0x_api.o(i.VL53L0X_GetStopCompletedStatus), (154 bytes).
    Removing vl53l0x_api.o(i.VL53L0X_GetTotalSignalRate), (40 bytes).
    Removing vl53l0x_api.o(i.VL53L0X_GetTuningSettingBuffer), (20 bytes).
    Removing vl53l0x_api.o(i.VL53L0X_GetUpperLimitMilliMeter), (8 bytes).
    Removing vl53l0x_api.o(i.VL53L0X_GetVcselPulsePeriod), (30 bytes).
    Removing vl53l0x_api.o(i.VL53L0X_GetVersion), (24 bytes).
    Removing vl53l0x_api.o(i.VL53L0X_GetWrapAroundCheckEnable), (62 bytes).
    Removing vl53l0x_api.o(i.VL53L0X_GetXTalkCompensationEnable), (12 bytes).
    Removing vl53l0x_api.o(i.VL53L0X_GetXTalkCompensationRateMegaCps), (56 bytes).
    Removing vl53l0x_api.o(i.VL53L0X_PerformOffsetCalibration), (30 bytes).
    Removing vl53l0x_api.o(i.VL53L0X_PerformRefCalibration), (32 bytes).
    Removing vl53l0x_api.o(i.VL53L0X_PerformRefSpadManagement), (30 bytes).
    Removing vl53l0x_api.o(i.VL53L0X_PerformSingleHistogramMeasurement), (8 bytes).
    Removing vl53l0x_api.o(i.VL53L0X_PerformSingleMeasurement), (60 bytes).
    Removing vl53l0x_api.o(i.VL53L0X_PerformSingleRangingMeasurement), (56 bytes).
    Removing vl53l0x_api.o(i.VL53L0X_PerformXTalkCalibration), (30 bytes).
    Removing vl53l0x_api.o(i.VL53L0X_PerformXTalkMeasurement), (10 bytes).
    Removing vl53l0x_api.o(i.VL53L0X_ResetDevice), (102 bytes).
    Removing vl53l0x_api.o(i.VL53L0X_SetDeviceAddress), (24 bytes).
    Removing vl53l0x_api.o(i.VL53L0X_SetDeviceMode), (50 bytes).
    Removing vl53l0x_api.o(i.VL53L0X_SetDeviceParameters), (146 bytes).
    Removing vl53l0x_api.o(i.VL53L0X_SetDmaxCalParameters), (62 bytes).
    Removing vl53l0x_api.o(i.VL53L0X_SetGpioConfig), (358 bytes).
    Removing vl53l0x_api.o(i.VL53L0X_SetGroupParamHold), (8 bytes).
    Removing vl53l0x_api.o(i.VL53L0X_SetHistogramMode), (8 bytes).
    Removing vl53l0x_api.o(i.VL53L0X_SetInterMeasurementPeriodMilliSeconds), (60 bytes).
    Removing vl53l0x_api.o(i.VL53L0X_SetInterruptThresholds), (54 bytes).
    Removing vl53l0x_api.o(i.VL53L0X_SetLimitCheckEnable), (194 bytes).
    Removing vl53l0x_api.o(i.VL53L0X_SetLimitCheckValue), (118 bytes).
    Removing vl53l0x_api.o(i.VL53L0X_SetLinearityCorrectiveGain), (50 bytes).
    Removing vl53l0x_api.o(i.VL53L0X_SetMeasurementTimingBudgetMicroSeconds), (22 bytes).
    Removing vl53l0x_api.o(i.VL53L0X_SetNumberOfROIZones), (12 bytes).
    Removing vl53l0x_api.o(i.VL53L0X_SetOffsetCalibrationDataMicroMeter), (22 bytes).
    Removing vl53l0x_api.o(i.VL53L0X_SetPowerMode), (84 bytes).
    Removing vl53l0x_api.o(i.VL53L0X_SetRangeFractionEnable), (30 bytes).
    Removing vl53l0x_api.o(i.VL53L0X_SetRefCalibration), (30 bytes).
    Removing vl53l0x_api.o(i.VL53L0X_SetReferenceSpads), (30 bytes).
    Removing vl53l0x_api.o(i.VL53L0X_SetSequenceStepEnable), (196 bytes).
    Removing vl53l0x_api.o(i.VL53L0X_SetSequenceStepTimeout), (110 bytes).
    Removing vl53l0x_api.o(i.VL53L0X_SetSpadAmbientDamperFactor), (54 bytes).
    Removing vl53l0x_api.o(i.VL53L0X_SetSpadAmbientDamperThreshold), (48 bytes).
    Removing vl53l0x_api.o(i.VL53L0X_SetTuningSettingBuffer), (40 bytes).
    Removing vl53l0x_api.o(i.VL53L0X_SetVcselPulsePeriod), (30 bytes).
    Removing vl53l0x_api.o(i.VL53L0X_SetWrapAroundCheckEnable), (80 bytes).
    Removing vl53l0x_api.o(i.VL53L0X_SetXTalkCompensationEnable), (62 bytes).
    Removing vl53l0x_api.o(i.VL53L0X_SetXTalkCompensationRateMegaCps), (64 bytes).
    Removing vl53l0x_api.o(i.VL53L0X_StartMeasurement), (268 bytes).
    Removing vl53l0x_api.o(i.VL53L0X_StaticInit), (416 bytes).
    Removing vl53l0x_api.o(i.VL53L0X_StopMeasurement), (102 bytes).
    Removing vl53l0x_api.o(i.VL53L0X_WaitDeviceBooted), (8 bytes).
    Removing vl53l0x_api.o(i.VL53L0X_WaitDeviceReadyForNewMeasurement), (8 bytes).
    Removing vl53l0x_api.o(i.sequence_step_enabled), (72 bytes).
    Removing vl53l0x_api.o(.data), (681 bytes).
    Removing vl53l0x_api_calibration.o(i.VL53L0X_apply_offset_adjustment), (58 bytes).
    Removing vl53l0x_api_calibration.o(i.VL53L0X_get_offset_calibration_data_micro_meter), (86 bytes).
    Removing vl53l0x_api_calibration.o(i.VL53L0X_get_ref_calibration), (48 bytes).
    Removing vl53l0x_api_calibration.o(i.VL53L0X_get_reference_spads), (120 bytes).
    Removing vl53l0x_api_calibration.o(i.VL53L0X_perform_offset_calibration), (228 bytes).
    Removing vl53l0x_api_calibration.o(i.VL53L0X_perform_phase_calibration), (124 bytes).
    Removing vl53l0x_api_calibration.o(i.VL53L0X_perform_ref_calibration), (76 bytes).
    Removing vl53l0x_api_calibration.o(i.VL53L0X_perform_ref_spad_management), (658 bytes).
    Removing vl53l0x_api_calibration.o(i.VL53L0X_perform_single_ref_calibration), (64 bytes).
    Removing vl53l0x_api_calibration.o(i.VL53L0X_perform_vhv_calibration), (126 bytes).
    Removing vl53l0x_api_calibration.o(i.VL53L0X_perform_xtalk_calibration), (296 bytes).
    Removing vl53l0x_api_calibration.o(i.VL53L0X_ref_calibration_io), (176 bytes).
    Removing vl53l0x_api_calibration.o(i.VL53L0X_set_offset_calibration_data_micro_meter), (84 bytes).
    Removing vl53l0x_api_calibration.o(i.VL53L0X_set_ref_calibration), (46 bytes).
    Removing vl53l0x_api_calibration.o(i.VL53L0X_set_reference_spads), (194 bytes).
    Removing vl53l0x_api_calibration.o(i.count_enabled_spads), (180 bytes).
    Removing vl53l0x_api_calibration.o(i.enable_ref_spads), (172 bytes).
    Removing vl53l0x_api_calibration.o(i.enable_spad_bit), (50 bytes).
    Removing vl53l0x_api_calibration.o(i.get_next_good_spad), (104 bytes).
    Removing vl53l0x_api_calibration.o(i.get_ref_spad_map), (24 bytes).
    Removing vl53l0x_api_calibration.o(i.is_aperture), (24 bytes).
    Removing vl53l0x_api_calibration.o(i.perform_ref_signal_measurement), (110 bytes).
    Removing vl53l0x_api_calibration.o(i.set_ref_spad_map), (24 bytes).
    Removing vl53l0x_api_calibration.o(.data), (16 bytes).
    Removing vl53l0x_platform.o(i.VL53L0X_PollingDelay), (26 bytes).
    Removing vl53l0x_platform.o(i.VL53L0X_RdByte), (44 bytes).
    Removing vl53l0x_platform.o(i.VL53L0X_RdDWord), (54 bytes).
    Removing vl53l0x_platform.o(i.VL53L0X_RdWord), (56 bytes).
    Removing vl53l0x_platform.o(i.VL53L0X_ReadMulti), (54 bytes).
    Removing vl53l0x_platform.o(i.VL53L0X_UpdateByte), (82 bytes).
    Removing vl53l0x_platform.o(i.VL53L0X_WrByte), (44 bytes).
    Removing vl53l0x_platform.o(i.VL53L0X_WrDWord), (48 bytes).
    Removing vl53l0x_platform.o(i.VL53L0X_WrWord), (54 bytes).
    Removing vl53l0x_platform.o(i.VL53L0X_WriteMulti), (60 bytes).
    Removing fadd.o(.text), (176 bytes).
    Removing dadd.o(.text), (334 bytes).
    Removing dmul.o(.text), (228 bytes).
    Removing ffltui.o(.text), (10 bytes).
    Removing dflti.o(.text), (34 bytes).
    Removing ffixui.o(.text), (40 bytes).
    Removing f2d.o(.text), (38 bytes).
    Removing cdcmple.o(.text), (48 bytes).
    Removing cdrcmple.o(.text), (48 bytes).
    Removing d2f.o(.text), (56 bytes).
    Removing cfrcmple.o(.text), (20 bytes).
    Removing depilogue.o(.text), (186 bytes).
    Removing ddiv.o(.text), (222 bytes).
    Removing dscalb.o(.text), (46 bytes).
    Removing dsqrt.o(.text), (162 bytes).
    Removing mymath.o(i.SWAP_8x8), (16 bytes).
    Removing mymath.o(i.SWAP32), (24 bytes).

545 unused section(s) (total 51092 bytes) removed from the image.

==============================================================================

Image Symbol Table

    Local Symbols

    Symbol Name                              Value     Ov Type        Size  Object(Section)

    ../clib/microlib/errno.c                 0x00000000   Number         0  errno.o ABSOLUTE
    ../clib/microlib/init/entry.s            0x00000000   Number         0  entry5.o ABSOLUTE
    ../clib/microlib/init/entry.s            0x00000000   Number         0  entry.o ABSOLUTE
    ../clib/microlib/init/entry.s            0x00000000   Number         0  entry11b.o ABSOLUTE
    ../clib/microlib/init/entry.s            0x00000000   Number         0  entry11a.o ABSOLUTE
    ../clib/microlib/init/entry.s            0x00000000   Number         0  entry10b.o ABSOLUTE
    ../clib/microlib/init/entry.s            0x00000000   Number         0  entry10a.o ABSOLUTE
    ../clib/microlib/init/entry.s            0x00000000   Number         0  entry9b.o ABSOLUTE
    ../clib/microlib/init/entry.s            0x00000000   Number         0  entry9a.o ABSOLUTE
    ../clib/microlib/init/entry.s            0x00000000   Number         0  entry2.o ABSOLUTE
    ../clib/microlib/init/entry.s            0x00000000   Number         0  entry7a.o ABSOLUTE
    ../clib/microlib/init/entry.s            0x00000000   Number         0  entry8a.o ABSOLUTE
    ../clib/microlib/init/entry.s            0x00000000   Number         0  entry8b.o ABSOLUTE
    ../clib/microlib/init/entry.s            0x00000000   Number         0  entry7b.o ABSOLUTE
    ../clib/microlib/longlong.c              0x00000000   Number         0  llsshr.o ABSOLUTE
    ../clib/microlib/longlong.c              0x00000000   Number         0  llshl.o ABSOLUTE
    ../clib/microlib/longlong.c              0x00000000   Number         0  llushr.o ABSOLUTE
    ../clib/microlib/string/memcpy.c         0x00000000   Number         0  memcpya.o ABSOLUTE
    ../clib/microlib/string/memcpy.c         0x00000000   Number         0  memcpyb.o ABSOLUTE
    ../clib/microlib/string/memset.c         0x00000000   Number         0  memseta.o ABSOLUTE
    ../clib/microlib/string/strcpy.c         0x00000000   Number         0  strcpy.o ABSOLUTE
    ../clib/microlib/stubs.s                 0x00000000   Number         0  iusefp.o ABSOLUTE
    ../fplib/microlib/d2f.c                  0x00000000   Number         0  d2f.o ABSOLUTE
    ../fplib/microlib/f2d.c                  0x00000000   Number         0  f2d.o ABSOLUTE
    ../fplib/microlib/fpadd.c                0x00000000   Number         0  fadd.o ABSOLUTE
    ../fplib/microlib/fpadd.c                0x00000000   Number         0  dadd.o ABSOLUTE
    ../fplib/microlib/fpdiv.c                0x00000000   Number         0  fdiv.o ABSOLUTE
    ../fplib/microlib/fpdiv.c                0x00000000   Number         0  ddiv.o ABSOLUTE
    ../fplib/microlib/fpepilogue.c           0x00000000   Number         0  depilogue.o ABSOLUTE
    ../fplib/microlib/fpepilogue.c           0x00000000   Number         0  fepilogue.o ABSOLUTE
    ../fplib/microlib/fpfix.c                0x00000000   Number         0  ffixui.o ABSOLUTE
    ../fplib/microlib/fpfix.c                0x00000000   Number         0  ffixi.o ABSOLUTE
    ../fplib/microlib/fpflt.c                0x00000000   Number         0  fflti.o ABSOLUTE
    ../fplib/microlib/fpflt.c                0x00000000   Number         0  dflti.o ABSOLUTE
    ../fplib/microlib/fpflt.c                0x00000000   Number         0  ffltui.o ABSOLUTE
    ../fplib/microlib/fpmul.c                0x00000000   Number         0  dmul.o ABSOLUTE
    ../fplib/microlib/fpmul.c                0x00000000   Number         0  fmul.o ABSOLUTE
    ../fplib/microlib/fpscalb.c              0x00000000   Number         0  dscalb.o ABSOLUTE
    ../fplib/microlib/fpsqrt.c               0x00000000   Number         0  dsqrt.o ABSOLUTE
    ../mathlib/asin.c                        0x00000000   Number         0  asin.o ABSOLUTE
    ../mathlib/asin.c                        0x00000000   Number         0  asin_x.o ABSOLUTE
    ../mathlib/dunder.c                      0x00000000   Number         0  dunder.o ABSOLUTE
    ../mathlib/fpclassify.c                  0x00000000   Number         0  fpclassify.o ABSOLUTE
    ../mathlib/poly.c                        0x00000000   Number         0  poly.o ABSOLUTE
    ../mathlib/sqrt.c                        0x00000000   Number         0  sqrt_x.o ABSOLUTE
    ../mathlib/sqrt.c                        0x00000000   Number         0  sqrt.o ABSOLUTE
    ANO_Settler\ANO_Data.c                   0x00000000   Number         0  ano_data.o ABSOLUTE
    ANO_Settler\ANO_Data_Transfer.c          0x00000000   Number         0  ano_data_transfer.o ABSOLUTE
    ANO_Settler\ANO_Init.c                   0x00000000   Number         0  ano_init.o ABSOLUTE
    ANO_Settler\ANO_PID.c                    0x00000000   Number         0  ano_pid.o ABSOLUTE
    ANO_Settler\ANO_Param.c                  0x00000000   Number         0  ano_param.o ABSOLUTE
    ANO_Settler\filter.c                     0x00000000   Number         0  filter.o ABSOLUTE
    ANO_Settler\imu.c                        0x00000000   Number         0  imu.o ABSOLUTE
    ANO_Settler\loop.c                       0x00000000   Number         0  loop.o ABSOLUTE
    ANO_Settler\main.c                       0x00000000   Number         0  main.o ABSOLUTE
    Driver\ANO_Drv_Flash.c                   0x00000000   Number         0  ano_drv_flash.o ABSOLUTE
    Driver\ANO_Drv_LED.c                     0x00000000   Number         0  ano_drv_led.o ABSOLUTE
    Driver\ANO_Drv_MPU6050.c                 0x00000000   Number         0  ano_drv_mpu6050.o ABSOLUTE
    Driver\ANO_Drv_SPI.c                     0x00000000   Number         0  ano_drv_spi.o ABSOLUTE
    Driver\ANO_Drv_Uart.c                    0x00000000   Number         0  ano_drv_uart.o ABSOLUTE
    Driver\ANO_Drv_Uart3.c                   0x00000000   Number         0  ano_drv_uart3.o ABSOLUTE
    Driver\DL_LN3X.c                         0x00000000   Number         0  dl_ln3x.o ABSOLUTE
    Driver\POSE_Drv_MPU9250.c                0x00000000   Number         0  pose_drv_mpu9250.o ABSOLUTE
    Driver\VL53L0X\core\src\vl53l0x_api.c    0x00000000   Number         0  vl53l0x_api.o ABSOLUTE
    Driver\VL53L0X\core\src\vl53l0x_api_calibration.c 0x00000000   Number         0  vl53l0x_api_calibration.o ABSOLUTE
    Driver\VL53L0X\core\src\vl53l0x_api_core.c 0x00000000   Number         0  vl53l0x_api_core.o ABSOLUTE
    Driver\VL53L0X\core\src\vl53l0x_api_ranging.c 0x00000000   Number         0  vl53l0x_api_ranging.o ABSOLUTE
    Driver\VL53L0X\core\src\vl53l0x_api_strings.c 0x00000000   Number         0  vl53l0x_api_strings.o ABSOLUTE
    Driver\VL53L0X\platform\src\vl53l0x_platform.c 0x00000000   Number         0  vl53l0x_platform.o ABSOLUTE
    Driver\bsp_SysTick.c                     0x00000000   Number         0  bsp_systick.o ABSOLUTE
    Driver\i2c_soft.c                        0x00000000   Number         0  i2c_soft.o ABSOLUTE
    Driver\ms5611.c                          0x00000000   Number         0  ms5611.o ABSOLUTE
    Driver\mymath.c                          0x00000000   Number         0  mymath.o ABSOLUTE
    Driver\stm32f10x_it.c                    0x00000000   Number         0  stm32f10x_it.o ABSOLUTE
    Driver\time.c                            0x00000000   Number         0  time.o ABSOLUTE
    Driver\vl53l0x.c                         0x00000000   Number         0  vl53l0x.o ABSOLUTE
    STM32_LIB\CMSIS\core_cm3.c               0x00000000   Number         0  core_cm3.o ABSOLUTE
    STM32_LIB\CMSIS\startup_stm32f10x_md.s   0x00000000   Number         0  startup_stm32f10x_md.o ABSOLUTE
    STM32_LIB\CMSIS\system_stm32f10x.c       0x00000000   Number         0  system_stm32f10x.o ABSOLUTE
    STM32_LIB\LIB\src\misc.c                 0x00000000   Number         0  misc.o ABSOLUTE
    STM32_LIB\LIB\src\stm32f10x_adc.c        0x00000000   Number         0  stm32f10x_adc.o ABSOLUTE
    STM32_LIB\LIB\src\stm32f10x_dma.c        0x00000000   Number         0  stm32f10x_dma.o ABSOLUTE
    STM32_LIB\LIB\src\stm32f10x_exti.c       0x00000000   Number         0  stm32f10x_exti.o ABSOLUTE
    STM32_LIB\LIB\src\stm32f10x_flash.c      0x00000000   Number         0  stm32f10x_flash.o ABSOLUTE
    STM32_LIB\LIB\src\stm32f10x_gpio.c       0x00000000   Number         0  stm32f10x_gpio.o ABSOLUTE
    STM32_LIB\LIB\src\stm32f10x_rcc.c        0x00000000   Number         0  stm32f10x_rcc.o ABSOLUTE
    STM32_LIB\LIB\src\stm32f10x_spi.c        0x00000000   Number         0  stm32f10x_spi.o ABSOLUTE
    STM32_LIB\LIB\src\stm32f10x_tim.c        0x00000000   Number         0  stm32f10x_tim.o ABSOLUTE
    STM32_LIB\LIB\src\stm32f10x_usart.c      0x00000000   Number         0  stm32f10x_usart.o ABSOLUTE
    STM32_LIB\\CMSIS\\core_cm3.c             0x00000000   Number         0  core_cm3.o ABSOLUTE
    cdcmple.s                                0x00000000   Number         0  cdcmple.o ABSOLUTE
    cdrcmple.s                               0x00000000   Number         0  cdrcmple.o ABSOLUTE
    cfcmple.s                                0x00000000   Number         0  cfcmple.o ABSOLUTE
    cfrcmple.s                               0x00000000   Number         0  cfrcmple.o ABSOLUTE
    dc.s                                     0x00000000   Number         0  dc.o ABSOLUTE
    handlers.s                               0x00000000   Number         0  handlers.o ABSOLUTE
    init.s                                   0x00000000   Number         0  init.o ABSOLUTE
    RESET                                    0x08000000   Section      236  startup_stm32f10x_md.o(RESET)
    .ARM.Collect$$$$00000000                 0x080000ec   Section        0  entry.o(.ARM.Collect$$$$00000000)
    .ARM.Collect$$$$00000001                 0x080000ec   Section        4  entry2.o(.ARM.Collect$$$$00000001)
    .ARM.Collect$$$$00000004                 0x080000f0   Section        4  entry5.o(.ARM.Collect$$$$00000004)
    .ARM.Collect$$$$00000008                 0x080000f4   Section        0  entry7b.o(.ARM.Collect$$$$00000008)
    .ARM.Collect$$$$0000000A                 0x080000f4   Section        0  entry8b.o(.ARM.Collect$$$$0000000A)
    .ARM.Collect$$$$0000000B                 0x080000f4   Section        8  entry9a.o(.ARM.Collect$$$$0000000B)
    .ARM.Collect$$$$0000000D                 0x080000fc   Section        0  entry10a.o(.ARM.Collect$$$$0000000D)
    .ARM.Collect$$$$0000000F                 0x080000fc   Section        0  entry11a.o(.ARM.Collect$$$$0000000F)
    .ARM.Collect$$$$00002712                 0x080000fc   Section        4  entry2.o(.ARM.Collect$$$$00002712)
    __lit__00000000                          0x080000fc   Data           4  entry2.o(.ARM.Collect$$$$00002712)
    .text                                    0x08000100   Section       36  startup_stm32f10x_md.o(.text)
    .text                                    0x08000124   Section        0  memcpya.o(.text)
    .text                                    0x08000148   Section        0  fmul.o(.text)
    .text                                    0x080001ac   Section        0  fdiv.o(.text)
    .text                                    0x08000228   Section        0  fflti.o(.text)
    .text                                    0x0800023a   Section        0  ffixi.o(.text)
    .text                                    0x0800026c   Section       20  cfcmple.o(.text)
    .text                                    0x08000280   Section        0  fepilogue.o(.text)
    .text                                    0x08000280   Section        0  iusefp.o(.text)
    .text                                    0x080002f0   Section       36  init.o(.text)
    i.ANO_DT_Data_Exchange                   0x08000314   Section        0  ano_data_transfer.o(i.ANO_DT_Data_Exchange)
    i.ANO_DT_Data_Receive_Anl                0x08000434   Section        0  ano_data_transfer.o(i.ANO_DT_Data_Receive_Anl)
    i.ANO_DT_Data_Receive_Prepare            0x0800057c   Section        0  ano_data_transfer.o(i.ANO_DT_Data_Receive_Prepare)
    i.ANO_DT_Send_Check                      0x08000664   Section        0  ano_data_transfer.o(i.ANO_DT_Send_Check)
    ANO_DT_Send_Check                        0x08000665   Thumb Code    62  ano_data_transfer.o(i.ANO_DT_Send_Check)
    i.ANO_DT_Send_Data                       0x080006a8   Section        0  ano_data_transfer.o(i.ANO_DT_Send_Data)
    i.ANO_DT_Send_Status                     0x080006bc   Section        0  ano_data_transfer.o(i.ANO_DT_Send_Status)
    i.ANO_DT_Send_User                       0x08000800   Section        0  ano_data_transfer.o(i.ANO_DT_Send_User)
    i.ANO_UART3_DeInit                       0x08000af0   Section        0  ano_drv_uart3.o(i.ANO_UART3_DeInit)
    i.ANO_UART3_IRQ                          0x08000b1c   Section        0  ano_drv_uart3.o(i.ANO_UART3_IRQ)
    i.ANO_UART3_Init                         0x08000b80   Section        0  ano_drv_uart3.o(i.ANO_UART3_Init)
    i.ANO_Uart1_DeInit                       0x08000cd0   Section        0  ano_drv_uart.o(i.ANO_Uart1_DeInit)
    i.ANO_Uart1_IRQ                          0x08000cfc   Section        0  ano_drv_uart.o(i.ANO_Uart1_IRQ)
    i.ANO_Uart1_Init                         0x08000d84   Section        0  ano_drv_uart.o(i.ANO_Uart1_Init)
    i.ANO_Uart1_Send                         0x08000e58   Section        0  ano_drv_uart.o(i.ANO_Uart1_Send)
    i.DL_DT_Data_Exchange                    0x08000ea4   Section        0  dl_ln3x.o(i.DL_DT_Data_Exchange)
    i.DL_DT_Data_Receive_Anl                 0x08000fd0   Section        0  dl_ln3x.o(i.DL_DT_Data_Receive_Anl)
    i.DL_DT_Data_Receive_Prepare             0x08001238   Section        0  dl_ln3x.o(i.DL_DT_Data_Receive_Prepare)
    i.DL_DT_Send_CALIBRATE1                  0x08001344   Section        0  dl_ln3x.o(i.DL_DT_Send_CALIBRATE1)
    i.DL_DT_Send_CALIBRATE2                  0x08001504   Section        0  dl_ln3x.o(i.DL_DT_Send_CALIBRATE2)
    i.DL_DT_Send_ConfigCommand               0x08001664   Section        0  dl_ln3x.o(i.DL_DT_Send_ConfigCommand)
    i.DL_DT_Send_Data                        0x080016f8   Section        0  dl_ln3x.o(i.DL_DT_Send_Data)
    i.DL_DT_Send_ReadCommand                 0x0800170c   Section        0  dl_ln3x.o(i.DL_DT_Send_ReadCommand)
    i.DL_LN3X_Check                          0x0800176c   Section        0  dl_ln3x.o(i.DL_LN3X_Check)
    i.DMA1_Channel2_IRQHandler               0x08001840   Section        0  ano_drv_uart3.o(i.DMA1_Channel2_IRQHandler)
    i.DMA_ClearITPendingBit                  0x08001870   Section        0  stm32f10x_dma.o(i.DMA_ClearITPendingBit)
    i.DMA_Cmd                                0x0800188c   Section        0  stm32f10x_dma.o(i.DMA_Cmd)
    i.DMA_DeInit                             0x080018a4   Section        0  stm32f10x_dma.o(i.DMA_DeInit)
    i.DMA_GetITStatus                        0x080019f0   Section        0  stm32f10x_dma.o(i.DMA_GetITStatus)
    i.DMA_ITConfig                           0x08001a1c   Section        0  stm32f10x_dma.o(i.DMA_ITConfig)
    i.DMA_Init                               0x08001a2e   Section        0  stm32f10x_dma.o(i.DMA_Init)
    i.DMA_SetCurrDataCounter                 0x08001a6a   Section        0  stm32f10x_dma.o(i.DMA_SetCurrDataCounter)
    i.Delay_ms                               0x08001a6e   Section        0  bsp_systick.o(i.Delay_ms)
    i.Delay_us                               0x08001a88   Section        0  bsp_systick.o(i.Delay_us)
    i.Duty_10ms                              0x08001aa0   Section        0  loop.o(i.Duty_10ms)
    i.Duty_20ms                              0x08001aa2   Section        0  loop.o(i.Duty_20ms)
    i.Duty_2ms                               0x08001aa4   Section        0  loop.o(i.Duty_2ms)
    i.Duty_50ms                              0x08001acc   Section        0  loop.o(i.Duty_50ms)
    i.Duty_6ms                               0x08001ad4   Section        0  loop.o(i.Duty_6ms)
    i.GPIO_Init                              0x08001af8   Section        0  stm32f10x_gpio.o(i.GPIO_Init)
    i.GetSysTime_us                          0x08001c10   Section        0  bsp_systick.o(i.GetSysTime_us)
    i.Loop_check                             0x08001c54   Section        0  loop.o(i.Loop_check)
    i.NVIC_Init                              0x08001cb4   Section        0  misc.o(i.NVIC_Init)
    i.NVIC_PriorityGroupConfig               0x08001d24   Section        0  misc.o(i.NVIC_PriorityGroupConfig)
    i.POSE_LED_0_ON                          0x08001d38   Section        0  ano_drv_led.o(i.POSE_LED_0_ON)
    i.RCC_AHBPeriphClockCmd                  0x08001d48   Section        0  stm32f10x_rcc.o(i.RCC_AHBPeriphClockCmd)
    i.RCC_APB1PeriphClockCmd                 0x08001d68   Section        0  stm32f10x_rcc.o(i.RCC_APB1PeriphClockCmd)
    i.RCC_APB1PeriphResetCmd                 0x08001d88   Section        0  stm32f10x_rcc.o(i.RCC_APB1PeriphResetCmd)
    i.RCC_APB2PeriphClockCmd                 0x08001da8   Section        0  stm32f10x_rcc.o(i.RCC_APB2PeriphClockCmd)
    i.RCC_APB2PeriphResetCmd                 0x08001dc8   Section        0  stm32f10x_rcc.o(i.RCC_APB2PeriphResetCmd)
    i.RCC_GetClocksFreq                      0x08001de8   Section        0  stm32f10x_rcc.o(i.RCC_GetClocksFreq)
    i.SetSysClock                            0x08001ebc   Section        0  system_stm32f10x.o(i.SetSysClock)
    SetSysClock                              0x08001ebd   Thumb Code     8  system_stm32f10x.o(i.SetSysClock)
    i.SetSysClockTo72                        0x08001ec4   Section        0  system_stm32f10x.o(i.SetSysClockTo72)
    SetSysClockTo72                          0x08001ec5   Thumb Code   214  system_stm32f10x.o(i.SetSysClockTo72)
    i.SysTick_Handler                        0x08001fa4   Section        0  stm32f10x_it.o(i.SysTick_Handler)
    i.SysTick_IRQ                            0x08001fac   Section        0  bsp_systick.o(i.SysTick_IRQ)
    i.SystemInit                             0x08001fc8   Section        0  system_stm32f10x.o(i.SystemInit)
    i.USART1_IRQHandler                      0x08002028   Section        0  stm32f10x_it.o(i.USART1_IRQHandler)
    i.USART3_IRQHandler                      0x08002030   Section        0  stm32f10x_it.o(i.USART3_IRQHandler)
    i.USART_ClearITPendingBit                0x08002038   Section        0  stm32f10x_usart.o(i.USART_ClearITPendingBit)
    i.USART_ClockInit                        0x08002056   Section        0  stm32f10x_usart.o(i.USART_ClockInit)
    i.USART_Cmd                              0x08002078   Section        0  stm32f10x_usart.o(i.USART_Cmd)
    i.USART_DMACmd                           0x08002090   Section        0  stm32f10x_usart.o(i.USART_DMACmd)
    i.USART_DeInit                           0x080020a4   Section        0  stm32f10x_usart.o(i.USART_DeInit)
    i.USART_GetFlagStatus                    0x08002140   Section        0  stm32f10x_usart.o(i.USART_GetFlagStatus)
    i.USART_GetITStatus                      0x0800215a   Section        0  stm32f10x_usart.o(i.USART_GetITStatus)
    i.USART_ITConfig                         0x080021ae   Section        0  stm32f10x_usart.o(i.USART_ITConfig)
    i.USART_Init                             0x080021f8   Section        0  stm32f10x_usart.o(i.USART_Init)
    i.USART_ReceiveData                      0x080022d0   Section        0  stm32f10x_usart.o(i.USART_ReceiveData)
    i.Uart3_Tx                               0x080022dc   Section        0  ano_drv_uart3.o(i.Uart3_Tx)
    i.__scatterload_copy                     0x0800231c   Section       14  handlers.o(i.__scatterload_copy)
    i.__scatterload_null                     0x0800232a   Section        2  handlers.o(i.__scatterload_null)
    i.__scatterload_zeroinit                 0x0800232c   Section       14  handlers.o(i.__scatterload_zeroinit)
    i.cycleCounterInit                       0x0800233c   Section        0  bsp_systick.o(i.cycleCounterInit)
    i.main                                   0x08002360   Section        0  main.o(i.main)
    i.main_loop                              0x0800236c   Section        0  loop.o(i.main_loop)
    i.sys_init                               0x080023e8   Section        0  ano_init.o(i.sys_init)
    i.sys_time                               0x08002478   Section        0  time.o(i.sys_time)
    .data                                    0x20000000   Section       16  ano_data.o(.data)
    .data                                    0x20000010   Section       13  ano_data_transfer.o(.data)
    cnt                                      0x20000010   Data           2  ano_data_transfer.o(.data)
    senser_cnt                               0x20000012   Data           2  ano_data_transfer.o(.data)
    senser2_cnt                              0x20000014   Data           2  ano_data_transfer.o(.data)
    user_cnt                                 0x20000016   Data           2  ano_data_transfer.o(.data)
    status_cnt                               0x20000018   Data           2  ano_data_transfer.o(.data)
    _data_len                                0x2000001a   Data           1  ano_data_transfer.o(.data)
    _data_cnt                                0x2000001b   Data           1  ano_data_transfer.o(.data)
    state                                    0x2000001c   Data           1  ano_data_transfer.o(.data)
    .data                                    0x20000020   Section       60  imu.o(.data)
    yaw_correct                              0x20000054   Data           4  imu.o(.data)
    yaw_mag                                  0x20000058   Data           4  imu.o(.data)
    .data                                    0x2000005c   Section        2  ano_drv_uart.o(.data)
    .data                                    0x2000005e   Section        1  ano_drv_uart3.o(.data)
    Flag_Tx_Uart3_Busy                       0x2000005e   Data           1  ano_drv_uart3.o(.data)
    .data                                    0x20000060   Section        8  bsp_systick.o(.data)
    .data                                    0x20000068   Section        8  time.o(.data)
    .data                                    0x20000070   Section       38  pose_drv_mpu9250.o(.data)
    MagMAX                                   0x2000007c   Data          12  pose_drv_mpu9250.o(.data)
    MagMIN                                   0x20000088   Data          12  pose_drv_mpu9250.o(.data)
    cnt_m                                    0x20000094   Data           2  pose_drv_mpu9250.o(.data)
    .data                                    0x20000098   Section       27  dl_ln3x.o(.data)
    cnt                                      0x200000aa   Data           1  dl_ln3x.o(.data)
    senser_cnt                               0x200000ab   Data           1  dl_ln3x.o(.data)
    user_cnt                                 0x200000ac   Data           1  dl_ln3x.o(.data)
    status_cnt                               0x200000ad   Data           1  dl_ln3x.o(.data)
    speed_cnt                                0x200000ae   Data           1  dl_ln3x.o(.data)
    _data_len                                0x200000af   Data           1  dl_ln3x.o(.data)
    _data_cnt                                0x200000b0   Data           1  dl_ln3x.o(.data)
    state                                    0x200000b1   Data           1  dl_ln3x.o(.data)
    DL_change                                0x200000b2   Data           1  dl_ln3x.o(.data)
    .data                                    0x200000b4   Section       61  vl53l0x.o(.data)
    .data                                    0x200000f4   Section       20  system_stm32f10x.o(.data)
    .data                                    0x20000108   Section       20  stm32f10x_rcc.o(.data)
    APBAHBPrescTable                         0x20000108   Data          16  stm32f10x_rcc.o(.data)
    ADCPrescTable                            0x20000118   Data           4  stm32f10x_rcc.o(.data)
    .bss                                     0x2000011c   Section       60  loop.o(.bss)
    .bss                                     0x20000158   Section      119  ano_data_transfer.o(.bss)
    data_to_send                             0x2000016b   Data          50  ano_data_transfer.o(.bss)
    RxBuffer                                 0x2000019d   Data          50  ano_data_transfer.o(.bss)
    .bss                                     0x200001cf   Section      256  ano_drv_uart.o(.bss)
    .bss                                     0x200002cf   Section      128  ano_drv_uart3.o(.bss)
    Usart3_TxBuffer                          0x200002cf   Data         128  ano_drv_uart3.o(.bss)
    .bss                                     0x20000350   Section      444  pose_drv_mpu9250.o(.bss)
    MagSum                                   0x20000500   Data          12  pose_drv_mpu9250.o(.bss)
    .bss                                     0x2000050c   Section      119  dl_ln3x.o(.bss)
    data_to_send                             0x2000050c   Data          50  dl_ln3x.o(.bss)
    RxBuffer                                 0x20000551   Data          50  dl_ln3x.o(.bss)
    .bss                                     0x20000584   Section       56  ms5611.o(.bss)
    STACK                                    0x200005c0   Section     1024  startup_stm32f10x_md.o(STACK)

    Global Symbols

    Symbol Name                              Value     Ov Type        Size  Object(Section)

    BuildAttributes$$THM_ISAv4$P$D$K$B$S$PE$A:L22UL41UL21$X:L11$S22US41US21$IEEE1$IW$USESV6$~STKCKD$USESV7$~SHL$OTIME$ROPI$IEEEX$EBA8$MICROLIB$REQ8$PRES8$EABIv2 0x00000000   Number         0  anon$$obj.o ABSOLUTE
    __ARM_use_no_argv                        0x00000000   Number         0  main.o ABSOLUTE
    __cpp_initialize__aeabi_                  - Undefined Weak Reference
    __cxa_finalize                            - Undefined Weak Reference
    __decompress                              - Undefined Weak Reference
    _clock_init                               - Undefined Weak Reference
    _microlib_exit                            - Undefined Weak Reference
    __Vectors_Size                           0x000000ec   Number         0  startup_stm32f10x_md.o ABSOLUTE
    __Vectors                                0x08000000   Data           4  startup_stm32f10x_md.o(RESET)
    __Vectors_End                            0x080000ec   Data           0  startup_stm32f10x_md.o(RESET)
    __main                                   0x080000ed   Thumb Code     0  entry.o(.ARM.Collect$$$$00000000)
    _main_stk                                0x080000ed   Thumb Code     0  entry2.o(.ARM.Collect$$$$00000001)
    _main_scatterload                        0x080000f1   Thumb Code     0  entry5.o(.ARM.Collect$$$$00000004)
    __main_after_scatterload                 0x080000f5   Thumb Code     0  entry5.o(.ARM.Collect$$$$00000004)
    _main_clock                              0x080000f5   Thumb Code     0  entry7b.o(.ARM.Collect$$$$00000008)
    _main_cpp_init                           0x080000f5   Thumb Code     0  entry8b.o(.ARM.Collect$$$$0000000A)
    _main_init                               0x080000f5   Thumb Code     0  entry9a.o(.ARM.Collect$$$$0000000B)
    __rt_final_cpp                           0x080000fd   Thumb Code     0  entry10a.o(.ARM.Collect$$$$0000000D)
    __rt_final_exit                          0x080000fd   Thumb Code     0  entry11a.o(.ARM.Collect$$$$0000000F)
    Reset_Handler                            0x08000101   Thumb Code     8  startup_stm32f10x_md.o(.text)
    NMI_Handler                              0x08000109   Thumb Code     2  startup_stm32f10x_md.o(.text)
    HardFault_Handler                        0x0800010b   Thumb Code     2  startup_stm32f10x_md.o(.text)
    MemManage_Handler                        0x0800010d   Thumb Code     2  startup_stm32f10x_md.o(.text)
    BusFault_Handler                         0x0800010f   Thumb Code     2  startup_stm32f10x_md.o(.text)
    UsageFault_Handler                       0x08000111   Thumb Code     2  startup_stm32f10x_md.o(.text)
    SVC_Handler                              0x08000113   Thumb Code     2  startup_stm32f10x_md.o(.text)
    DebugMon_Handler                         0x08000115   Thumb Code     2  startup_stm32f10x_md.o(.text)
    PendSV_Handler                           0x08000117   Thumb Code     2  startup_stm32f10x_md.o(.text)
    ADC1_2_IRQHandler                        0x0800011b   Thumb Code     0  startup_stm32f10x_md.o(.text)
    CAN1_RX1_IRQHandler                      0x0800011b   Thumb Code     0  startup_stm32f10x_md.o(.text)
    CAN1_SCE_IRQHandler                      0x0800011b   Thumb Code     0  startup_stm32f10x_md.o(.text)
    DMA1_Channel1_IRQHandler                 0x0800011b   Thumb Code     0  startup_stm32f10x_md.o(.text)
    DMA1_Channel3_IRQHandler                 0x0800011b   Thumb Code     0  startup_stm32f10x_md.o(.text)
    DMA1_Channel4_IRQHandler                 0x0800011b   Thumb Code     0  startup_stm32f10x_md.o(.text)
    DMA1_Channel5_IRQHandler                 0x0800011b   Thumb Code     0  startup_stm32f10x_md.o(.text)
    DMA1_Channel6_IRQHandler                 0x0800011b   Thumb Code     0  startup_stm32f10x_md.o(.text)
    DMA1_Channel7_IRQHandler                 0x0800011b   Thumb Code     0  startup_stm32f10x_md.o(.text)
    EXTI0_IRQHandler                         0x0800011b   Thumb Code     0  startup_stm32f10x_md.o(.text)
    EXTI15_10_IRQHandler                     0x0800011b   Thumb Code     0  startup_stm32f10x_md.o(.text)
    EXTI1_IRQHandler                         0x0800011b   Thumb Code     0  startup_stm32f10x_md.o(.text)
    EXTI2_IRQHandler                         0x0800011b   Thumb Code     0  startup_stm32f10x_md.o(.text)
    EXTI3_IRQHandler                         0x0800011b   Thumb Code     0  startup_stm32f10x_md.o(.text)
    EXTI4_IRQHandler                         0x0800011b   Thumb Code     0  startup_stm32f10x_md.o(.text)
    EXTI9_5_IRQHandler                       0x0800011b   Thumb Code     0  startup_stm32f10x_md.o(.text)
    FLASH_IRQHandler                         0x0800011b   Thumb Code     0  startup_stm32f10x_md.o(.text)
    I2C1_ER_IRQHandler                       0x0800011b   Thumb Code     0  startup_stm32f10x_md.o(.text)
    I2C1_EV_IRQHandler                       0x0800011b   Thumb Code     0  startup_stm32f10x_md.o(.text)
    I2C2_ER_IRQHandler                       0x0800011b   Thumb Code     0  startup_stm32f10x_md.o(.text)
    I2C2_EV_IRQHandler                       0x0800011b   Thumb Code     0  startup_stm32f10x_md.o(.text)
    PVD_IRQHandler                           0x0800011b   Thumb Code     0  startup_stm32f10x_md.o(.text)
    RCC_IRQHandler                           0x0800011b   Thumb Code     0  startup_stm32f10x_md.o(.text)
    RTCAlarm_IRQHandler                      0x0800011b   Thumb Code     0  startup_stm32f10x_md.o(.text)
    RTC_IRQHandler                           0x0800011b   Thumb Code     0  startup_stm32f10x_md.o(.text)
    SPI1_IRQHandler                          0x0800011b   Thumb Code     0  startup_stm32f10x_md.o(.text)
    SPI2_IRQHandler                          0x0800011b   Thumb Code     0  startup_stm32f10x_md.o(.text)
    TAMPER_IRQHandler                        0x0800011b   Thumb Code     0  startup_stm32f10x_md.o(.text)
    TIM1_BRK_IRQHandler                      0x0800011b   Thumb Code     0  startup_stm32f10x_md.o(.text)
    TIM1_CC_IRQHandler                       0x0800011b   Thumb Code     0  startup_stm32f10x_md.o(.text)
    TIM1_TRG_COM_IRQHandler                  0x0800011b   Thumb Code     0  startup_stm32f10x_md.o(.text)
    TIM1_UP_IRQHandler                       0x0800011b   Thumb Code     0  startup_stm32f10x_md.o(.text)
    TIM2_IRQHandler                          0x0800011b   Thumb Code     0  startup_stm32f10x_md.o(.text)
    TIM3_IRQHandler                          0x0800011b   Thumb Code     0  startup_stm32f10x_md.o(.text)
    TIM4_IRQHandler                          0x0800011b   Thumb Code     0  startup_stm32f10x_md.o(.text)
    USART2_IRQHandler                        0x0800011b   Thumb Code     0  startup_stm32f10x_md.o(.text)
    USBWakeUp_IRQHandler                     0x0800011b   Thumb Code     0  startup_stm32f10x_md.o(.text)
    USB_HP_CAN1_TX_IRQHandler                0x0800011b   Thumb Code     0  startup_stm32f10x_md.o(.text)
    USB_LP_CAN1_RX0_IRQHandler               0x0800011b   Thumb Code     0  startup_stm32f10x_md.o(.text)
    WWDG_IRQHandler                          0x0800011b   Thumb Code     0  startup_stm32f10x_md.o(.text)
    __aeabi_memcpy                           0x08000125   Thumb Code    36  memcpya.o(.text)
    __aeabi_memcpy4                          0x08000125   Thumb Code     0  memcpya.o(.text)
    __aeabi_memcpy8                          0x08000125   Thumb Code     0  memcpya.o(.text)
    __aeabi_fmul                             0x08000149   Thumb Code   100  fmul.o(.text)
    __aeabi_fdiv                             0x080001ad   Thumb Code   124  fdiv.o(.text)
    __aeabi_i2f                              0x08000229   Thumb Code    18  fflti.o(.text)
    __aeabi_f2iz                             0x0800023b   Thumb Code    50  ffixi.o(.text)
    __aeabi_cfcmpeq                          0x0800026d   Thumb Code     0  cfcmple.o(.text)
    __aeabi_cfcmple                          0x0800026d   Thumb Code    20  cfcmple.o(.text)
    __I$use$fp                               0x08000281   Thumb Code     0  iusefp.o(.text)
    _float_round                             0x08000281   Thumb Code    18  fepilogue.o(.text)
    _float_epilogue                          0x08000293   Thumb Code    92  fepilogue.o(.text)
    __scatterload                            0x080002f1   Thumb Code    28  init.o(.text)
    __scatterload_rt2                        0x080002f1   Thumb Code     0  init.o(.text)
    ANO_DT_Data_Exchange                     0x08000315   Thumb Code   252  ano_data_transfer.o(i.ANO_DT_Data_Exchange)
    ANO_DT_Data_Receive_Anl                  0x08000435   Thumb Code   308  ano_data_transfer.o(i.ANO_DT_Data_Receive_Anl)
    ANO_DT_Data_Receive_Prepare              0x0800057d   Thumb Code   216  ano_data_transfer.o(i.ANO_DT_Data_Receive_Prepare)
    ANO_DT_Send_Data                         0x080006a9   Thumb Code    16  ano_data_transfer.o(i.ANO_DT_Send_Data)
    ANO_DT_Send_Status                       0x080006bd   Thumb Code   316  ano_data_transfer.o(i.ANO_DT_Send_Status)
    ANO_DT_Send_User                         0x08000801   Thumb Code   710  ano_data_transfer.o(i.ANO_DT_Send_User)
    ANO_UART3_DeInit                         0x08000af1   Thumb Code    40  ano_drv_uart3.o(i.ANO_UART3_DeInit)
    ANO_UART3_IRQ                            0x08000b1d   Thumb Code    92  ano_drv_uart3.o(i.ANO_UART3_IRQ)
    ANO_UART3_Init                           0x08000b81   Thumb Code   320  ano_drv_uart3.o(i.ANO_UART3_Init)
    ANO_Uart1_DeInit                         0x08000cd1   Thumb Code    40  ano_drv_uart.o(i.ANO_Uart1_DeInit)
    ANO_Uart1_IRQ                            0x08000cfd   Thumb Code   118  ano_drv_uart.o(i.ANO_Uart1_IRQ)
    ANO_Uart1_Init                           0x08000d85   Thumb Code   204  ano_drv_uart.o(i.ANO_Uart1_Init)
    ANO_Uart1_Send                           0x08000e59   Thumb Code    62  ano_drv_uart.o(i.ANO_Uart1_Send)
    DL_DT_Data_Exchange                      0x08000ea5   Thumb Code   266  dl_ln3x.o(i.DL_DT_Data_Exchange)
    DL_DT_Data_Receive_Anl                   0x08000fd1   Thumb Code   566  dl_ln3x.o(i.DL_DT_Data_Receive_Anl)
    DL_DT_Data_Receive_Prepare               0x08001239   Thumb Code   248  dl_ln3x.o(i.DL_DT_Data_Receive_Prepare)
    DL_DT_Send_CALIBRATE1                    0x08001345   Thumb Code   444  dl_ln3x.o(i.DL_DT_Send_CALIBRATE1)
    DL_DT_Send_CALIBRATE2                    0x08001505   Thumb Code   348  dl_ln3x.o(i.DL_DT_Send_CALIBRATE2)
    DL_DT_Send_ConfigCommand                 0x08001665   Thumb Code   142  dl_ln3x.o(i.DL_DT_Send_ConfigCommand)
    DL_DT_Send_Data                          0x080016f9   Thumb Code    14  dl_ln3x.o(i.DL_DT_Send_Data)
    DL_DT_Send_ReadCommand                   0x0800170d   Thumb Code    90  dl_ln3x.o(i.DL_DT_Send_ReadCommand)
    DL_LN3X_Check                            0x0800176d   Thumb Code   206  dl_ln3x.o(i.DL_LN3X_Check)
    DMA1_Channel2_IRQHandler                 0x08001841   Thumb Code    40  ano_drv_uart3.o(i.DMA1_Channel2_IRQHandler)
    DMA_ClearITPendingBit                    0x08001871   Thumb Code    18  stm32f10x_dma.o(i.DMA_ClearITPendingBit)
    DMA_Cmd                                  0x0800188d   Thumb Code    24  stm32f10x_dma.o(i.DMA_Cmd)
    DMA_DeInit                               0x080018a5   Thumb Code   324  stm32f10x_dma.o(i.DMA_DeInit)
    DMA_GetITStatus                          0x080019f1   Thumb Code    36  stm32f10x_dma.o(i.DMA_GetITStatus)
    DMA_ITConfig                             0x08001a1d   Thumb Code    18  stm32f10x_dma.o(i.DMA_ITConfig)
    DMA_Init                                 0x08001a2f   Thumb Code    60  stm32f10x_dma.o(i.DMA_Init)
    DMA_SetCurrDataCounter                   0x08001a6b   Thumb Code     4  stm32f10x_dma.o(i.DMA_SetCurrDataCounter)
    Delay_ms                                 0x08001a6f   Thumb Code    26  bsp_systick.o(i.Delay_ms)
    Delay_us                                 0x08001a89   Thumb Code    24  bsp_systick.o(i.Delay_us)
    Duty_10ms                                0x08001aa1   Thumb Code     2  loop.o(i.Duty_10ms)
    Duty_20ms                                0x08001aa3   Thumb Code     2  loop.o(i.Duty_20ms)
    Duty_2ms                                 0x08001aa5   Thumb Code    36  loop.o(i.Duty_2ms)
    Duty_50ms                                0x08001acd   Thumb Code     8  loop.o(i.Duty_50ms)
    Duty_6ms                                 0x08001ad5   Thumb Code    32  loop.o(i.Duty_6ms)
    GPIO_Init                                0x08001af9   Thumb Code   278  stm32f10x_gpio.o(i.GPIO_Init)
    GetSysTime_us                            0x08001c11   Thumb Code    58  bsp_systick.o(i.GetSysTime_us)
    Loop_check                               0x08001c55   Thumb Code    90  loop.o(i.Loop_check)
    NVIC_Init                                0x08001cb5   Thumb Code   100  misc.o(i.NVIC_Init)
    NVIC_PriorityGroupConfig                 0x08001d25   Thumb Code    10  misc.o(i.NVIC_PriorityGroupConfig)
    POSE_LED_0_ON                            0x08001d39   Thumb Code    10  ano_drv_led.o(i.POSE_LED_0_ON)
    RCC_AHBPeriphClockCmd                    0x08001d49   Thumb Code    26  stm32f10x_rcc.o(i.RCC_AHBPeriphClockCmd)
    RCC_APB1PeriphClockCmd                   0x08001d69   Thumb Code    26  stm32f10x_rcc.o(i.RCC_APB1PeriphClockCmd)
    RCC_APB1PeriphResetCmd                   0x08001d89   Thumb Code    26  stm32f10x_rcc.o(i.RCC_APB1PeriphResetCmd)
    RCC_APB2PeriphClockCmd                   0x08001da9   Thumb Code    26  stm32f10x_rcc.o(i.RCC_APB2PeriphClockCmd)
    RCC_APB2PeriphResetCmd                   0x08001dc9   Thumb Code    26  stm32f10x_rcc.o(i.RCC_APB2PeriphResetCmd)
    RCC_GetClocksFreq                        0x08001de9   Thumb Code   192  stm32f10x_rcc.o(i.RCC_GetClocksFreq)
    SysTick_Handler                          0x08001fa5   Thumb Code     8  stm32f10x_it.o(i.SysTick_Handler)
    SysTick_IRQ                              0x08001fad   Thumb Code    22  bsp_systick.o(i.SysTick_IRQ)
    SystemInit                               0x08001fc9   Thumb Code    78  system_stm32f10x.o(i.SystemInit)
    USART1_IRQHandler                        0x08002029   Thumb Code     8  stm32f10x_it.o(i.USART1_IRQHandler)
    USART3_IRQHandler                        0x08002031   Thumb Code     8  stm32f10x_it.o(i.USART3_IRQHandler)
    USART_ClearITPendingBit                  0x08002039   Thumb Code    30  stm32f10x_usart.o(i.USART_ClearITPendingBit)
    USART_ClockInit                          0x08002057   Thumb Code    34  stm32f10x_usart.o(i.USART_ClockInit)
    USART_Cmd                                0x08002079   Thumb Code    24  stm32f10x_usart.o(i.USART_Cmd)
    USART_DMACmd                             0x08002091   Thumb Code    18  stm32f10x_usart.o(i.USART_DMACmd)
    USART_DeInit                             0x080020a5   Thumb Code   134  stm32f10x_usart.o(i.USART_DeInit)
    USART_GetFlagStatus                      0x08002141   Thumb Code    26  stm32f10x_usart.o(i.USART_GetFlagStatus)
    USART_GetITStatus                        0x0800215b   Thumb Code    84  stm32f10x_usart.o(i.USART_GetITStatus)
    USART_ITConfig                           0x080021af   Thumb Code    74  stm32f10x_usart.o(i.USART_ITConfig)
    USART_Init                               0x080021f9   Thumb Code   210  stm32f10x_usart.o(i.USART_Init)
    USART_ReceiveData                        0x080022d1   Thumb Code    10  stm32f10x_usart.o(i.USART_ReceiveData)
    Uart3_Tx                                 0x080022dd   Thumb Code    50  ano_drv_uart3.o(i.Uart3_Tx)
    __scatterload_copy                       0x0800231d   Thumb Code    14  handlers.o(i.__scatterload_copy)
    __scatterload_null                       0x0800232b   Thumb Code     2  handlers.o(i.__scatterload_null)
    __scatterload_zeroinit                   0x0800232d   Thumb Code    14  handlers.o(i.__scatterload_zeroinit)
    cycleCounterInit                         0x0800233d   Thumb Code    26  bsp_systick.o(i.cycleCounterInit)
    main                                     0x08002361   Thumb Code    12  main.o(i.main)
    main_loop                                0x0800236d   Thumb Code   118  loop.o(i.main_loop)
    sys_init                                 0x080023e9   Thumb Code   126  ano_init.o(i.sys_init)
    sys_time                                 0x08002479   Thumb Code   152  time.o(i.sys_time)
    Region$$Table$$Base                      0x08002524   Number         0  anon$$obj.o(Region$$Table)
    Region$$Table$$Limit                     0x08002544   Number         0  anon$$obj.o(Region$$Table)
    flag                                     0x20000000   Data           6  ano_data.o(.data)
    gf                                       0x20000008   Data           8  ano_data.o(.data)
    Roll                                     0x20000020   Data           4  imu.o(.data)
    Pitch                                    0x20000024   Data           4  imu.o(.data)
    Yaw                                      0x20000028   Data           4  imu.o(.data)
    ref_q                                    0x2000002c   Data          16  imu.o(.data)
    norm_acc                                 0x2000003c   Data           4  imu.o(.data)
    norm_q                                   0x20000040   Data           4  imu.o(.data)
    norm_acc_lpf                             0x20000044   Data           4  imu.o(.data)
    mag_norm                                 0x20000048   Data           4  imu.o(.data)
    mag_norm_xyz                             0x2000004c   Data           4  imu.o(.data)
    acc_ng_cali                              0x20000050   Data           1  imu.o(.data)
    imu_ready                                0x20000051   Data           1  imu.o(.data)
    TxCounter                                0x2000005c   Data           1  ano_drv_uart.o(.data)
    count                                    0x2000005d   Data           1  ano_drv_uart.o(.data)
    usTicks                                  0x20000060   Data           4  bsp_systick.o(.data)
    sysTickUptime                            0x20000064   Data           4  bsp_systick.o(.data)
    time_1h                                  0x20000068   Data           2  time.o(.data)
    time_1m                                  0x2000006a   Data           2  time.o(.data)
    time_1s                                  0x2000006c   Data           2  time.o(.data)
    time_1ms                                 0x2000006e   Data           2  time.o(.data)
    test2                                    0x20000070   Data           1  pose_drv_mpu9250.o(.data)
    filter_cnt                               0x20000071   Data           1  pose_drv_mpu9250.o(.data)
    filter_cnt_old                           0x20000072   Data           1  pose_drv_mpu9250.o(.data)
    acc_sum_cnt                              0x20000074   Data           2  pose_drv_mpu9250.o(.data)
    gyro_sum_cnt                             0x20000076   Data           2  pose_drv_mpu9250.o(.data)
    Mag_CALIBRATED                           0x20000078   Data           1  pose_drv_mpu9250.o(.data)
    Roll_2                                   0x20000098   Data           4  dl_ln3x.o(.data)
    Pitch_2                                  0x2000009c   Data           4  dl_ln3x.o(.data)
    Yaw_2                                    0x200000a0   Data           4  dl_ln3x.o(.data)
    dl_ln3x                                  0x200000a4   Data           6  dl_ln3x.o(.data)
    AjustOK                                  0x200000b4   Data           1  vl53l0x.o(.data)
    Distance_data                            0x200000b6   Data           2  vl53l0x.o(.data)
    Distance_state                           0x200000b8   Data           1  vl53l0x.o(.data)
    Mode_data                                0x200000b9   Data          56  vl53l0x.o(.data)
    SystemCoreClock                          0x200000f4   Data           4  system_stm32f10x.o(.data)
    AHBPrescTable                            0x200000f8   Data          16  system_stm32f10x.o(.data)
    loop                                     0x2000011c   Data          18  loop.o(.bss)
    test_time                                0x20000130   Data          40  loop.o(.bss)
    f                                        0x20000158   Data          19  ano_data_transfer.o(.bss)
    TxBuffer                                 0x200001cf   Data         256  ano_drv_uart.o(.bss)
    mpu9250                                  0x20000350   Data         172  pose_drv_mpu9250.o(.bss)
    mpu9250_buffer                           0x200003fc   Data          20  pose_drv_mpu9250.o(.bss)
    FILT_BUF                                 0x20000410   Data         154  pose_drv_mpu9250.o(.bss)
    mpu9250_tmp                              0x200004ac   Data          28  pose_drv_mpu9250.o(.bss)
    mpu_fil_tmp                              0x200004c8   Data          28  pose_drv_mpu9250.o(.bss)
    sum_temp                                 0x200004e4   Data          28  pose_drv_mpu9250.o(.bss)
    f2                                       0x2000053e   Data          19  dl_ln3x.o(.bss)
    ms5611_prom                              0x20000584   Data          16  ms5611.o(.bss)
    baro                                     0x20000594   Data          20  ms5611.o(.bss)
    mo_av_baro                               0x200005a8   Data          20  ms5611.o(.bss)
    __initial_sp                             0x200009c0   Data           0  startup_stm32f10x_md.o(STACK)



==============================================================================

Memory Map of the image

  Image Entry point : 0x080000ed

  Load Region LR_IROM1 (Base: 0x08000000, Size: 0x00002660, Max: 0x00010000, ABSOLUTE)

    Execution Region ER_IROM1 (Exec base: 0x08000000, Load base: 0x08000000, Size: 0x00002544, Max: 0x00010000, ABSOLUTE)

    Exec Addr    Load Addr    Size         Type   Attr      Idx    E Section Name        Object

    0x08000000   0x08000000   0x000000ec   Data   RO         3309    RESET               startup_stm32f10x_md.o
    0x080000ec   0x080000ec   0x00000000   Code   RO         4384  * .ARM.Collect$$$$00000000  mc_w.l(entry.o)
    0x080000ec   0x080000ec   0x00000004   Code   RO         4453    .ARM.Collect$$$$00000001  mc_w.l(entry2.o)
    0x080000f0   0x080000f0   0x00000004   Code   RO         4456    .ARM.Collect$$$$00000004  mc_w.l(entry5.o)
    0x080000f4   0x080000f4   0x00000000   Code   RO         4458    .ARM.Collect$$$$00000008  mc_w.l(entry7b.o)
    0x080000f4   0x080000f4   0x00000000   Code   RO         4460    .ARM.Collect$$$$0000000A  mc_w.l(entry8b.o)
    0x080000f4   0x080000f4   0x00000008   Code   RO         4461    .ARM.Collect$$$$0000000B  mc_w.l(entry9a.o)
    0x080000fc   0x080000fc   0x00000000   Code   RO         4463    .ARM.Collect$$$$0000000D  mc_w.l(entry10a.o)
    0x080000fc   0x080000fc   0x00000000   Code   RO         4465    .ARM.Collect$$$$0000000F  mc_w.l(entry11a.o)
    0x080000fc   0x080000fc   0x00000004   Code   RO         4454    .ARM.Collect$$$$00002712  mc_w.l(entry2.o)
    0x08000100   0x08000100   0x00000024   Code   RO         3310    .text               startup_stm32f10x_md.o
    0x08000124   0x08000124   0x00000024   Code   RO         4387    .text               mc_w.l(memcpya.o)
    0x08000148   0x08000148   0x00000064   Code   RO         4397    .text               mf_w.l(fmul.o)
    0x080001ac   0x080001ac   0x0000007c   Code   RO         4399    .text               mf_w.l(fdiv.o)
    0x08000228   0x08000228   0x00000012   Code   RO         4405    .text               mf_w.l(fflti.o)
    0x0800023a   0x0800023a   0x00000032   Code   RO         4411    .text               mf_w.l(ffixi.o)
    0x0800026c   0x0800026c   0x00000014   Code   RO         4423    .text               mf_w.l(cfcmple.o)
    0x08000280   0x08000280   0x00000000   Code   RO         4478    .text               mc_w.l(iusefp.o)
    0x08000280   0x08000280   0x0000006e   Code   RO         4479    .text               mf_w.l(fepilogue.o)
    0x080002ee   0x080002ee   0x00000002   PAD
    0x080002f0   0x080002f0   0x00000024   Code   RO         4487    .text               mc_w.l(init.o)
    0x08000314   0x08000314   0x00000120   Code   RO          551    i.ANO_DT_Data_Exchange  ano_data_transfer.o
    0x08000434   0x08000434   0x00000148   Code   RO          552    i.ANO_DT_Data_Receive_Anl  ano_data_transfer.o
    0x0800057c   0x0800057c   0x000000e8   Code   RO          553    i.ANO_DT_Data_Receive_Prepare  ano_data_transfer.o
    0x08000664   0x08000664   0x00000044   Code   RO          554    i.ANO_DT_Send_Check  ano_data_transfer.o
    0x080006a8   0x080006a8   0x00000014   Code   RO          555    i.ANO_DT_Send_Data  ano_data_transfer.o
    0x080006bc   0x080006bc   0x00000144   Code   RO          558    i.ANO_DT_Send_Status  ano_data_transfer.o
    0x08000800   0x08000800   0x000002f0   Code   RO          559    i.ANO_DT_Send_User  ano_data_transfer.o
    0x08000af0   0x08000af0   0x0000002c   Code   RO          794    i.ANO_UART3_DeInit  ano_drv_uart3.o
    0x08000b1c   0x08000b1c   0x00000064   Code   RO          795    i.ANO_UART3_IRQ     ano_drv_uart3.o
    0x08000b80   0x08000b80   0x00000150   Code   RO          796    i.ANO_UART3_Init    ano_drv_uart3.o
    0x08000cd0   0x08000cd0   0x0000002c   Code   RO          745    i.ANO_Uart1_DeInit  ano_drv_uart.o
    0x08000cfc   0x08000cfc   0x00000088   Code   RO          746    i.ANO_Uart1_IRQ     ano_drv_uart.o
    0x08000d84   0x08000d84   0x000000d4   Code   RO          747    i.ANO_Uart1_Init    ano_drv_uart.o
    0x08000e58   0x08000e58   0x0000004c   Code   RO          750    i.ANO_Uart1_Send    ano_drv_uart.o
    0x08000ea4   0x08000ea4   0x0000012c   Code   RO         1255    i.DL_DT_Data_Exchange  dl_ln3x.o
    0x08000fd0   0x08000fd0   0x00000268   Code   RO         1256    i.DL_DT_Data_Receive_Anl  dl_ln3x.o
    0x08001238   0x08001238   0x0000010c   Code   RO         1257    i.DL_DT_Data_Receive_Prepare  dl_ln3x.o
    0x08001344   0x08001344   0x000001c0   Code   RO         1258    i.DL_DT_Send_CALIBRATE1  dl_ln3x.o
    0x08001504   0x08001504   0x00000160   Code   RO         1259    i.DL_DT_Send_CALIBRATE2  dl_ln3x.o
    0x08001664   0x08001664   0x00000094   Code   RO         1260    i.DL_DT_Send_ConfigCommand  dl_ln3x.o
    0x080016f8   0x080016f8   0x00000014   Code   RO         1261    i.DL_DT_Send_Data   dl_ln3x.o
    0x0800170c   0x0800170c   0x00000060   Code   RO         1262    i.DL_DT_Send_ReadCommand  dl_ln3x.o
    0x0800176c   0x0800176c   0x000000d4   Code   RO         1265    i.DL_LN3X_Check     dl_ln3x.o
    0x08001840   0x08001840   0x00000030   Code   RO          797    i.DMA1_Channel2_IRQHandler  ano_drv_uart3.o
    0x08001870   0x08001870   0x0000001c   Code   RO         1819    i.DMA_ClearITPendingBit  stm32f10x_dma.o
    0x0800188c   0x0800188c   0x00000018   Code   RO         1820    i.DMA_Cmd           stm32f10x_dma.o
    0x080018a4   0x080018a4   0x0000014c   Code   RO         1821    i.DMA_DeInit        stm32f10x_dma.o
    0x080019f0   0x080019f0   0x0000002c   Code   RO         1824    i.DMA_GetITStatus   stm32f10x_dma.o
    0x08001a1c   0x08001a1c   0x00000012   Code   RO         1825    i.DMA_ITConfig      stm32f10x_dma.o
    0x08001a2e   0x08001a2e   0x0000003c   Code   RO         1826    i.DMA_Init          stm32f10x_dma.o
    0x08001a6a   0x08001a6a   0x00000004   Code   RO         1827    i.DMA_SetCurrDataCounter  stm32f10x_dma.o
    0x08001a6e   0x08001a6e   0x0000001a   Code   RO          864    i.Delay_ms          bsp_systick.o
    0x08001a88   0x08001a88   0x00000018   Code   RO          865    i.Delay_us          bsp_systick.o
    0x08001aa0   0x08001aa0   0x00000002   Code   RO          175    i.Duty_10ms         loop.o
    0x08001aa2   0x08001aa2   0x00000002   Code   RO          176    i.Duty_20ms         loop.o
    0x08001aa4   0x08001aa4   0x00000028   Code   RO          177    i.Duty_2ms          loop.o
    0x08001acc   0x08001acc   0x00000008   Code   RO          178    i.Duty_50ms         loop.o
    0x08001ad4   0x08001ad4   0x00000024   Code   RO          179    i.Duty_6ms          loop.o
    0x08001af8   0x08001af8   0x00000116   Code   RO         2127    i.GPIO_Init         stm32f10x_gpio.o
    0x08001c0e   0x08001c0e   0x00000002   PAD
    0x08001c10   0x08001c10   0x00000044   Code   RO          866    i.GetSysTime_us     bsp_systick.o
    0x08001c54   0x08001c54   0x00000060   Code   RO          180    i.Loop_check        loop.o
    0x08001cb4   0x08001cb4   0x00000070   Code   RO         1560    i.NVIC_Init         misc.o
    0x08001d24   0x08001d24   0x00000014   Code   RO         1561    i.NVIC_PriorityGroupConfig  misc.o
    0x08001d38   0x08001d38   0x00000010   Code   RO          656    i.POSE_LED_0_ON     ano_drv_led.o
    0x08001d48   0x08001d48   0x00000020   Code   RO         2236    i.RCC_AHBPeriphClockCmd  stm32f10x_rcc.o
    0x08001d68   0x08001d68   0x00000020   Code   RO         2237    i.RCC_APB1PeriphClockCmd  stm32f10x_rcc.o
    0x08001d88   0x08001d88   0x00000020   Code   RO         2238    i.RCC_APB1PeriphResetCmd  stm32f10x_rcc.o
    0x08001da8   0x08001da8   0x00000020   Code   RO         2239    i.RCC_APB2PeriphClockCmd  stm32f10x_rcc.o
    0x08001dc8   0x08001dc8   0x00000020   Code   RO         2240    i.RCC_APB2PeriphResetCmd  stm32f10x_rcc.o
    0x08001de8   0x08001de8   0x000000d4   Code   RO         2247    i.RCC_GetClocksFreq  stm32f10x_rcc.o
    0x08001ebc   0x08001ebc   0x00000008   Code   RO         1513    i.SetSysClock       system_stm32f10x.o
    0x08001ec4   0x08001ec4   0x000000e0   Code   RO         1514    i.SetSysClockTo72   system_stm32f10x.o
    0x08001fa4   0x08001fa4   0x00000008   Code   RO          836    i.SysTick_Handler   stm32f10x_it.o
    0x08001fac   0x08001fac   0x0000001c   Code   RO          867    i.SysTick_IRQ       bsp_systick.o
    0x08001fc8   0x08001fc8   0x00000060   Code   RO         1516    i.SystemInit        system_stm32f10x.o
    0x08002028   0x08002028   0x00000008   Code   RO          837    i.USART1_IRQHandler  stm32f10x_it.o
    0x08002030   0x08002030   0x00000008   Code   RO          838    i.USART3_IRQHandler  stm32f10x_it.o
    0x08002038   0x08002038   0x0000001e   Code   RO         3128    i.USART_ClearITPendingBit  stm32f10x_usart.o
    0x08002056   0x08002056   0x00000022   Code   RO         3129    i.USART_ClockInit   stm32f10x_usart.o
    0x08002078   0x08002078   0x00000018   Code   RO         3131    i.USART_Cmd         stm32f10x_usart.o
    0x08002090   0x08002090   0x00000012   Code   RO         3132    i.USART_DMACmd      stm32f10x_usart.o
    0x080020a2   0x080020a2   0x00000002   PAD
    0x080020a4   0x080020a4   0x0000009c   Code   RO         3133    i.USART_DeInit      stm32f10x_usart.o
    0x08002140   0x08002140   0x0000001a   Code   RO         3134    i.USART_GetFlagStatus  stm32f10x_usart.o
    0x0800215a   0x0800215a   0x00000054   Code   RO         3135    i.USART_GetITStatus  stm32f10x_usart.o
    0x080021ae   0x080021ae   0x0000004a   Code   RO         3137    i.USART_ITConfig    stm32f10x_usart.o
    0x080021f8   0x080021f8   0x000000d8   Code   RO         3138    i.USART_Init        stm32f10x_usart.o
    0x080022d0   0x080022d0   0x0000000a   Code   RO         3145    i.USART_ReceiveData  stm32f10x_usart.o
    0x080022da   0x080022da   0x00000002   PAD
    0x080022dc   0x080022dc   0x00000040   Code   RO          798    i.Uart3_Tx          ano_drv_uart3.o
    0x0800231c   0x0800231c   0x0000000e   Code   RO         4495    i.__scatterload_copy  mc_w.l(handlers.o)
    0x0800232a   0x0800232a   0x00000002   Code   RO         4496    i.__scatterload_null  mc_w.l(handlers.o)
    0x0800232c   0x0800232c   0x0000000e   Code   RO         4497    i.__scatterload_zeroinit  mc_w.l(handlers.o)
    0x0800233a   0x0800233a   0x00000002   PAD
    0x0800233c   0x0800233c   0x00000024   Code   RO          868    i.cycleCounterInit  bsp_systick.o
    0x08002360   0x08002360   0x0000000c   Code   RO            1    i.main              main.o
    0x0800236c   0x0800236c   0x0000007c   Code   RO          181    i.main_loop         loop.o
    0x080023e8   0x080023e8   0x00000090   Code   RO          258    i.sys_init          ano_init.o
    0x08002478   0x08002478   0x000000ac   Code   RO         1116    i.sys_time          time.o
    0x08002524   0x08002524   0x00000020   Data   RO         4493    Region$$Table       anon$$obj.o


    Execution Region RW_IRAM1 (Exec base: 0x20000000, Load base: 0x08002544, Size: 0x000009c0, Max: 0x00005000, ABSOLUTE)

    Exec Addr    Load Addr    Size         Type   Attr      Idx    E Section Name        Object

    0x20000000   0x08002544   0x00000010   Data   RW          416    .data               ano_data.o
    0x20000010   0x08002554   0x0000000d   Data   RW          561    .data               ano_data_transfer.o
    0x2000001d   0x08002561   0x00000003   PAD
    0x20000020   0x08002564   0x0000003c   Data   RW          631    .data               imu.o
    0x2000005c   0x080025a0   0x00000002   Data   RW          752    .data               ano_drv_uart.o
    0x2000005e   0x080025a2   0x00000001   Data   RW          800    .data               ano_drv_uart3.o
    0x2000005f   0x080025a3   0x00000001   PAD
    0x20000060   0x080025a4   0x00000008   Data   RW          869    .data               bsp_systick.o
    0x20000068   0x080025ac   0x00000008   Data   RW         1117    .data               time.o
    0x20000070   0x080025b4   0x00000026   Data   RW         1185    .data               pose_drv_mpu9250.o
    0x20000096   0x080025da   0x00000002   PAD
    0x20000098   0x080025dc   0x0000001b   Data   RW         1268    .data               dl_ln3x.o
    0x200000b3   0x080025f7   0x00000001   PAD
    0x200000b4   0x080025f8   0x0000003d   Data   RW         1351    .data               vl53l0x.o
    0x200000f1   0x08002635   0x00000003   PAD
    0x200000f4   0x08002638   0x00000014   Data   RW         1517    .data               system_stm32f10x.o
    0x20000108   0x0800264c   0x00000014   Data   RW         2267    .data               stm32f10x_rcc.o
    0x2000011c        -       0x0000003c   Zero   RW          182    .bss                loop.o
    0x20000158        -       0x00000077   Zero   RW          560    .bss                ano_data_transfer.o
    0x200001cf        -       0x00000100   Zero   RW          751    .bss                ano_drv_uart.o
    0x200002cf        -       0x00000080   Zero   RW          799    .bss                ano_drv_uart3.o
    0x2000034f   0x08002660   0x00000001   PAD
    0x20000350        -       0x000001bc   Zero   RW         1184    .bss                pose_drv_mpu9250.o
    0x2000050c        -       0x00000077   Zero   RW         1267    .bss                dl_ln3x.o
    0x20000583   0x08002660   0x00000001   PAD
    0x20000584        -       0x00000038   Zero   RW         1444    .bss                ms5611.o
    0x200005bc   0x08002660   0x00000004   PAD
    0x200005c0        -       0x00000400   Zero   RW         3307    STACK               startup_stm32f10x_md.o


==============================================================================

Image component sizes


      Code (inc. data)   RO Data    RW Data    ZI Data      Debug   Object Name

         0          0          0         16          0        830   ano_data.o
      2012        132          0         13        119       6986   ano_data_transfer.o
        16          6          0          0          0        408   ano_drv_led.o
       468         44          0          2        256       2972   ano_drv_uart.o
       592         50          0          1        128       3414   ano_drv_uart3.o
       144         18          0          0          0     218158   ano_init.o
       182         26          0          8          0       2883   bsp_systick.o
         0          0          0          0          0         32   core_cm3.o
      2460        136          0         27        119       8788   dl_ln3x.o
         0          0          0         60          0       2982   imu.o
       308         20          0          0         60       4693   loop.o
        12          0          0          0          0     244896   main.o
       132         22          0          0          0       1447   misc.o
         0          0          0          0         56       1749   ms5611.o
         0          0          0         38        444       4954   pose_drv_mpu9250.o
        36          8        236          0       1024        792   startup_stm32f10x_md.o
       510         26          0          0          0       5480   stm32f10x_dma.o
       278          0          0          0          0       1900   stm32f10x_gpio.o
        24          0          0          0          0       1314   stm32f10x_it.o
       372         50          0         20          0       5928   stm32f10x_rcc.o
       672         28          0          0          0       7778   stm32f10x_usart.o
       328         28          0         20          0       2153   system_stm32f10x.o
       172         20          0          8          0        762   time.o
         0          0          0         61          0      17591   vl53l0x.o

    ----------------------------------------------------------------------
      8724        614        268        284       2212     548890   Object Totals
         0          0         32          0          0          0   (incl. Generated)
         6          0          0         10          6          0   (incl. Padding)

    ----------------------------------------------------------------------

      Code (inc. data)   RO Data    RW Data    ZI Data      Debug   Library Member Name

         0          0          0          0          0          0   entry.o
         0          0          0          0          0          0   entry10a.o
         0          0          0          0          0          0   entry11a.o
         8          4          0          0          0          0   entry2.o
         4          0          0          0          0          0   entry5.o
         0          0          0          0          0          0   entry7b.o
         0          0          0          0          0          0   entry8b.o
         8          4          0          0          0          0   entry9a.o
        30          0          0          0          0          0   handlers.o
        36          8          0          0          0         68   init.o
         0          0          0          0          0          0   iusefp.o
        36          0          0          0          0         68   memcpya.o
        20          0          0          0          0         68   cfcmple.o
       124          0          0          0          0         88   fdiv.o
       110          0          0          0          0        168   fepilogue.o
        50          0          0          0          0         68   ffixi.o
        18          0          0          0          0         68   fflti.o
       100          0          0          0          0         76   fmul.o

    ----------------------------------------------------------------------
       548         16          0          0          0        672   Library Totals
         4          0          0          0          0          0   (incl. Padding)

    ----------------------------------------------------------------------

      Code (inc. data)   RO Data    RW Data    ZI Data      Debug   Library Name

       122         16          0          0          0        136   mc_w.l
       422          0          0          0          0        536   mf_w.l

    ----------------------------------------------------------------------
       548         16          0          0          0        672   Library Totals

    ----------------------------------------------------------------------

==============================================================================


      Code (inc. data)   RO Data    RW Data    ZI Data      Debug   

      9272        630        268        284       2212     545866   Grand Totals
      9272        630        268        284       2212     545866   ELF Image Totals
      9272        630        268        284          0          0   ROM Totals

==============================================================================

    Total RO  Size (Code + RO Data)                 9540 (   9.32kB)
    Total RW  Size (RW Data + ZI Data)              2496 (   2.44kB)
    Total ROM Size (Code + RO Data + RW Data)       9824 (   9.59kB)

==============================================================================

