Component: ARM Compiler 5.06 update 6 (build 750) Tool: armlink [4d35ed]

==============================================================================

Section Cross References

    main.o(i.main) refers to ano_init.o(i.sys_init) for sys_init
    main.o(i.main) refers to loop.o(i.main_loop) for main_loop
    loop.o(i.Duty_10ms) refers to pose_drv_mpu9250.o(i.MPU9250_Read_MAG) for MPU9250_Read_MAG
    loop.o(i.Duty_2ms) refers to bsp_systick.o(i.GetSysTime_us) for GetSysTime_us
    loop.o(i.Duty_2ms) refers to ffltui.o(.text) for __aeabi_ui2f
    loop.o(i.Duty_2ms) refers to fadd.o(.text) for __aeabi_fsub
    loop.o(i.Duty_2ms) refers to cfcmple.o(.text) for __aeabi_cfcmple
    loop.o(i.Duty_2ms) refers to ano_data_transfer.o(i.ANO_DT_Data_Exchange) for ANO_DT_Data_Exchange
    loop.o(i.Duty_2ms) refers to ano_drv_led.o(i.LED_Flash_Control) for LED_Flash_Control
    loop.o(i.Duty_2ms) refers to dl_ln3x.o(i.DL_DT_Data_Exchange) for DL_DT_Data_Exchange
    loop.o(i.Duty_2ms) refers to pose_drv_mpu9250.o(i.MPU9250_Read_ACCEL_GYRO) for MPU9250_Read_ACCEL_GYRO
    loop.o(i.Duty_2ms) refers to fdiv.o(.text) for __aeabi_fdiv
    loop.o(i.Duty_2ms) refers to pose_drv_mpu9250.o(i.MPU9250_Data_Prepare) for MPU9250_Data_Prepare
    loop.o(i.Duty_2ms) refers to imu.o(i.IMU_getInfo) for IMU_getInfo
    loop.o(i.Duty_2ms) refers to loop.o(.bss) for test_time
    loop.o(i.Duty_2ms) refers to loop.o(.data) for fun_time
    loop.o(i.Duty_50ms) refers to ano_drv_led.o(i.LED_Flash_Duty) for LED_Flash_Duty
    loop.o(i.Duty_50ms) refers to pose_drv_mpu9250.o(.data) for Mag_CALIBRATED
    loop.o(i.Duty_50ms) refers to ano_drv_led.o(.data) for led_duty
    loop.o(i.Loop_check) refers to loop.o(.bss) for loop
    loop.o(i.main_loop) refers to loop.o(i.Duty_2ms) for Duty_2ms
    loop.o(i.main_loop) refers to loop.o(i.Duty_6ms) for Duty_6ms
    loop.o(i.main_loop) refers to loop.o(i.Duty_10ms) for Duty_10ms
    loop.o(i.main_loop) refers to loop.o(i.Duty_20ms) for Duty_20ms
    loop.o(i.main_loop) refers to loop.o(i.Duty_50ms) for Duty_50ms
    loop.o(i.main_loop) refers to loop.o(.bss) for loop
    ano_init.o(i.sys_init) refers to misc.o(i.NVIC_PriorityGroupConfig) for NVIC_PriorityGroupConfig
    ano_init.o(i.sys_init) refers to bsp_systick.o(i.cycleCounterInit) for cycleCounterInit
    ano_init.o(i.sys_init) refers to ano_drv_led.o(i.POSE_LED_Init) for POSE_LED_Init
    ano_init.o(i.sys_init) refers to ano_drv_led.o(i.LED_Flash_Duty) for LED_Flash_Duty
    ano_init.o(i.sys_init) refers to i2c_soft.o(i.I2c_Soft_Init) for I2c_Soft_Init
    ano_init.o(i.sys_init) refers to ano_drv_uart.o(i.ANO_Uart1_Init) for ANO_Uart1_Init
    ano_init.o(i.sys_init) refers to ano_drv_uart3.o(i.ANO_UART3_Init) for ANO_UART3_Init
    ano_init.o(i.sys_init) refers to bsp_systick.o(i.Delay_ms) for Delay_ms
    ano_init.o(i.sys_init) refers to pose_drv_mpu9250.o(i.Init_MPU9250) for Init_MPU9250
    ano_init.o(i.sys_init) refers to ano_param.o(i.POSE_Param_Read) for POSE_Param_Read
    ano_init.o(i.sys_init) refers to dl_ln3x.o(i.DL_LN3X_Check) for DL_LN3X_Check
    ano_init.o(i.sys_init) refers to imu.o(i.Kalman_IMMU_Init) for Kalman_IMMU_Init
    ano_init.o(i.sys_init) refers to system_stm32f10x.o(.data) for SystemCoreClock
    ano_init.o(i.sys_init) refers to ano_drv_led.o(.data) for led_duty
    filter.o(i.LPF_1) refers to fadd.o(.text) for __aeabi_fsub
    filter.o(i.LPF_1) refers to fmul.o(.text) for __aeabi_fmul
    filter.o(i.LPF_1) refers to fdiv.o(.text) for __aeabi_fdiv
    filter.o(i.LPF_1_db) refers to dadd.o(.text) for __aeabi_dsub
    filter.o(i.LPF_1_db) refers to fmul.o(.text) for __aeabi_fmul
    filter.o(i.LPF_1_db) refers to fdiv.o(.text) for __aeabi_fdiv
    filter.o(i.LPF_1_db) refers to fadd.o(.text) for __aeabi_fadd
    filter.o(i.LPF_1_db) refers to f2d.o(.text) for __aeabi_f2d
    filter.o(i.LPF_1_db) refers to dmul.o(.text) for __aeabi_dmul
    filter.o(i.Moving_Average) refers to ffltui.o(.text) for __aeabi_ui2f
    filter.o(i.Moving_Average) refers to fadd.o(.text) for __aeabi_fsub
    filter.o(i.Moving_Average) refers to fdiv.o(.text) for __aeabi_fdiv
    filter.o(i.Moving_Average) refers to cfcmple.o(.text) for __aeabi_cfcmple
    filter.o(i.Moving_Average) refers to cfrcmple.o(.text) for __aeabi_cfrcmple
    filter.o(i.Moving_Average) refers to fmul.o(.text) for __aeabi_fmul
    filter.o(i.fir_arrange_filter) refers to cfrcmple.o(.text) for __aeabi_cfrcmple
    filter.o(i.limit_filter) refers to filter.o(i.LPF_1) for LPF_1
    filter.o(i.limit_filter) refers to cfrcmple.o(.text) for __aeabi_cfrcmple
    filter.o(i.my_hpf_limited) refers to fadd.o(.text) for __aeabi_fsub
    filter.o(i.my_hpf_limited) refers to fmul.o(.text) for __aeabi_fmul
    filter.o(i.my_hpf_limited) refers to fdiv.o(.text) for __aeabi_fdiv
    filter.o(i.my_hpf_limited) refers to cfrcmple.o(.text) for __aeabi_cfrcmple
    filter.o(i.simple_3d_trans) refers to fmul.o(.text) for __aeabi_fmul
[...]
    Driver\POSE_Drv_MPU9250.c                0x00000000   Number         0  pose_drv_mpu9250.o ABSOLUTE
    Driver\VL53L0X\core\src\vl53l0x_api.c    0x00000000   Number         0  vl53l0x_api.o ABSOLUTE
    Driver\VL53L0X\core\src\vl53l0x_api_calibration.c 0x00000000   Number         0  vl53l0x_api_calibration.o ABSOLUTE
    Driver\VL53L0X\core\src\vl53l0x_api_core.c 0x00000000   Number         0  vl53l0x_api_core.o ABSOLUTE
    Driver\VL53L0X\core\src\vl53l0x_api_ranging.c 0x00000000   Number         0  vl53l0x_api_ranging.o ABSOLUTE
    Driver\VL53L0X\core\src\vl53l0x_api_strings.c 0x00000000   Number         0  vl53l0x_api_strings.o ABSOLUTE
    Driver\VL53L0X\platform\src\vl53l0x_platform.c 0x00000000   Number         0  vl53l0x_platform.o ABSOLUTE
    Driver\\ANO_Drv_Flash.c                  0x00000000   Number         0  ano_drv_flash.o ABSOLUTE
    Driver\\ANO_Drv_LED.c                    0x00000000   Number         0  ano_drv_led.o ABSOLUTE
    Driver\\ANO_Drv_MPU6050.c                0x00000000   Number         0  ano_drv_mpu6050.o ABSOLUTE
    Driver\\ANO_Drv_SPI.c                    0x00000000   Number         0  ano_drv_spi.o ABSOLUTE
    Driver\\ANO_Drv_Uart.c                   0x00000000   Number         0  ano_drv_uart.o ABSOLUTE
    Driver\\ANO_Drv_Uart3.c                  0x00000000   Number         0  ano_drv_uart3.o ABSOLUTE
    Driver\\DL_LN3X.c                        0x00000000   Number         0  dl_ln3x.o ABSOLUTE
    Driver\\POSE_Drv_MPU9250.c               0x00000000   Number         0  pose_drv_mpu9250.o ABSOLUTE
    Driver\\VL53L0X\\core\\src\\vl53l0x_api.c 0x00000000   Number         0  vl53l0x_api.o ABSOLUTE
    Driver\\VL53L0X\\core\\src\\vl53l0x_api_calibration.c 0x00000000   Number         0  vl53l0x_api_calibration.o ABSOLUTE
    Driver\\VL53L0X\\core\\src\\vl53l0x_api_core.c 0x00000000   Number         0  vl53l0x_api_core.o ABSOLUTE
    Driver\\VL53L0X\\core\\src\\vl53l0x_api_ranging.c 0x00000000   Number         0  vl53l0x_api_ranging.o ABSOLUTE
    Driver\\VL53L0X\\core\\src\\vl53l0x_api_strings.c 0x00000000   Number         0  vl53l0x_api_strings.o ABSOLUTE
    Driver\\VL53L0X\\platform\\src\\vl53l0x_platform.c 0x00000000   Number         0  vl53l0x_platform.o ABSOLUTE
    Driver\\bsp_SysTick.c                    0x00000000   Number         0  bsp_systick.o ABSOLUTE
    Driver\\i2c_soft.c                       0x00000000   Number         0  i2c_soft.o ABSOLUTE
    Driver\\ms5611.c                         0x00000000   Number         0  ms5611.o ABSOLUTE
    Driver\\mymath.c                         0x00000000   Number         0  mymath.o ABSOLUTE
    Driver\\stm32f10x_it.c                   0x00000000   Number         0  stm32f10x_it.o ABSOLUTE
    Driver\\time.c                           0x00000000   Number         0  time.o ABSOLUTE
    Driver\\vl53l0x.c                        0x00000000   Number         0  vl53l0x.o ABSOLUTE
    Driver\bsp_SysTick.c                     0x00000000   Number         0  bsp_systick.o ABSOLUTE
    Driver\i2c_soft.c                        0x00000000   Number         0  i2c_soft.o ABSOLUTE
    Driver\ms5611.c                          0x00000000   Number         0  ms5611.o ABSOLUTE
    Driver\mymath.c                          0x00000000   Number         0  mymath.o ABSOLUTE
    Driver\stm32f10x_it.c                    0x00000000   Number         0  stm32f10x_it.o ABSOLUTE
    Driver\time.c                            0x00000000   Number         0  time.o ABSOLUTE
    Driver\vl53l0x.c                         0x00000000   Number         0  vl53l0x.o ABSOLUTE
    STM32_LIB\CMSIS\arm_common_tables.c      0x00000000   Number         0  arm_common_tables.o ABSOLUTE
    STM32_LIB\CMSIS\arm_cos_f32.c            0x00000000   Number         0  arm_cos_f32.o ABSOLUTE
    STM32_LIB\CMSIS\arm_mat_add_f32.c        0x00000000   Number         0  arm_mat_add_f32.o ABSOLUTE
    STM32_LIB\CMSIS\arm_mat_init_f32.c       0x00000000   Number         0  arm_mat_init_f32.o ABSOLUTE
    STM32_LIB\CMSIS\arm_mat_inverse_f32.c    0x00000000   Number         0  arm_mat_inverse_f32.o ABSOLUTE
    STM32_LIB\CMSIS\arm_mat_mult_f32.c       0x00000000   Number         0  arm_mat_mult_f32.o ABSOLUTE
    STM32_LIB\CMSIS\arm_sin_f32.c            0x00000000   Number         0  arm_sin_f32.o ABSOLUTE
    STM32_LIB\CMSIS\core_cm3.c               0x00000000   Number         0  core_cm3.o ABSOLUTE
    STM32_LIB\CMSIS\startup_stm32f10x_md.s   0x00000000   Number         0  startup_stm32f10x_md.o ABSOLUTE
    STM32_LIB\CMSIS\system_stm32f10x.c       0x00000000   Number         0  system_stm32f10x.o ABSOLUTE
    STM32_LIB\LIB\src\misc.c                 0x00000000   Number         0  misc.o ABSOLUTE
    STM32_LIB\LIB\src\stm32f10x_adc.c        0x00000000   Number         0  stm32f10x_adc.o ABSOLUTE
    STM32_LIB\LIB\src\stm32f10x_dma.c        0x00000000   Number         0  stm32f10x_dma.o ABSOLUTE
    STM32_LIB\LIB\src\stm32f10x_exti.c       0x00000000   Number         0  stm32f10x_exti.o ABSOLUTE
    STM32_LIB\LIB\src\stm32f10x_flash.c      0x00000000   Number         0  stm32f10x_flash.o ABSOLUTE
    STM32_LIB\LIB\src\stm32f10x_gpio.c       0x00000000   Number         0  stm32f10x_gpio.o ABSOLUTE
    STM32_LIB\LIB\src\stm32f10x_rcc.c        0x00000000   Number         0  stm32f10x_rcc.o ABSOLUTE
    STM32_LIB\LIB\src\stm32f10x_spi.c        0x00000000   Number         0  stm32f10x_spi.o ABSOLUTE
    STM32_LIB\LIB\src\stm32f10x_tim.c        0x00000000   Number         0  stm32f10x_tim.o ABSOLUTE
    STM32_LIB\LIB\src\stm32f10x_usart.c      0x00000000   Number         0  stm32f10x_usart.o ABSOLUTE
    STM32_LIB\\CMSIS\\arm_common_tables.c    0x00000000   Number         0  arm_common_tables.o ABSOLUTE
    STM32_LIB\\CMSIS\\arm_cos_f32.c          0x00000000   Number         0  arm_cos_f32.o ABSOLUTE
    STM32_LIB\\CMSIS\\arm_mat_add_f32.c      0x00000000   Number         0  arm_mat_add_f32.o ABSOLUTE
    STM32_LIB\\CMSIS\\arm_mat_init_f32.c     0x00000000   Number         0  arm_mat_init_f32.o ABSOLUTE
    STM32_LIB\\CMSIS\\arm_mat_inverse_f32.c  0x00000000   Number         0  arm_mat_inverse_f32.o ABSOLUTE
    STM32_LIB\\CMSIS\\arm_mat_mult_f32.c     0x00000000   Number         0  arm_mat_mult_f32.o ABSOLUTE
    STM32_LIB\\CMSIS\\arm_sin_f32.c          0x00000000   Number         0  arm_sin_f32.o ABSOLUTE
    STM32_LIB\\CMSIS\\core_cm3.c             0x00000000   Number         0  core_cm3.o ABSOLUTE
    STM32_LIB\\CMSIS\\system_stm32f10x.c     0x00000000   Number         0  system_stm32f10x.o ABSOLUTE
    STM32_LIB\\LIB\\src\\misc.c              0x00000000   Number         0  misc.o ABSOLUTE
    STM32_LIB\\LIB\\src\\stm32f10x_adc.c     0x00000000   Number         0  stm32f10x_adc.o ABSOLUTE
    STM32_LIB\\LIB\\src\\stm32f10x_dma.c     0x00000000   Number         0  stm32f10x_dma.o ABSOLUTE
    STM32_LIB\\LIB\\src\\stm32f10x_exti.c    0x00000000   Number         0  stm32f10x_exti.o ABSOLUTE
    STM32_LIB\\LIB\\src\\stm32f10x_flash.c   0x00000000   Number         0  stm32f10x_flash.o ABSOLUTE
    STM32_LIB\\LIB\\src\\stm32f10x_gpio.c    0x00000000   Number         0  stm32f10x_gpio.o ABSOLUTE
    STM32_LIB\\LIB\\src\\stm32f10x_rcc.c     0x00000000   Number         0  stm32f10x_rcc.o ABSOLUTE
    STM32_LIB\\LIB\\src\\stm32f10x_spi.c     0x00000000   Number         0  stm32f10x_spi.o ABSOLUTE
    STM32_LIB\\LIB\\src\\stm32f10x_tim.c     0x00000000   Number         0  stm32f10x_tim.o ABSOLUTE
    STM32_LIB\\LIB\\src\\stm32f10x_usart.c   0x00000000   Number         0  stm32f10x_usart.o ABSOLUTE
    cdcmple.s                                0x00000000   Number         0  cdcmple.o ABSOLUTE
    cdrcmple.s                               0x00000000   Number         0  cdrcmple.o ABSOLUTE
    cfcmple.s                                0x00000000   Number         0  cfcmple.o ABSOLUTE
    cfrcmple.s                               0x00000000   Number         0  cfrcmple.o ABSOLUTE
    dc.s                                     0x00000000   Number         0  dc.o ABSOLUTE
    handlers.s                               0x00000000   Number         0  handlers.o ABSOLUTE
    init.s                                   0x00000000   Number         0  init.o ABSOLUTE
    RESET                                    0x08000000   Section      236  startup_stm32f10x_md.o(RESET)
    .ARM.Collect$$$$00000000                 0x080000ec   Section        0  entry.o(.ARM.Collect$$$$00000000)
    .ARM.Collect$$$$00000001                 0x080000ec   Section        4  entry2.o(.ARM.Collect$$$$00000001)
    .ARM.Collect$$$$00000004                 0x080000f0   Section        4  entry5.o(.ARM.Collect$$$$00000004)
    .ARM.Collect$$$$00000008                 0x080000f4   Section        0  entry7b.o(.ARM.Collect$$$$00000008)
    .ARM.Collect$$$$0000000A                 0x080000f4   Section        0  entry8b.o(.ARM.Collect$$$$0000000A)
    .ARM.Collect$$$$0000000B                 0x080000f4   Section        8  entry9a.o(.ARM.Collect$$$$0000000B)
    .ARM.Collect$$$$0000000D                 0x080000fc   Section        0  entry10a.o(.ARM.Collect$$$$0000000D)
    .ARM.Collect$$$$0000000F                 0x080000fc   Section        0  entry11a.o(.ARM.Collect$$$$0000000F)
    .ARM.Collect$$$$00002712                 0x080000fc   Section        4  entry2.o(.ARM.Collect$$$$00002712)
    __lit__00000000                          0x080000fc   Data           4  entry2.o(.ARM.Collect$$$$00002712)
    .text                                    0x08000100   Section       36  startup_stm32f10x_md.o(.text)
    .text                                    0x08000124   Section        0  memcpya.o(.text)
    .text                                    0x08000148   Section        0  fadd.o(.text)
    .text                                    0x080001f8   Section        0  fmul.o(.text)
    .text                                    0x0800025c   Section        0  fdiv.o(.text)
    .text                                    0x080002d8   Section        0  dadd.o(.text)
    .text                                    0x08000426   Section        0  dmul.o(.text)
    .text                                    0x0800050a   Section        0  ddiv.o(.text)
    .text                                    0x080005e8   Section        0  fflti.o(.text)
    .text                                    0x080005fa   Section        0  ffltui.o(.text)
    .text                                    0x08000604   Section        0  ffixi.o(.text)
    .text                                    0x08000636   Section        0  ffixui.o(.text)
    .text                                    0x0800065e   Section        0  f2d.o(.text)
    .text                                    0x08000684   Section        0  d2f.o(.text)
    .text                                    0x080006bc   Section       20  cfcmple.o(.text)
    .text                                    0x080006d0   Section       20  cfrcmple.o(.text)
    .text                                    0x080006e4   Section        0  llshl.o(.text)
    .text                                    0x08000702   Section        0  llsshr.o(.text)
    .text                                    0x08000726   Section        0  fepilogue.o(.text)
    .text                                    0x08000726   Section        0  iusefp.o(.text)
    .text                                    0x08000794   Section        0  depilogue.o(.text)
    .text                                    0x0800084e   Section        0  dscalb.o(.text)
    .text                                    0x0800087c   Section        0  dsqrt.o(.text)
    .text                                    0x08000920   Section       36  init.o(.text)
    .text                                    0x08000944   Section        0  llushr.o(.text)
    .text                                    0x08000964   Section        0  __dczerorl2.o(.text)
    i.ANO_AK8963_CalOffset_Mag               0x080009bc   Section        0  pose_drv_mpu9250.o(i.ANO_AK8963_CalOffset_Mag)
    i.ANO_DT_Data_Exchange                   0x08000c50   Section        0  ano_data_transfer.o(i.ANO_DT_Data_Exchange)
    i.ANO_DT_Data_Receive_Anl                0x08000de4   Section        0  ano_data_transfer.o(i.ANO_DT_Data_Receive_Anl)
    i.ANO_DT_Data_Receive_Prepare            0x08000f2c   Section        0  ano_data_transfer.o(i.ANO_DT_Data_Receive_Prepare)
    i.ANO_DT_Send_Check                      0x08001014   Section        0  ano_data_transfer.o(i.ANO_DT_Send_Check)
    ANO_DT_Send_Check                        0x08001015   Thumb Code    62  ano_data_transfer.o(i.ANO_DT_Send_Check)
    i.ANO_DT_Send_Data                       0x08001058   Section        0  ano_data_transfer.o(i.ANO_DT_Send_Data)
    i.ANO_DT_Send_Senser                     0x0800106c   Section        0  ano_data_transfer.o(i.ANO_DT_Send_Senser)
    i.ANO_DT_Send_Status                     0x08001208   Section        0  ano_data_transfer.o(i.ANO_DT_Send_Status)
    i.ANO_DT_Send_User                       0x0800134c   Section        0  ano_data_transfer.o(i.ANO_DT_Send_User)
    i.ANO_Flash_Read                         0x080014d8   Section        0  ano_drv_flash.o(i.ANO_Flash_Read)
    i.ANO_Flash_Write                        0x0800151c   Section        0  ano_drv_flash.o(i.ANO_Flash_Write)
    i.ANO_UART3_DeInit                       0x08001584   Section        0  ano_drv_uart3.o(i.ANO_UART3_DeInit)
    i.ANO_UART3_IRQ                          0x080015b0   Section        0  ano_drv_uart3.o(i.ANO_UART3_IRQ)
    i.ANO_UART3_Init                         0x0800163c   Section        0  ano_drv_uart3.o(i.ANO_UART3_Init)
    i.ANO_Uart1_DeInit                       0x08001708   Section        0  ano_drv_uart.o(i.ANO_Uart1_DeInit)
    i.ANO_Uart1_IRQ                          0x08001734   Section        0  ano_drv_uart.o(i.ANO_Uart1_IRQ)
    i.ANO_Uart1_Init                         0x080017bc   Section        0  ano_drv_uart.o(i.ANO_Uart1_Init)
    i.ANO_Uart1_Send                         0x08001890   Section        0  ano_drv_uart.o(i.ANO_Uart1_Send)
    i.ANO_Uart3_Send                         0x080018dc   Section        0  ano_drv_uart3.o(i.ANO_Uart3_Send)
    i.DL_DT_Data_Exchange                    0x08001928   Section        0  dl_ln3x.o(i.DL_DT_Data_Exchange)
    i.DL_DT_Data_Receive_Anl                 0x08001a6c   Section        0  dl_ln3x.o(i.DL_DT_Data_Receive_Anl)
    i.DL_DT_Data_Receive_Prepare             0x08001b44   Section        0  dl_ln3x.o(i.DL_DT_Data_Receive_Prepare)
    i.DL_DT_Send_ConfigCommand               0x08001c08   Section        0  dl_ln3x.o(i.DL_DT_Send_ConfigCommand)
    i.DL_DT_Send_Data                        0x08001c9c   Section        0  dl_ln3x.o(i.DL_DT_Send_Data)
    i.DL_DT_Send_ReadCommand                 0x08001cb0   Section        0  dl_ln3x.o(i.DL_DT_Send_ReadCommand)
    i.DL_DT_Send_Status                      0x08001d10   Section        0  dl_ln3x.o(i.DL_DT_Send_Status)
    i.DL_LN3X_Check                          0x08001e00   Section        0  dl_ln3x.o(i.DL_LN3X_Check)
    i.Delay_ms                               0x08001ed4   Section        0  bsp_systick.o(i.Delay_ms)
    i.Delay_us                               0x08001eee   Section        0  bsp_systick.o(i.Delay_us)
    i.Duty_10ms                              0x08001f06   Section        0  loop.o(i.Duty_10ms)
    i.Duty_20ms                              0x08001f0e   Section        0  loop.o(i.Duty_20ms)
    i.Duty_2ms                               0x08001f10   Section        0  loop.o(i.Duty_2ms)
    i.Duty_50ms                              0x08001fa8   Section        0  loop.o(i.Duty_50ms)
    i.Duty_6ms                               0x08001fdc   Section        0  loop.o(i.Duty_6ms)
    i.FLASH_ErasePage                        0x08001fe0   Section        0  stm32f10x_flash.o(i.FLASH_ErasePage)
    i.FLASH_GetBank1Status                   0x0800202c   Section        0  stm32f10x_flash.o(i.FLASH_GetBank1Status)
    i.FLASH_ProgramHalfWord                  0x08002060   Section        0  stm32f10x_flash.o(i.FLASH_ProgramHalfWord)
    i.FLASH_Unlock                           0x080020a0   Section        0  stm32f10x_flash.o(i.FLASH_Unlock)
    i.FLASH_WaitForLastOperation             0x080020b8   Section        0  stm32f10x_flash.o(i.FLASH_WaitForLastOperation)
    i.GPIO_Init                              0x080020de   Section        0  stm32f10x_gpio.o(i.GPIO_Init)
    i.GetSysTime_us                          0x080021f4   Section        0  bsp_systick.o(i.GetSysTime_us)
    i.I2c_Soft_Ask                           0x08002238   Section        0  i2c_soft.o(i.I2c_Soft_Ask)
    i.I2c_Soft_Init                          0x0800226c   Section        0  i2c_soft.o(i.I2c_Soft_Init)
    i.I2c_Soft_NoAsk                         0x080022b0   Section        0  i2c_soft.o(i.I2c_Soft_NoAsk)
    i.I2c_Soft_ReadByte                      0x080022e4   Section        0  i2c_soft.o(i.I2c_Soft_ReadByte)
    i.I2c_Soft_SendByte                      0x08002344   Section        0  i2c_soft.o(i.I2c_Soft_SendByte)
    i.I2c_Soft_Start                         0x08002398   Section        0  i2c_soft.o(i.I2c_Soft_Start)
    i.I2c_Soft_Stop                          0x080023f0   Section        0  i2c_soft.o(i.I2c_Soft_Stop)
    i.I2c_Soft_WaitAsk                       0x08002424   Section        0  i2c_soft.o(i.I2c_Soft_WaitAsk)
    i.I2c_Soft_delay                         0x08002478   Section        0  i2c_soft.o(i.I2c_Soft_delay)
    i.IIC_Read_1Byte                         0x0800249c   Section        0  i2c_soft.o(i.IIC_Read_1Byte)
    i.IIC_Read_nByte                         0x080024ec   Section        0  i2c_soft.o(i.IIC_Read_nByte)
    i.IIC_Write_1Byte                        0x08002560   Section        0  i2c_soft.o(i.IIC_Write_1Byte)
    i.IMU_getInfo                            0x080025a0   Section        0  imu.o(i.IMU_getInfo)
    i.Init_MPU9250                           0x0800283c   Section        0  pose_drv_mpu9250.o(i.Init_MPU9250)
    i.Kalman_IMMU                            0x080029cc   Section        0  imu.o(i.Kalman_IMMU)
    i.Kalman_IMMU_Init                       0x08002fe4   Section        0  imu.o(i.Kalman_IMMU_Init)
    i.LED_1ms_DRV                            0x08003060   Section        0  ano_drv_led.o(i.LED_1ms_DRV)
    i.LED_Flash_Control                      0x080030a0   Section        0  ano_drv_led.o(i.LED_Flash_Control)
    i.LED_Flash_Duty                         0x080030ac   Section        0  ano_drv_led.o(i.LED_Flash_Duty)
    i.LPF_1_                                 0x080030f4   Section        0  mymath.o(i.LPF_1_)
    i.Loop_check                             0x08003158   Section        0  loop.o(i.Loop_check)
    i.MPU9250_Data_Offset                    0x080031b8   Section        0  pose_drv_mpu9250.o(i.MPU9250_Data_Offset)
    i.MPU9250_Data_Prepare                   0x080033f8   Section        0  pose_drv_mpu9250.o(i.MPU9250_Data_Prepare)
    i.MPU9250_GetAvg                         0x08003630   Section        0  pose_drv_mpu9250.o(i.MPU9250_GetAvg)
    MPU9250_GetAvg                           0x08003631   Thumb Code    52  pose_drv_mpu9250.o(i.MPU9250_GetAvg)
    i.MPU9250_NewVal                         0x08003668   Section        0  pose_drv_mpu9250.o(i.MPU9250_NewVal)
    MPU9250_NewVal                           0x08003669   Thumb Code    10  pose_drv_mpu9250.o(i.MPU9250_NewVal)
    i.MPU9250_Read_ACCEL_GYRO                0x08003678   Section        0  pose_drv_mpu9250.o(i.MPU9250_Read_ACCEL_GYRO)
    i.MPU9250_Read_MAG                       0x08003698   Section        0  pose_drv_mpu9250.o(i.MPU9250_Read_MAG)
    i.NVIC_Init                              0x08003780   Section        0  misc.o(i.NVIC_Init)
    i.NVIC_PriorityGroupConfig               0x080037f0   Section        0  misc.o(i.NVIC_PriorityGroupConfig)
    i.POSE_LED_0_OFF                         0x08003804   Section        0  ano_drv_led.o(i.POSE_LED_0_OFF)
    i.POSE_LED_0_ON                          0x08003814   Section        0  ano_drv_led.o(i.POSE_LED_0_ON)
    i.POSE_LED_Init                          0x08003824   Section        0  ano_drv_led.o(i.POSE_LED_Init)
    i.POSE_Param_Init                        0x08003854   Section        0  ano_param.o(i.POSE_Param_Init)
    i.POSE_Param_Read                        0x0800389c   Section        0  ano_param.o(i.POSE_Param_Read)
    i.POSE_Param_Save                        0x08003918   Section        0  ano_param.o(i.POSE_Param_Save)
    i.RCC_APB1PeriphClockCmd                 0x080039a4   Section        0  stm32f10x_rcc.o(i.RCC_APB1PeriphClockCmd)
    i.RCC_APB1PeriphResetCmd                 0x080039c4   Section        0  stm32f10x_rcc.o(i.RCC_APB1PeriphResetCmd)
    i.RCC_APB2PeriphClockCmd                 0x080039e4   Section        0  stm32f10x_rcc.o(i.RCC_APB2PeriphClockCmd)
    i.RCC_APB2PeriphResetCmd                 0x08003a04   Section        0  stm32f10x_rcc.o(i.RCC_APB2PeriphResetCmd)
    i.RCC_GetClocksFreq                      0x08003a24   Section        0  stm32f10x_rcc.o(i.RCC_GetClocksFreq)
    i.SetSysClock                            0x08003af8   Section        0  system_stm32f10x.o(i.SetSysClock)
    SetSysClock                              0x08003af9   Thumb Code     8  system_stm32f10x.o(i.SetSysClock)
    i.SetSysClockTo72                        0x08003b00   Section        0  system_stm32f10x.o(i.SetSysClockTo72)
    SetSysClockTo72                          0x08003b01   Thumb Code   214  system_stm32f10x.o(i.SetSysClockTo72)
    i.SysTick_Handler                        0x08003be0   Section        0  stm32f10x_it.o(i.SysTick_Handler)
    i.SysTick_IRQ                            0x08003be8   Section        0  bsp_systick.o(i.SysTick_IRQ)
    i.SystemInit                             0x08003c04   Section        0  system_stm32f10x.o(i.SystemInit)
    i.USART1_IRQHandler                      0x08003c64   Section        0  stm32f10x_it.o(i.USART1_IRQHandler)
    i.USART3_IRQHandler                      0x08003c6c   Section        0  stm32f10x_it.o(i.USART3_IRQHandler)
    i.USART_ClockInit                        0x08003c74   Section        0  stm32f10x_usart.o(i.USART_ClockInit)
    i.USART_Cmd                              0x08003c96   Section        0  stm32f10x_usart.o(i.USART_Cmd)
    i.USART_DeInit                           0x08003cb0   Section        0  stm32f10x_usart.o(i.USART_DeInit)
    i.USART_GetFlagStatus                    0x08003d4c   Section        0  stm32f10x_usart.o(i.USART_GetFlagStatus)
    i.USART_ITConfig                         0x08003d66   Section        0  stm32f10x_usart.o(i.USART_ITConfig)
    i.USART_Init                             0x08003db0   Section        0  stm32f10x_usart.o(i.USART_Init)
    i.USART_ReceiveData                      0x08003e88   Section        0  stm32f10x_usart.o(i.USART_ReceiveData)
    i.__ARM_fpclassify                       0x08003e92   Section        0  fpclassify.o(i.__ARM_fpclassify)
    i.__kernel_poly                          0x08003eba   Section        0  poly.o(i.__kernel_poly)
    i.__mathlib_dbl_infnan                   0x08003f64   Section        0  dunder.o(i.__mathlib_dbl_infnan)
    i.__mathlib_dbl_infnan2                  0x08003f6a   Section        0  dunder.o(i.__mathlib_dbl_infnan2)
    i.__mathlib_dbl_invalid                  0x08003f6e   Section        0  dunder.o(i.__mathlib_dbl_invalid)
    i.__mathlib_dbl_underflow                0x08003f7c   Section        0  dunder.o(i.__mathlib_dbl_underflow)
    i.__scatterload_copy                     0x08003f8c   Section       14  handlers.o(i.__scatterload_copy)
    i.__scatterload_null                     0x08003f9a   Section        2  handlers.o(i.__scatterload_null)
    i.__scatterload_zeroinit                 0x08003f9c   Section       14  handlers.o(i.__scatterload_zeroinit)
    i.__set_errno                            0x08003fac   Section        0  errno.o(i.__set_errno)
    i.arm_mat_init_f32                       0x08003fb8   Section        0  arm_mat_init_f32.o(i.arm_mat_init_f32)
    i.arm_mat_inverse_f32                    0x08003fc0   Section        0  arm_mat_inverse_f32.o(i.arm_mat_inverse_f32)
    i.arm_mat_mult_f32                       0x080042b8   Section        0  arm_mat_mult_f32.o(i.arm_mat_mult_f32)
    i.asin                                   0x08004410   Section        0  asin.o(i.asin)
    i.atan                                   0x08004680   Section        0  atan.o(i.atan)
    i.atan2                                  0x080048a0   Section        0  atan2.o(i.atan2)
    i.cycleCounterInit                       0x08004a20   Section        0  bsp_systick.o(i.cycleCounterInit)
    i.fast_atan2                             0x08004a44   Section        0  mymath.o(i.fast_atan2)
    i.invSqrt                                0x08004bb0   Section        0  imu.o(i.invSqrt)
    i.main                                   0x08004bfc   Section        0  main.o(i.main)
    i.main_loop                              0x08004c08   Section        0  loop.o(i.main_loop)
    i.my_abs                                 0x08004c84   Section        0  mymath.o(i.my_abs)
    i.my_sqrt                                0x08004c9c   Section        0  mymath.o(i.my_sqrt)
    i.sqrt                                   0x08004d14   Section        0  sqrt.o(i.sqrt)
    i.sys_init                               0x08004d60   Section        0  ano_init.o(i.sys_init)
    i.sys_time                               0x08004e10   Section        0  time.o(i.sys_time)
    .constdata                               0x08004ec0   Section       80  asin.o(.constdata)
    pS                                       0x08004ec0   Data          48  asin.o(.constdata)
    qS                                       0x08004ef0   Data          32  asin.o(.constdata)
    .constdata                               0x08004f10   Section      152  atan.o(.constdata)
    atanhi                                   0x08004f10   Data          32  atan.o(.constdata)
    atanlo                                   0x08004f30   Data          32  atan.o(.constdata)
    aTodd                                    0x08004f50   Data          40  atan.o(.constdata)
    aTeven                                   0x08004f78   Data          48  atan.o(.constdata)
    .constdata                               0x08004fa8   Section        8  qnan.o(.constdata)
    .data                                    0x20000000   Section        4  loop.o(.data)
    fun_time                                 0x20000000   Data           4  loop.o(.data)
    .data                                    0x20000004   Section       16  ano_data.o(.data)
    .data                                    0x20000014   Section        8  ano_data_transfer.o(.data)
    cnt                                      0x20000014   Data           1  ano_data_transfer.o(.data)
    senser_cnt                               0x20000015   Data           1  ano_data_transfer.o(.data)
    senser2_cnt                              0x20000016   Data           1  ano_data_transfer.o(.data)
    user_cnt                                 0x20000017   Data           1  ano_data_transfer.o(.data)
    status_cnt                               0x20000018   Data           1  ano_data_transfer.o(.data)
    _data_len                                0x20000019   Data           1  ano_data_transfer.o(.data)
    _data_cnt                                0x2000001a   Data           1  ano_data_transfer.o(.data)
    state                                    0x2000001b   Data           1  ano_data_transfer.o(.data)
    .data                                    0x2000001c   Section      308  imu.o(.data)
    yaw_correct                              0x200000e0   Data           4  imu.o(.data)
    yaw_mag                                  0x200000e4   Data           4  imu.o(.data)
    q0                                       0x200000e8   Data           4  imu.o(.data)
    q1                                       0x200000ec   Data           4  imu.o(.data)
    q2                                       0x200000f0   Data           4  imu.o(.data)
    q3                                       0x200000f4   Data           4  imu.o(.data)
    q0                                       0x200000f8   Data           4  imu.o(.data)
    q1                                       0x200000fc   Data           4  imu.o(.data)
    q2                                       0x20000100   Data           4  imu.o(.data)
    q3                                       0x20000104   Data           4  imu.o(.data)
    q0                                       0x20000108   Data           4  imu.o(.data)
    q1                                       0x2000010c   Data           4  imu.o(.data)
    q2                                       0x20000110   Data           4  imu.o(.data)
    q3                                       0x20000114   Data           4  imu.o(.data)
    wq0                                      0x20000118   Data           4  imu.o(.data)
    wq1                                      0x2000011c   Data           4  imu.o(.data)
    wq2                                      0x20000120   Data           4  imu.o(.data)
    wq3                                      0x20000124   Data           4  imu.o(.data)
    dt                                       0x20000128   Data           4  imu.o(.data)
    q0                                       0x2000012c   Data           4  imu.o(.data)
    q1                                       0x20000130   Data           4  imu.o(.data)
    q2                                       0x20000134   Data           4  imu.o(.data)
    q3                                       0x20000138   Data           4  imu.o(.data)
    wq0                                      0x2000013c   Data           4  imu.o(.data)
    wq1                                      0x20000140   Data           4  imu.o(.data)
    wq2                                      0x20000144   Data           4  imu.o(.data)
    wq3                                      0x20000148   Data           4  imu.o(.data)
    dt                                       0x2000014c   Data           4  imu.o(.data)
    .data                                    0x20000150   Section       10  ano_drv_led.o(.data)
    led_cnt                                  0x20000158   Data           2  ano_drv_led.o(.data)
    .data                                    0x2000015a   Section        2  ano_drv_uart.o(.data)
    .data                                    0x2000015c   Section        2  ano_drv_uart3.o(.data)
    .data                                    0x20000160   Section        8  bsp_systick.o(.data)
    .data                                    0x20000168   Section        2  i2c_soft.o(.data)
    .data                                    0x2000016c   Section     1028  mymath.o(.data)
    .data                                    0x20000570   Section        8  time.o(.data)
    .data                                    0x20000578   Section       34  pose_drv_mpu9250.o(.data)
    filter_cnt                               0x20000579   Data           1  pose_drv_mpu9250.o(.data)
    acc_sum_cnt                              0x2000057c   Data           2  pose_drv_mpu9250.o(.data)
    gyro_sum_cnt                             0x2000057e   Data           2  pose_drv_mpu9250.o(.data)
    MagMAX                                   0x20000580   Data          12  pose_drv_mpu9250.o(.data)
    MagMIN                                   0x2000058c   Data          12  pose_drv_mpu9250.o(.data)
    cnt_m                                    0x20000598   Data           2  pose_drv_mpu9250.o(.data)
    .data                                    0x2000059a   Section       15  dl_ln3x.o(.data)
    cnt                                      0x200005a0   Data           1  dl_ln3x.o(.data)
    senser_cnt                               0x200005a1   Data           1  dl_ln3x.o(.data)
    user_cnt                                 0x200005a2   Data           1  dl_ln3x.o(.data)
    status_cnt                               0x200005a3   Data           1  dl_ln3x.o(.data)
    power_cnt                                0x200005a4   Data           1  dl_ln3x.o(.data)
    speed_cnt                                0x200005a5   Data           1  dl_ln3x.o(.data)
    _data_len                                0x200005a6   Data           1  dl_ln3x.o(.data)
    _data_cnt                                0x200005a7   Data           1  dl_ln3x.o(.data)
    state                                    0x200005a8   Data           1  dl_ln3x.o(.data)
    .data                                    0x200005ac   Section       20  system_stm32f10x.o(.data)
    .data                                    0x200005c0   Section       20  stm32f10x_rcc.o(.data)
    APBAHBPrescTable                         0x200005c0   Data          16  stm32f10x_rcc.o(.data)
    ADCPrescTable                            0x200005d0   Data           4  stm32f10x_rcc.o(.data)
    .data                                    0x200005d4   Section        4  errno.o(.data)
    _errno                                   0x200005d4   Data           4  errno.o(.data)
    .bss                                     0x200005d8   Section       60  loop.o(.bss)
    .bss                                     0x20000614   Section       48  ano_param.o(.bss)
    .bss                                     0x20000644   Section      119  ano_data_transfer.o(.bss)
    data_to_send                             0x20000657   Data          50  ano_data_transfer.o(.bss)
    RxBuffer                                 0x20000689   Data          50  ano_data_transfer.o(.bss)
    .bss                                     0x200006bc   Section      368  imu.o(.bss)
    mag_tmp                                  0x200007e8   Data          12  imu.o(.bss)
    Q                                        0x200007f4   Data          16  imu.o(.bss)
    new_Q                                    0x20000804   Data          16  imu.o(.bss)
    angles                                   0x20000814   Data          24  imu.o(.bss)
    .bss                                     0x2000082c   Section      256  ano_drv_uart.o(.bss)
    .bss                                     0x2000092c   Section      256  ano_drv_uart3.o(.bss)
    .bss                                     0x20000a2c   Section      372  pose_drv_mpu9250.o(.bss)
    MPU9250_FIFO                             0x20000aec   Data         140  pose_drv_mpu9250.o(.bss)
    sum_temp                                 0x20000b78   Data          28  pose_drv_mpu9250.o(.bss)
    MagSum                                   0x20000b94   Data          12  pose_drv_mpu9250.o(.bss)
    .bss                                     0x20000ba0   Section      119  dl_ln3x.o(.bss)
    data_to_send                             0x20000ba0   Data          50  dl_ln3x.o(.bss)
    RxBuffer                                 0x20000be5   Data          50  dl_ln3x.o(.bss)
    STACK                                    0x20000c18   Section     1024  startup_stm32f10x_md.o(STACK)

    Global Symbols

    Symbol Name                              Value     Ov Type        Size  Object(Section)

    BuildAttributes$$THM_ISAv4$P$D$K$B$S$PE$A:L22UL41UL21$X:L11$S22US41US21$IEEE1$IW$USESV6$~STKCKD$USESV7$~SHL$OTIME$ROPI$IEEEX$EBA8$MICROLIB$REQ8$PRES8$EABIv2 0x00000000   Number         0  anon$$obj.o ABSOLUTE
    __ARM_use_no_argv                        0x00000000   Number         0  main.o ABSOLUTE
    __cpp_initialize__aeabi_                  - Undefined Weak Reference
    __cxa_finalize                            - Undefined Weak Reference
    _clock_init                               - Undefined Weak Reference
    _microlib_exit                            - Undefined Weak Reference
    __Vectors_Size                           0x000000ec   Number         0  startup_stm32f10x_md.o ABSOLUTE
    __Vectors                                0x08000000   Data           4  startup_stm32f10x_md.o(RESET)
    __Vectors_End                            0x080000ec   Data           0  startup_stm32f10x_md.o(RESET)
    __main                                   0x080000ed   Thumb Code     0  entry.o(.ARM.Collect$$$$00000000)
    _main_stk                                0x080000ed   Thumb Code     0  entry2.o(.ARM.Collect$$$$00000001)
    _main_scatterload                        0x080000f1   Thumb Code     0  entry5.o(.ARM.Collect$$$$00000004)
    __main_after_scatterload                 0x080000f5   Thumb Code     0  entry5.o(.ARM.Collect$$$$00000004)
    _main_clock                              0x080000f5   Thumb Code     0  entry7b.o(.ARM.Collect$$$$00000008)
    _main_cpp_init                           0x080000f5   Thumb Code     0  entry8b.o(.ARM.Collect$$$$0000000A)
    _main_init                               0x080000f5   Thumb Code     0  entry9a.o(.ARM.Collect$$$$0000000B)
    __rt_final_cpp                           0x080000fd   Thumb Code     0  entry10a.o(.ARM.Collect$$$$0000000D)
    __rt_final_exit                          0x080000fd   Thumb Code     0  entry11a.o(.ARM.Collect$$$$0000000F)
    Reset_Handler                            0x08000101   Thumb Code     8  startup_stm32f10x_md.o(.text)
    NMI_Handler                              0x08000109   Thumb Code     2  startup_stm32f10x_md.o(.text)
    HardFault_Handler                        0x0800010b   Thumb Code     2  startup_stm32f10x_md.o(.text)
    MemManage_Handler                        0x0800010d   Thumb Code     2  startup_stm32f10x_md.o(.text)
    BusFault_Handler                         0x0800010f   Thumb Code     2  startup_stm32f10x_md.o(.text)
    UsageFault_Handler                       0x08000111   Thumb Code     2  startup_stm32f10x_md.o(.text)
    SVC_Handler                              0x08000113   Thumb Code     2  startup_stm32f10x_md.o(.text)
    DebugMon_Handler                         0x08000115   Thumb Code     2  startup_stm32f10x_md.o(.text)
    PendSV_Handler                           0x08000117   Thumb Code     2  startup_stm32f10x_md.o(.text)
    ADC1_2_IRQHandler                        0x0800011b   Thumb Code     0  startup_stm32f10x_md.o(.text)
    CAN1_RX1_IRQHandler                      0x0800011b   Thumb Code     0  startup_stm32f10x_md.o(.text)
    CAN1_SCE_IRQHandler                      0x0800011b   Thumb Code     0  startup_stm32f10x_md.o(.text)
    DMA1_Channel1_IRQHandler                 0x0800011b   Thumb Code     0  startup_stm32f10x_md.o(.text)
    DMA1_Channel2_IRQHandler                 0x0800011b   Thumb Code     0  startup_stm32f10x_md.o(.text)
    DMA1_Channel3_IRQHandler                 0x0800011b   Thumb Code     0  startup_stm32f10x_md.o(.text)
    DMA1_Channel4_IRQHandler                 0x0800011b   Thumb Code     0  startup_stm32f10x_md.o(.text)
    DMA1_Channel5_IRQHandler                 0x0800011b   Thumb Code     0  startup_stm32f10x_md.o(.text)
    DMA1_Channel6_IRQHandler                 0x0800011b   Thumb Code     0  startup_stm32f10x_md.o(.text)
    DMA1_Channel7_IRQHandler                 0x0800011b   Thumb Code     0  startup_stm32f10x_md.o(.text)
    EXTI0_IRQHandler                         0x0800011b   Thumb Code     0  startup_stm32f10x_md.o(.text)
    EXTI15_10_IRQHandler                     0x0800011b   Thumb Code     0  startup_stm32f10x_md.o(.text)
    EXTI1_IRQHandler                         0x0800011b   Thumb Code     0  startup_stm32f10x_md.o(.text)
    EXTI2_IRQHandler                         0x0800011b   Thumb Code     0  startup_stm32f10x_md.o(.text)
    EXTI3_IRQHandler                         0x0800011b   Thumb Code     0  startup_stm32f10x_md.o(.text)
    EXTI4_IRQHandler                         0x0800011b   Thumb Code     0  startup_stm32f10x_md.o(.text)
    EXTI9_5_IRQHandler                       0x0800011b   Thumb Code     0  startup_stm32f10x_md.o(.text)
    FLASH_IRQHandler                         0x0800011b   Thumb Code     0  startup_stm32f10x_md.o(.text)
    I2C1_ER_IRQHandler                       0x0800011b   Thumb Code     0  startup_stm32f10x_md.o(.text)
    I2C1_EV_IRQHandler                       0x0800011b   Thumb Code     0  startup_stm32f10x_md.o(.text)
    I2C2_ER_IRQHandler                       0x0800011b   Thumb Code     0  startup_stm32f10x_md.o(.text)
    I2C2_EV_IRQHandler                       0x0800011b   Thumb Code     0  startup_stm32f10x_md.o(.text)
    PVD_IRQHandler                           0x0800011b   Thumb Code     0  startup_stm32f10x_md.o(.text)
    RCC_IRQHandler                           0x0800011b   Thumb Code     0  startup_stm32f10x_md.o(.text)
    RTCAlarm_IRQHandler                      0x0800011b   Thumb Code     0  startup_stm32f10x_md.o(.text)
    RTC_IRQHandler                           0x0800011b   Thumb Code     0  startup_stm32f10x_md.o(.text)
    SPI1_IRQHandler                          0x0800011b   Thumb Code     0  startup_stm32f10x_md.o(.text)
    SPI2_IRQHandler                          0x0800011b   Thumb Code     0  startup_stm32f10x_md.o(.text)
    TAMPER_IRQHandler                        0x0800011b   Thumb Code     0  startup_stm32f10x_md.o(.text)
    TIM1_BRK_IRQHandler                      0x0800011b   Thumb Code     0  startup_stm32f10x_md.o(.text)
    TIM1_CC_IRQHandler                       0x0800011b   Thumb Code     0  startup_stm32f10x_md.o(.text)
    TIM1_TRG_COM_IRQHandler                  0x0800011b   Thumb Code     0  startup_stm32f10x_md.o(.text)
    TIM1_UP_IRQHandler                       0x0800011b   Thumb Code     0  startup_stm32f10x_md.o(.text)
    TIM2_IRQHandler                          0x0800011b   Thumb Code     0  startup_stm32f10x_md.o(.text)
    TIM3_IRQHandler                          0x0800011b   Thumb Code     0  startup_stm32f10x_md.o(.text)
    TIM4_IRQHandler                          0x0800011b   Thumb Code     0  startup_stm32f10x_md.o(.text)
    USART2_IRQHandler                        0x0800011b   Thumb Code     0  startup_stm32f10x_md.o(.text)
    USBWakeUp_IRQHandler                     0x0800011b   Thumb Code     0  startup_stm32f10x_md.o(.text)
    USB_HP_CAN1_TX_IRQHandler                0x0800011b   Thumb Code     0  startup_stm32f10x_md.o(.text)
    USB_LP_CAN1_RX0_IRQHandler               0x0800011b   Thumb Code     0  startup_stm32f10x_md.o(.text)
    WWDG_IRQHandler                          0x0800011b   Thumb Code     0  startup_stm32f10x_md.o(.text)
    __aeabi_memcpy                           0x08000125   Thumb Code    36  memcpya.o(.text)
    __aeabi_memcpy4                          0x08000125   Thumb Code     0  memcpya.o(.text)
    __aeabi_memcpy8                          0x08000125   Thumb Code     0  memcpya.o(.text)
    __aeabi_fadd                             0x08000149   Thumb Code   164  fadd.o(.text)
    __aeabi_fsub                             0x080001ed   Thumb Code     6  fadd.o(.text)
    __aeabi_frsub                            0x080001f3   Thumb Code     6  fadd.o(.text)
    __aeabi_fmul                             0x080001f9   Thumb Code   100  fmul.o(.text)
    __aeabi_fdiv                             0x0800025d   Thumb Code   124  fdiv.o(.text)
    __aeabi_dadd                             0x080002d9   Thumb Code   322  dadd.o(.text)
    __aeabi_dsub                             0x0800041b   Thumb Code     6  dadd.o(.text)
    __aeabi_drsub                            0x08000421   Thumb Code     6  dadd.o(.text)
    __aeabi_dmul                             0x08000427   Thumb Code   228  dmul.o(.text)
    __aeabi_ddiv                             0x0800050b   Thumb Code   222  ddiv.o(.text)
    __aeabi_i2f                              0x080005e9   Thumb Code    18  fflti.o(.text)
    __aeabi_ui2f                             0x080005fb   Thumb Code    10  ffltui.o(.text)
    __aeabi_f2iz                             0x08000605   Thumb Code    50  ffixi.o(.text)
    __aeabi_f2uiz                            0x08000637   Thumb Code    40  ffixui.o(.text)
    __aeabi_f2d                              0x0800065f   Thumb Code    38  f2d.o(.text)
    __aeabi_d2f                              0x08000685   Thumb Code    56  d2f.o(.text)
    __aeabi_cfcmpeq                          0x080006bd   Thumb Code     0  cfcmple.o(.text)
    __aeabi_cfcmple                          0x080006bd   Thumb Code    20  cfcmple.o(.text)
    __aeabi_cfrcmple                         0x080006d1   Thumb Code    20  cfrcmple.o(.text)
    __aeabi_llsl                             0x080006e5   Thumb Code    30  llshl.o(.text)
    _ll_shift_l                              0x080006e5   Thumb Code     0  llshl.o(.text)
    __aeabi_lasr                             0x08000703   Thumb Code    36  llsshr.o(.text)
    _ll_sshift_r                             0x08000703   Thumb Code     0  llsshr.o(.text)
    __I$use$fp                               0x08000727   Thumb Code     0  iusefp.o(.text)
    _float_round                             0x08000727   Thumb Code    18  fepilogue.o(.text)
    _float_epilogue                          0x08000739   Thumb Code    92  fepilogue.o(.text)
    _double_round                            0x08000795   Thumb Code    30  depilogue.o(.text)
    _double_epilogue                         0x080007b3   Thumb Code   156  depilogue.o(.text)
    __ARM_scalbn                             0x0800084f   Thumb Code    46  dscalb.o(.text)
    scalbn                                   0x0800084f   Thumb Code     0  dscalb.o(.text)
    _dsqrt                                   0x0800087d   Thumb Code   162  dsqrt.o(.text)
    __scatterload                            0x08000921   Thumb Code    28  init.o(.text)
    __scatterload_rt2                        0x08000921   Thumb Code     0  init.o(.text)
    __aeabi_llsr                             0x08000945   Thumb Code    32  llushr.o(.text)
    _ll_ushift_r                             0x08000945   Thumb Code     0  llushr.o(.text)
    __decompress                             0x08000965   Thumb Code     0  __dczerorl2.o(.text)
    __decompress1                            0x08000965   Thumb Code    86  __dczerorl2.o(.text)
    ANO_AK8963_CalOffset_Mag                 0x080009bd   Thumb Code   630  pose_drv_mpu9250.o(i.ANO_AK8963_CalOffset_Mag)
    ANO_DT_Data_Exchange                     0x08000c51   Thumb Code   362  ano_data_transfer.o(i.ANO_DT_Data_Exchange)
    ANO_DT_Data_Receive_Anl                  0x08000de5   Thumb Code   308  ano_data_transfer.o(i.ANO_DT_Data_Receive_Anl)
    ANO_DT_Data_Receive_Prepare              0x08000f2d   Thumb Code   216  ano_data_transfer.o(i.ANO_DT_Data_Receive_Prepare)
    ANO_DT_Send_Data                         0x08001059   Thumb Code    16  ano_data_transfer.o(i.ANO_DT_Send_Data)
    ANO_DT_Send_Senser                       0x0800106d   Thumb Code   406  ano_data_transfer.o(i.ANO_DT_Send_Senser)
    ANO_DT_Send_Status                       0x08001209   Thumb Code   316  ano_data_transfer.o(i.ANO_DT_Send_Status)
    ANO_DT_Send_User                         0x0800134d   Thumb Code   386  ano_data_transfer.o(i.ANO_DT_Send_User)
    ANO_Flash_Read                           0x080014d9   Thumb Code    62  ano_drv_flash.o(i.ANO_Flash_Read)
    ANO_Flash_Write                          0x0800151d   Thumb Code   100  ano_drv_flash.o(i.ANO_Flash_Write)
    ANO_UART3_DeInit                         0x08001585   Thumb Code    40  ano_drv_uart3.o(i.ANO_UART3_DeInit)
    ANO_UART3_IRQ                            0x080015b1   Thumb Code   122  ano_drv_uart3.o(i.ANO_UART3_IRQ)
    ANO_UART3_Init                           0x0800163d   Thumb Code   196  ano_drv_uart3.o(i.ANO_UART3_Init)
    ANO_Uart1_DeInit                         0x08001709   Thumb Code    40  ano_drv_uart.o(i.ANO_Uart1_DeInit)
    ANO_Uart1_IRQ                            0x08001735   Thumb Code   118  ano_drv_uart.o(i.ANO_Uart1_IRQ)
    ANO_Uart1_Init                           0x080017bd   Thumb Code   204  ano_drv_uart.o(i.ANO_Uart1_Init)
    ANO_Uart1_Send                           0x08001891   Thumb Code    62  ano_drv_uart.o(i.ANO_Uart1_Send)
    ANO_Uart3_Send                           0x080018dd   Thumb Code    62  ano_drv_uart3.o(i.ANO_Uart3_Send)
    DL_DT_Data_Exchange                      0x08001929   Thumb Code   284  dl_ln3x.o(i.DL_DT_Data_Exchange)
    DL_DT_Data_Receive_Anl                   0x08001a6d   Thumb Code   202  dl_ln3x.o(i.DL_DT_Data_Receive_Anl)
    DL_DT_Data_Receive_Prepare               0x08001b45   Thumb Code   180  dl_ln3x.o(i.DL_DT_Data_Receive_Prepare)
    DL_DT_Send_ConfigCommand                 0x08001c09   Thumb Code   142  dl_ln3x.o(i.DL_DT_Send_ConfigCommand)
    DL_DT_Send_Data                          0x08001c9d   Thumb Code    14  dl_ln3x.o(i.DL_DT_Send_Data)
    DL_DT_Send_ReadCommand                   0x08001cb1   Thumb Code    90  dl_ln3x.o(i.DL_DT_Send_ReadCommand)
    DL_DT_Send_Status                        0x08001d11   Thumb Code   232  dl_ln3x.o(i.DL_DT_Send_Status)
    DL_LN3X_Check                            0x08001e01   Thumb Code   206  dl_ln3x.o(i.DL_LN3X_Check)
    Delay_ms                                 0x08001ed5   Thumb Code    26  bsp_systick.o(i.Delay_ms)
    Delay_us                                 0x08001eef   Thumb Code    24  bsp_systick.o(i.Delay_us)
    Duty_10ms                                0x08001f07   Thumb Code     8  loop.o(i.Duty_10ms)
    Duty_20ms                                0x08001f0f   Thumb Code     2  loop.o(i.Duty_20ms)
    Duty_2ms                                 0x08001f11   Thumb Code   134  loop.o(i.Duty_2ms)
    Duty_50ms                                0x08001fa9   Thumb Code    42  loop.o(i.Duty_50ms)
    Duty_6ms                                 0x08001fdd   Thumb Code     2  loop.o(i.Duty_6ms)
    FLASH_ErasePage                          0x08001fe1   Thumb Code    72  stm32f10x_flash.o(i.FLASH_ErasePage)
    FLASH_GetBank1Status                     0x0800202d   Thumb Code    48  stm32f10x_flash.o(i.FLASH_GetBank1Status)
    FLASH_ProgramHalfWord                    0x08002061   Thumb Code    60  stm32f10x_flash.o(i.FLASH_ProgramHalfWord)
    FLASH_Unlock                             0x080020a1   Thumb Code    12  stm32f10x_flash.o(i.FLASH_Unlock)
    FLASH_WaitForLastOperation               0x080020b9   Thumb Code    38  stm32f10x_flash.o(i.FLASH_WaitForLastOperation)
    GPIO_Init                                0x080020df   Thumb Code   278  stm32f10x_gpio.o(i.GPIO_Init)
    GetSysTime_us                            0x080021f5   Thumb Code    58  bsp_systick.o(i.GetSysTime_us)
    I2c_Soft_Ask                             0x08002239   Thumb Code    46  i2c_soft.o(i.I2c_Soft_Ask)
    I2c_Soft_Init                            0x0800226d   Thumb Code    64  i2c_soft.o(i.I2c_Soft_Init)
    I2c_Soft_NoAsk                           0x080022b1   Thumb Code    48  i2c_soft.o(i.I2c_Soft_NoAsk)
    I2c_Soft_ReadByte                        0x080022e5   Thumb Code    92  i2c_soft.o(i.I2c_Soft_ReadByte)
    I2c_Soft_SendByte                        0x08002345   Thumb Code    78  i2c_soft.o(i.I2c_Soft_SendByte)
    I2c_Soft_Start                           0x08002399   Thumb Code    84  i2c_soft.o(i.I2c_Soft_Start)
    I2c_Soft_Stop                            0x080023f1   Thumb Code    48  i2c_soft.o(i.I2c_Soft_Stop)
    I2c_Soft_WaitAsk                         0x08002425   Thumb Code    80  i2c_soft.o(i.I2c_Soft_WaitAsk)
    I2c_Soft_delay                           0x08002479   Thumb Code    32  i2c_soft.o(i.I2c_Soft_delay)
    IIC_Read_1Byte                           0x0800249d   Thumb Code    80  i2c_soft.o(i.IIC_Read_1Byte)
    IIC_Read_nByte                           0x080024ed   Thumb Code   112  i2c_soft.o(i.IIC_Read_nByte)
    IIC_Write_1Byte                          0x08002561   Thumb Code    62  i2c_soft.o(i.IIC_Write_1Byte)
    IMU_getInfo                              0x080025a1   Thumb Code   626  imu.o(i.IMU_getInfo)
    Init_MPU9250                             0x0800283d   Thumb Code   394  pose_drv_mpu9250.o(i.Init_MPU9250)
    Kalman_IMMU                              0x080029cd   Thumb Code  1544  imu.o(i.Kalman_IMMU)
    Kalman_IMMU_Init                         0x08002fe5   Thumb Code    76  imu.o(i.Kalman_IMMU_Init)
    LED_1ms_DRV                              0x08003061   Thumb Code    52  ano_drv_led.o(i.LED_1ms_DRV)
    LED_Flash_Control                        0x080030a1   Thumb Code    12  ano_drv_led.o(i.LED_Flash_Control)
    LED_Flash_Duty                           0x080030ad   Thumb Code    58  ano_drv_led.o(i.LED_Flash_Duty)
    LPF_1_                                   0x080030f5   Thumb Code    94  mymath.o(i.LPF_1_)
    Loop_check                               0x08003159   Thumb Code    90  loop.o(i.Loop_check)
    MPU9250_Data_Offset                      0x080031b9   Thumb Code   542  pose_drv_mpu9250.o(i.MPU9250_Data_Offset)
    MPU9250_Data_Prepare                     0x080033f9   Thumb Code   530  pose_drv_mpu9250.o(i.MPU9250_Data_Prepare)
    MPU9250_Read_ACCEL_GYRO                  0x08003679   Thumb Code    22  pose_drv_mpu9250.o(i.MPU9250_Read_ACCEL_GYRO)
    MPU9250_Read_MAG                         0x08003699   Thumb Code   218  pose_drv_mpu9250.o(i.MPU9250_Read_MAG)
    NVIC_Init                                0x08003781   Thumb Code   100  misc.o(i.NVIC_Init)
    NVIC_PriorityGroupConfig                 0x080037f1   Thumb Code    10  misc.o(i.NVIC_PriorityGroupConfig)
    POSE_LED_0_OFF                           0x08003805   Thumb Code    10  ano_drv_led.o(i.POSE_LED_0_OFF)
    POSE_LED_0_ON                            0x08003815   Thumb Code    10  ano_drv_led.o(i.POSE_LED_0_ON)
    POSE_LED_Init                            0x08003825   Thumb Code    44  ano_drv_led.o(i.POSE_LED_Init)
    POSE_Param_Init                          0x08003855   Thumb Code    66  ano_param.o(i.POSE_Param_Init)
    POSE_Param_Read                          0x0800389d   Thumb Code   116  ano_param.o(i.POSE_Param_Read)
    POSE_Param_Save                          0x08003919   Thumb Code   132  ano_param.o(i.POSE_Param_Save)
    RCC_APB1PeriphClockCmd                   0x080039a5   Thumb Code    26  stm32f10x_rcc.o(i.RCC_APB1PeriphClockCmd)
    RCC_APB1PeriphResetCmd                   0x080039c5   Thumb Code    26  stm32f10x_rcc.o(i.RCC_APB1PeriphResetCmd)
    RCC_APB2PeriphClockCmd                   0x080039e5   Thumb Code    26  stm32f10x_rcc.o(i.RCC_APB2PeriphClockCmd)
    RCC_APB2PeriphResetCmd                   0x08003a05   Thumb Code    26  stm32f10x_rcc.o(i.RCC_APB2PeriphResetCmd)
    RCC_GetClocksFreq                        0x08003a25   Thumb Code   192  stm32f10x_rcc.o(i.RCC_GetClocksFreq)
    SysTick_Handler                          0x08003be1   Thumb Code     8  stm32f10x_it.o(i.SysTick_Handler)
    SysTick_IRQ                              0x08003be9   Thumb Code    22  bsp_systick.o(i.SysTick_IRQ)
    SystemInit                               0x08003c05   Thumb Code    78  system_stm32f10x.o(i.SystemInit)
    USART1_IRQHandler                        0x08003c65   Thumb Code     8  stm32f10x_it.o(i.USART1_IRQHandler)
    USART3_IRQHandler                        0x08003c6d   Thumb Code     8  stm32f10x_it.o(i.USART3_IRQHandler)
    USART_ClockInit                          0x08003c75   Thumb Code    34  stm32f10x_usart.o(i.USART_ClockInit)
    USART_Cmd                                0x08003c97   Thumb Code    24  stm32f10x_usart.o(i.USART_Cmd)
    USART_DeInit                             0x08003cb1   Thumb Code   134  stm32f10x_usart.o(i.USART_DeInit)
    USART_GetFlagStatus                      0x08003d4d   Thumb Code    26  stm32f10x_usart.o(i.USART_GetFlagStatus)
    USART_ITConfig                           0x08003d67   Thumb Code    74  stm32f10x_usart.o(i.USART_ITConfig)
    USART_Init                               0x08003db1   Thumb Code   210  stm32f10x_usart.o(i.USART_Init)
    USART_ReceiveData                        0x08003e89   Thumb Code    10  stm32f10x_usart.o(i.USART_ReceiveData)
    __ARM_fpclassify                         0x08003e93   Thumb Code    40  fpclassify.o(i.__ARM_fpclassify)
    __kernel_poly                            0x08003ebb   Thumb Code   170  poly.o(i.__kernel_poly)
    __mathlib_dbl_infnan                     0x08003f65   Thumb Code     6  dunder.o(i.__mathlib_dbl_infnan)
    __mathlib_dbl_infnan2                    0x08003f6b   Thumb Code     4  dunder.o(i.__mathlib_dbl_infnan2)
    __mathlib_dbl_invalid                    0x08003f6f   Thumb Code    12  dunder.o(i.__mathlib_dbl_invalid)
    __mathlib_dbl_underflow                  0x08003f7d   Thumb Code    10  dunder.o(i.__mathlib_dbl_underflow)
    __scatterload_copy                       0x08003f8d   Thumb Code    14  handlers.o(i.__scatterload_copy)
    __scatterload_null                       0x08003f9b   Thumb Code     2  handlers.o(i.__scatterload_null)
    __scatterload_zeroinit                   0x08003f9d   Thumb Code    14  handlers.o(i.__scatterload_zeroinit)
    __set_errno                              0x08003fad   Thumb Code     6  errno.o(i.__set_errno)
    arm_mat_init_f32                         0x08003fb9   Thumb Code     8  arm_mat_init_f32.o(i.arm_mat_init_f32)
    arm_mat_inverse_f32                      0x08003fc1   Thumb Code   760  arm_mat_inverse_f32.o(i.arm_mat_inverse_f32)
    arm_mat_mult_f32                         0x080042b9   Thumb Code   342  arm_mat_mult_f32.o(i.arm_mat_mult_f32)
    asin                                     0x08004411   Thumb Code   572  asin.o(i.asin)
    atan                                     0x08004681   Thumb Code   474  atan.o(i.atan)
    atan2                                    0x080048a1   Thumb Code   346  atan2.o(i.atan2)
    cycleCounterInit                         0x08004a21   Thumb Code    26  bsp_systick.o(i.cycleCounterInit)
    fast_atan2                               0x08004a45   Thumb Code   344  mymath.o(i.fast_atan2)
    invSqrt                                  0x08004bb1   Thumb Code    72  imu.o(i.invSqrt)
    main                                     0x08004bfd   Thumb Code    12  main.o(i.main)
    main_loop                                0x08004c09   Thumb Code   118  loop.o(i.main_loop)
    my_abs                                   0x08004c85   Thumb Code    24  mymath.o(i.my_abs)
    my_sqrt                                  0x08004c9d   Thumb Code   114  mymath.o(i.my_sqrt)
    sqrt                                     0x08004d15   Thumb Code    76  sqrt.o(i.sqrt)
    sys_init                                 0x08004d61   Thumb Code   156  ano_init.o(i.sys_init)
    sys_time                                 0x08004e11   Thumb Code   152  time.o(i.sys_time)
    __mathlib_zero                           0x08004fa8   Data           8  qnan.o(.constdata)
    Region$$Table$$Base                      0x08004fb0   Number         0  anon$$obj.o(Region$$Table)
    Region$$Table$$Limit                     0x08004fd0   Number         0  anon$$obj.o(Region$$Table)
    flag                                     0x20000004   Data           6  ano_data.o(.data)
    gf                                       0x2000000c   Data           8  ano_data.o(.data)
    Roll                                     0x2000001c   Data           4  imu.o(.data)
    Pitch                                    0x20000020   Data           4  imu.o(.data)
    Yaw                                      0x20000024   Data           4  imu.o(.data)
    Roll_ANO                                 0x20000028   Data           4  imu.o(.data)
    Pitch_ANO                                0x2000002c   Data           4  imu.o(.data)
    Yaw_ANO                                  0x20000030   Data           4  imu.o(.data)
    Roll_NEW_XILUNA                          0x20000034   Data           4  imu.o(.data)
    Pitch_NEW_XILUNA                         0x20000038   Data           4  imu.o(.data)
    Yaw_NEW_XILUNA                           0x2000003c   Data           4  imu.o(.data)
    ref_q                                    0x20000040   Data          16  imu.o(.data)
    norm_acc                                 0x20000050   Data           4  imu.o(.data)
    norm_q                                   0x20000054   Data           4  imu.o(.data)
    norm_acc_lpf                             0x20000058   Data           4  imu.o(.data)
    mag_norm                                 0x2000005c   Data           4  imu.o(.data)
    mag_norm_xyz                             0x20000060   Data           4  imu.o(.data)
    acc_ng_cali                              0x20000064   Data           1  imu.o(.data)
    imu_ready                                0x20000065   Data           1  imu.o(.data)
    twoKp                                    0x20000068   Data           4  imu.o(.data)
    twoKi                                    0x2000006c   Data           4  imu.o(.data)
    integralFBx                              0x20000070   Data           4  imu.o(.data)
    integralFBy                              0x20000074   Data           4  imu.o(.data)
    integralFBz                              0x20000078   Data           4  imu.o(.data)
    PHT_type                                 0x2000007c   Data           8  imu.o(.data)
    HPHT_type                                0x20000084   Data           8  imu.o(.data)
    HPHT_R_type                              0x2000008c   Data           8  imu.o(.data)
    K_type                                   0x20000094   Data           8  imu.o(.data)
    P_type                                   0x2000009c   Data           8  imu.o(.data)
    P_type_temp                              0x200000a4   Data           8  imu.o(.data)
    P_matrix                                 0x200000ac   Data          36  imu.o(.data)
    ewx                                      0x200000d0   Data           4  imu.o(.data)
    ewy                                      0x200000d4   Data           4  imu.o(.data)
    ewz                                      0x200000d8   Data           4  imu.o(.data)
    beta                                     0x200000dc   Data           4  imu.o(.data)
    led_duty                                 0x20000150   Data           1  ano_drv_led.o(.data)
    led_accuracy                             0x20000152   Data           2  ano_drv_led.o(.data)
    on_time                                  0x20000154   Data           2  ano_drv_led.o(.data)
    LED_warn                                 0x20000156   Data           1  ano_drv_led.o(.data)
    TxCounter                                0x2000015a   Data           1  ano_drv_uart.o(.data)
    count                                    0x2000015b   Data           1  ano_drv_uart.o(.data)
    TxCounter3                               0x2000015c   Data           1  ano_drv_uart3.o(.data)
    count3                                   0x2000015d   Data           1  ano_drv_uart3.o(.data)
    usTicks                                  0x20000160   Data           4  bsp_systick.o(.data)
    sysTickUptime                            0x20000164   Data           4  bsp_systick.o(.data)
    I2C_FastMode                             0x20000168   Data           1  i2c_soft.o(.data)
    mpu_test                                 0x20000169   Data           1  i2c_soft.o(.data)
    fast_atan_table                          0x2000016c   Data        1028  mymath.o(.data)
    time_1h                                  0x20000570   Data           2  time.o(.data)
    time_1m                                  0x20000572   Data           2  time.o(.data)
    time_1s                                  0x20000574   Data           2  time.o(.data)
    time_1ms                                 0x20000576   Data           2  time.o(.data)
    test2                                    0x20000578   Data           1  pose_drv_mpu9250.o(.data)
    Mag_CALIBRATED                           0x2000057a   Data           1  pose_drv_mpu9250.o(.data)
    dl_ln3x                                  0x2000059a   Data           6  dl_ln3x.o(.data)
    SystemCoreClock                          0x200005ac   Data           4  system_stm32f10x.o(.data)
    AHBPrescTable                            0x200005b0   Data          16  system_stm32f10x.o(.data)
    loop                                     0x200005d8   Data          18  loop.o(.bss)
    test_time                                0x200005ec   Data          40  loop.o(.bss)
    POSE_Param                               0x20000614   Data          48  ano_param.o(.bss)
    f                                        0x20000644   Data          19  ano_data_transfer.o(.bss)
    reference_v                              0x200006bc   Data          12  imu.o(.bss)
    ref                                      0x200006c8   Data          60  imu.o(.bss)
    mag_sim_3d                               0x20000704   Data          12  imu.o(.bss)
    acc_3d_hg                                0x20000710   Data          12  imu.o(.bss)
    acc_ng                                   0x2000071c   Data          12  imu.o(.bss)
    acc_ng_offset                            0x20000728   Data          12  imu.o(.bss)
    PHT_matrix                               0x20000734   Data          36  imu.o(.bss)
    HPHT_matrix                              0x20000758   Data          36  imu.o(.bss)
    HPHT_R_matrix                            0x2000077c   Data          36  imu.o(.bss)
    K_matrix                                 0x200007a0   Data          36  imu.o(.bss)
    P_matrix_temp                            0x200007c4   Data          36  imu.o(.bss)
    TxBuffer                                 0x2000082c   Data         256  ano_drv_uart.o(.bss)
    TxBuffer3                                0x2000092c   Data         256  ano_drv_uart3.o(.bss)
    mpu9250                                  0x20000a2c   Data         172  pose_drv_mpu9250.o(.bss)
    mpu9250_buffer                           0x20000ad8   Data          20  pose_drv_mpu9250.o(.bss)
    f2                                       0x20000bd2   Data          19  dl_ln3x.o(.bss)
    __initial_sp                             0x20001018   Data           0  startup_stm32f10x_md.o(STACK)



==============================================================================

Memory Map of the image

  Image Entry point : 0x080000ed

  Load Region LR_IROM1 (Base: 0x08000000, Size: 0x000055a8, Max: 0x00010000, ABSOLUTE, COMPRESSED[0x0000542c])

    Execution Region ER_IROM1 (Exec base: 0x08000000, Load base: 0x08000000, Size: 0x00004fd0, Max: 0x00010000, ABSOLUTE)

    Exec Addr    Load Addr    Size         Type   Attr      Idx    E Section Name        Object

    0x08000000   0x08000000   0x000000ec   Data   RO         3481    RESET               startup_stm32f10x_md.o
    0x080000ec   0x080000ec   0x00000000   Code   RO         4843  * .ARM.Collect$$$$00000000  mc_w.l(entry.o)
    0x080000ec   0x080000ec   0x00000004   Code   RO         4917    .ARM.Collect$$$$00000001  mc_w.l(entry2.o)
    0x080000f0   0x080000f0   0x00000004   Code   RO         4920    .ARM.Collect$$$$00000004  mc_w.l(entry5.o)
    0x080000f4   0x080000f4   0x00000000   Code   RO         4922    .ARM.Collect$$$$00000008  mc_w.l(entry7b.o)
    0x080000f4   0x080000f4   0x00000000   Code   RO         4924    .ARM.Collect$$$$0000000A  mc_w.l(entry8b.o)
    0x080000f4   0x080000f4   0x00000008   Code   RO         4925    .ARM.Collect$$$$0000000B  mc_w.l(entry9a.o)
    0x080000fc   0x080000fc   0x00000000   Code   RO         4927    .ARM.Collect$$$$0000000D  mc_w.l(entry10a.o)
    0x080000fc   0x080000fc   0x00000000   Code   RO         4929    .ARM.Collect$$$$0000000F  mc_w.l(entry11a.o)
    0x080000fc   0x080000fc   0x00000004   Code   RO         4918    .ARM.Collect$$$$00002712  mc_w.l(entry2.o)
    0x08000100   0x08000100   0x00000024   Code   RO         3482    .text               startup_stm32f10x_md.o
    0x08000124   0x08000124   0x00000024   Code   RO         4846    .text               mc_w.l(memcpya.o)
    0x08000148   0x08000148   0x000000b0   Code   RO         4854    .text               mf_w.l(fadd.o)
    0x080001f8   0x080001f8   0x00000064   Code   RO         4856    .text               mf_w.l(fmul.o)
    0x0800025c   0x0800025c   0x0000007c   Code   RO         4858    .text               mf_w.l(fdiv.o)
    0x080002d8   0x080002d8   0x0000014e   Code   RO         4860    .text               mf_w.l(dadd.o)
    0x08000426   0x08000426   0x000000e4   Code   RO         4862    .text               mf_w.l(dmul.o)
    0x0800050a   0x0800050a   0x000000de   Code   RO         4864    .text               mf_w.l(ddiv.o)
    0x080005e8   0x080005e8   0x00000012   Code   RO         4866    .text               mf_w.l(fflti.o)
    0x080005fa   0x080005fa   0x0000000a   Code   RO         4868    .text               mf_w.l(ffltui.o)
    0x08000604   0x08000604   0x00000032   Code   RO         4872    .text               mf_w.l(ffixi.o)
    0x08000636   0x08000636   0x00000028   Code   RO         4874    .text               mf_w.l(ffixui.o)
    0x0800065e   0x0800065e   0x00000026   Code   RO         4876    .text               mf_w.l(f2d.o)
    0x08000684   0x08000684   0x00000038   Code   RO         4882    .text               mf_w.l(d2f.o)
    0x080006bc   0x080006bc   0x00000014   Code   RO         4884    .text               mf_w.l(cfcmple.o)
    0x080006d0   0x080006d0   0x00000014   Code   RO         4886    .text               mf_w.l(cfrcmple.o)
    0x080006e4   0x080006e4   0x0000001e   Code   RO         4931    .text               mc_w.l(llshl.o)
    0x08000702   0x08000702   0x00000024   Code   RO         4933    .text               mc_w.l(llsshr.o)
    0x08000726   0x08000726   0x00000000   Code   RO         4942    .text               mc_w.l(iusefp.o)
    0x08000726   0x08000726   0x0000006e   Code   RO         4943    .text               mf_w.l(fepilogue.o)
    0x08000794   0x08000794   0x000000ba   Code   RO         4945    .text               mf_w.l(depilogue.o)
    0x0800084e   0x0800084e   0x0000002e   Code   RO         4947    .text               mf_w.l(dscalb.o)
    0x0800087c   0x0800087c   0x000000a2   Code   RO         4949    .text               mf_w.l(dsqrt.o)
    0x0800091e   0x0800091e   0x00000002   PAD
    0x08000920   0x08000920   0x00000024   Code   RO         4951    .text               mc_w.l(init.o)
    0x08000944   0x08000944   0x00000020   Code   RO         4953    .text               mc_w.l(llushr.o)
    0x08000964   0x08000964   0x00000056   Code   RO         4963    .text               mc_w.l(__dczerorl2.o)
    0x080009ba   0x080009ba   0x00000002   PAD
    0x080009bc   0x080009bc   0x00000294   Code   RO         1307    i.ANO_AK8963_CalOffset_Mag  pose_drv_mpu9250.o
    0x08000c50   0x08000c50   0x00000194   Code   RO          481    i.ANO_DT_Data_Exchange  ano_data_transfer.o
    0x08000de4   0x08000de4   0x00000148   Code   RO          482    i.ANO_DT_Data_Receive_Anl  ano_data_transfer.o
    0x08000f2c   0x08000f2c   0x000000e8   Code   RO          483    i.ANO_DT_Data_Receive_Prepare  ano_data_transfer.o
    0x08001014   0x08001014   0x00000044   Code   RO          484    i.ANO_DT_Send_Check  ano_data_transfer.o
    0x08001058   0x08001058   0x00000014   Code   RO          485    i.ANO_DT_Send_Data  ano_data_transfer.o
    0x0800106c   0x0800106c   0x0000019c   Code   RO          486    i.ANO_DT_Send_Senser  ano_data_transfer.o
    0x08001208   0x08001208   0x00000144   Code   RO          489    i.ANO_DT_Send_Status  ano_data_transfer.o
    0x0800134c   0x0800134c   0x0000018c   Code   RO          490    i.ANO_DT_Send_User  ano_data_transfer.o
    0x080014d8   0x080014d8   0x00000044   Code   RO         1274    i.ANO_Flash_Read    ano_drv_flash.o
    0x0800151c   0x0800151c   0x00000068   Code   RO         1275    i.ANO_Flash_Write   ano_drv_flash.o
    0x08001584   0x08001584   0x0000002c   Code   RO          828    i.ANO_UART3_DeInit  ano_drv_uart3.o
    0x080015b0   0x080015b0   0x0000008c   Code   RO          829    i.ANO_UART3_IRQ     ano_drv_uart3.o
    0x0800163c   0x0800163c   0x000000cc   Code   RO          830    i.ANO_UART3_Init    ano_drv_uart3.o
    0x08001708   0x08001708   0x0000002c   Code   RO          767    i.ANO_Uart1_DeInit  ano_drv_uart.o
    0x08001734   0x08001734   0x00000088   Code   RO          768    i.ANO_Uart1_IRQ     ano_drv_uart.o
    0x080017bc   0x080017bc   0x000000d4   Code   RO          769    i.ANO_Uart1_Init    ano_drv_uart.o
    0x08001890   0x08001890   0x0000004c   Code   RO          772    i.ANO_Uart1_Send    ano_drv_uart.o
    0x080018dc   0x080018dc   0x0000004c   Code   RO          833    i.ANO_Uart3_Send    ano_drv_uart3.o
    0x08001928   0x08001928   0x00000144   Code   RO         1415    i.DL_DT_Data_Exchange  dl_ln3x.o
    0x08001a6c   0x08001a6c   0x000000d8   Code   RO         1416    i.DL_DT_Data_Receive_Anl  dl_ln3x.o
    0x08001b44   0x08001b44   0x000000c4   Code   RO         1417    i.DL_DT_Data_Receive_Prepare  dl_ln3x.o
    0x08001c08   0x08001c08   0x00000094   Code   RO         1418    i.DL_DT_Send_ConfigCommand  dl_ln3x.o
    0x08001c9c   0x08001c9c   0x00000014   Code   RO         1419    i.DL_DT_Send_Data   dl_ln3x.o
    0x08001cb0   0x08001cb0   0x00000060   Code   RO         1420    i.DL_DT_Send_ReadCommand  dl_ln3x.o
    0x08001d10   0x08001d10   0x000000f0   Code   RO         1422    i.DL_DT_Send_Status  dl_ln3x.o
    0x08001e00   0x08001e00   0x000000d4   Code   RO         1423    i.DL_LN3X_Check     dl_ln3x.o
    0x08001ed4   0x08001ed4   0x0000001a   Code   RO          930    i.Delay_ms          bsp_systick.o
    0x08001eee   0x08001eee   0x00000018   Code   RO          931    i.Delay_us          bsp_systick.o
    0x08001f06   0x08001f06   0x00000008   Code   RO          174    i.Duty_10ms         loop.o
    0x08001f0e   0x08001f0e   0x00000002   Code   RO          175    i.Duty_20ms         loop.o
    0x08001f10   0x08001f10   0x00000098   Code   RO          176    i.Duty_2ms          loop.o
    0x08001fa8   0x08001fa8   0x00000034   Code   RO          177    i.Duty_50ms         loop.o
    0x08001fdc   0x08001fdc   0x00000002   Code   RO          178    i.Duty_6ms          loop.o
    0x08001fde   0x08001fde   0x00000002   PAD
    0x08001fe0   0x08001fe0   0x0000004c   Code   RO         2055    i.FLASH_ErasePage   stm32f10x_flash.o
    0x0800202c   0x0800202c   0x00000034   Code   RO         2056    i.FLASH_GetBank1Status  stm32f10x_flash.o
    0x08002060   0x08002060   0x00000040   Code   RO         2068    i.FLASH_ProgramHalfWord  stm32f10x_flash.o
    0x080020a0   0x080020a0   0x00000018   Code   RO         2073    i.FLASH_Unlock      stm32f10x_flash.o
    0x080020b8   0x080020b8   0x00000026   Code   RO         2077    i.FLASH_WaitForLastOperation  stm32f10x_flash.o
    0x080020de   0x080020de   0x00000116   Code   RO         2242    i.GPIO_Init         stm32f10x_gpio.o
    0x080021f4   0x080021f4   0x00000044   Code   RO          932    i.GetSysTime_us     bsp_systick.o
    0x08002238   0x08002238   0x00000034   Code   RO          993    i.I2c_Soft_Ask      i2c_soft.o
    0x0800226c   0x0800226c   0x00000044   Code   RO          994    i.I2c_Soft_Init     i2c_soft.o
    0x080022b0   0x080022b0   0x00000034   Code   RO          995    i.I2c_Soft_NoAsk    i2c_soft.o
    0x080022e4   0x080022e4   0x00000060   Code   RO          996    i.I2c_Soft_ReadByte  i2c_soft.o
    0x08002344   0x08002344   0x00000054   Code   RO          997    i.I2c_Soft_SendByte  i2c_soft.o
    0x08002398   0x08002398   0x00000058   Code   RO          998    i.I2c_Soft_Start    i2c_soft.o
    0x080023f0   0x080023f0   0x00000034   Code   RO          999    i.I2c_Soft_Stop     i2c_soft.o
    0x08002424   0x08002424   0x00000054   Code   RO         1000    i.I2c_Soft_WaitAsk  i2c_soft.o
    0x08002478   0x08002478   0x00000024   Code   RO         1001    i.I2c_Soft_delay    i2c_soft.o
    0x0800249c   0x0800249c   0x00000050   Code   RO         1002    i.IIC_Read_1Byte    i2c_soft.o
    0x080024ec   0x080024ec   0x00000074   Code   RO         1003    i.IIC_Read_nByte    i2c_soft.o
    0x08002560   0x08002560   0x0000003e   Code   RO         1004    i.IIC_Write_1Byte   i2c_soft.o
    0x0800259e   0x0800259e   0x00000002   PAD
    0x080025a0   0x080025a0   0x0000029c   Code   RO          570    i.IMU_getInfo       imu.o
    0x0800283c   0x0800283c   0x00000190   Code   RO         1308    i.Init_MPU9250      pose_drv_mpu9250.o
    0x080029cc   0x080029cc   0x00000618   Code   RO          572    i.Kalman_IMMU       imu.o
    0x08002fe4   0x08002fe4   0x0000007c   Code   RO          573    i.Kalman_IMMU_Init  imu.o
    0x08003060   0x08003060   0x00000040   Code   RO          650    i.LED_1ms_DRV       ano_drv_led.o
    0x080030a0   0x080030a0   0x0000000c   Code   RO          651    i.LED_Flash_Control  ano_drv_led.o
    0x080030ac   0x080030ac   0x00000048   Code   RO          652    i.LED_Flash_Duty    ano_drv_led.o
    0x080030f4   0x080030f4   0x00000064   Code   RO         1206    i.LPF_1_            mymath.o
    0x08003158   0x08003158   0x00000060   Code   RO          179    i.Loop_check        loop.o
    0x080031b8   0x080031b8   0x00000240   Code   RO         1309    i.MPU9250_Data_Offset  pose_drv_mpu9250.o
    0x080033f8   0x080033f8   0x00000238   Code   RO         1310    i.MPU9250_Data_Prepare  pose_drv_mpu9250.o
    0x08003630   0x08003630   0x00000038   Code   RO         1311    i.MPU9250_GetAvg    pose_drv_mpu9250.o
    0x08003668   0x08003668   0x00000010   Code   RO         1312    i.MPU9250_NewVal    pose_drv_mpu9250.o
    0x08003678   0x08003678   0x00000020   Code   RO         1313    i.MPU9250_Read_ACCEL_GYRO  pose_drv_mpu9250.o
    0x08003698   0x08003698   0x000000e8   Code   RO         1314    i.MPU9250_Read_MAG  pose_drv_mpu9250.o
    0x08003780   0x08003780   0x00000070   Code   RO         1615    i.NVIC_Init         misc.o
    0x080037f0   0x080037f0   0x00000014   Code   RO         1616    i.NVIC_PriorityGroupConfig  misc.o
    0x08003804   0x08003804   0x00000010   Code   RO          653    i.POSE_LED_0_OFF    ano_drv_led.o
    0x08003814   0x08003814   0x00000010   Code   RO          654    i.POSE_LED_0_ON     ano_drv_led.o
    0x08003824   0x08003824   0x00000030   Code   RO          655    i.POSE_LED_Init     ano_drv_led.o
    0x08003854   0x08003854   0x00000048   Code   RO          429    i.POSE_Param_Init   ano_param.o
    0x0800389c   0x0800389c   0x0000007c   Code   RO          430    i.POSE_Param_Read   ano_param.o
    0x08003918   0x08003918   0x0000008c   Code   RO          431    i.POSE_Param_Save   ano_param.o
    0x080039a4   0x080039a4   0x00000020   Code   RO         2364    i.RCC_APB1PeriphClockCmd  stm32f10x_rcc.o
    0x080039c4   0x080039c4   0x00000020   Code   RO         2365    i.RCC_APB1PeriphResetCmd  stm32f10x_rcc.o
    0x080039e4   0x080039e4   0x00000020   Code   RO         2366    i.RCC_APB2PeriphClockCmd  stm32f10x_rcc.o
    0x08003a04   0x08003a04   0x00000020   Code   RO         2367    i.RCC_APB2PeriphResetCmd  stm32f10x_rcc.o
    0x08003a24   0x08003a24   0x000000d4   Code   RO         2374    i.RCC_GetClocksFreq  stm32f10x_rcc.o
    0x08003af8   0x08003af8   0x00000008   Code   RO         1556    i.SetSysClock       system_stm32f10x.o
    0x08003b00   0x08003b00   0x000000e0   Code   RO         1557    i.SetSysClockTo72   system_stm32f10x.o
    0x08003be0   0x08003be0   0x00000008   Code   RO          890    i.SysTick_Handler   stm32f10x_it.o
    0x08003be8   0x08003be8   0x0000001c   Code   RO          933    i.SysTick_IRQ       bsp_systick.o
    0x08003c04   0x08003c04   0x00000060   Code   RO         1559    i.SystemInit        system_stm32f10x.o
    0x08003c64   0x08003c64   0x00000008   Code   RO          891    i.USART1_IRQHandler  stm32f10x_it.o
    0x08003c6c   0x08003c6c   0x00000008   Code   RO          892    i.USART3_IRQHandler  stm32f10x_it.o
    0x08003c74   0x08003c74   0x00000022   Code   RO         3292    i.USART_ClockInit   stm32f10x_usart.o
    0x08003c96   0x08003c96   0x00000018   Code   RO         3294    i.USART_Cmd         stm32f10x_usart.o
    0x08003cae   0x08003cae   0x00000002   PAD
    0x08003cb0   0x08003cb0   0x0000009c   Code   RO         3296    i.USART_DeInit      stm32f10x_usart.o
    0x08003d4c   0x08003d4c   0x0000001a   Code   RO         3297    i.USART_GetFlagStatus  stm32f10x_usart.o
    0x08003d66   0x08003d66   0x0000004a   Code   RO         3300    i.USART_ITConfig    stm32f10x_usart.o
    0x08003db0   0x08003db0   0x000000d8   Code   RO         3301    i.USART_Init        stm32f10x_usart.o
    0x08003e88   0x08003e88   0x0000000a   Code   RO         3308    i.USART_ReceiveData  stm32f10x_usart.o
    0x08003e92   0x08003e92   0x00000028   Code   RO         4912    i.__ARM_fpclassify  m_ws.l(fpclassify.o)
    0x08003eba   0x08003eba   0x000000aa   Code   RO         4914    i.__kernel_poly     m_ws.l(poly.o)
    0x08003f64   0x08003f64   0x00000006   Code   RO         4899    i.__mathlib_dbl_infnan  m_ws.l(dunder.o)
    0x08003f6a   0x08003f6a   0x00000004   Code   RO         4900    i.__mathlib_dbl_infnan2  m_ws.l(dunder.o)
    0x08003f6e   0x08003f6e   0x0000000c   Code   RO         4901    i.__mathlib_dbl_invalid  m_ws.l(dunder.o)
    0x08003f7a   0x08003f7a   0x00000002   PAD
    0x08003f7c   0x08003f7c   0x00000010   Code   RO         4904    i.__mathlib_dbl_underflow  m_ws.l(dunder.o)
    0x08003f8c   0x08003f8c   0x0000000e   Code   RO         4957    i.__scatterload_copy  mc_w.l(handlers.o)
    0x08003f9a   0x08003f9a   0x00000002   Code   RO         4958    i.__scatterload_null  mc_w.l(handlers.o)
    0x08003f9c   0x08003f9c   0x0000000e   Code   RO         4959    i.__scatterload_zeroinit  mc_w.l(handlers.o)
    0x08003faa   0x08003faa   0x00000002   PAD
    0x08003fac   0x08003fac   0x0000000c   Code   RO         4937    i.__set_errno       mc_w.l(errno.o)
    0x08003fb8   0x08003fb8   0x00000008   Code   RO         3571    i.arm_mat_init_f32  arm_mat_init_f32.o
    0x08003fc0   0x08003fc0   0x000002f8   Code   RO         3595    i.arm_mat_inverse_f32  arm_mat_inverse_f32.o
    0x080042b8   0x080042b8   0x00000156   Code   RO         3643    i.arm_mat_mult_f32  arm_mat_mult_f32.o
    0x0800440e   0x0800440e   0x00000002   PAD
    0x08004410   0x08004410   0x00000270   Code   RO         4818    i.asin              m_ws.l(asin.o)
    0x08004680   0x08004680   0x00000220   Code   RO         4889    i.atan              m_ws.l(atan.o)
    0x080048a0   0x080048a0   0x00000180   Code   RO         4828    i.atan2             m_ws.l(atan2.o)
    0x08004a20   0x08004a20   0x00000024   Code   RO          934    i.cycleCounterInit  bsp_systick.o
    0x08004a44   0x08004a44   0x0000016c   Code   RO         1109    i.fast_atan2        mymath.o
    0x08004bb0   0x08004bb0   0x0000004c   Code   RO          577    i.invSqrt           imu.o
    0x08004bfc   0x08004bfc   0x0000000c   Code   RO            4    i.main              main.o
    0x08004c08   0x08004c08   0x0000007c   Code   RO          180    i.main_loop         loop.o
    0x08004c84   0x08004c84   0x00000018   Code   RO         1112    i.my_abs            mymath.o
    0x08004c9c   0x08004c9c   0x00000078   Code   RO         1118    i.my_sqrt           mymath.o
    0x08004d14   0x08004d14   0x0000004c   Code   RO         4836    i.sqrt              m_ws.l(sqrt.o)
    0x08004d60   0x08004d60   0x000000b0   Code   RO          270    i.sys_init          ano_init.o
    0x08004e10   0x08004e10   0x000000ac   Code   RO         1224    i.sys_time          time.o
    0x08004ebc   0x08004ebc   0x00000004   PAD
    0x08004ec0   0x08004ec0   0x00000050   Data   RO         4819    .constdata          m_ws.l(asin.o)
    0x08004f10   0x08004f10   0x00000098   Data   RO         4890    .constdata          m_ws.l(atan.o)
    0x08004fa8   0x08004fa8   0x00000008   Data   RO         4916    .constdata          m_ws.l(qnan.o)
    0x08004fb0   0x08004fb0   0x00000020   Data   RO         4955    Region$$Table       anon$$obj.o


    Execution Region RW_IRAM1 (Exec base: 0x20000000, Load base: 0x08004fd0, Size: 0x00001018, Max: 0x00005000, ABSOLUTE, COMPRESSED[0x0000045c])

    Exec Addr    Load Addr    Size         Type   Attr      Idx    E Section Name        Object

    0x20000000   COMPRESSED   0x00000004   Data   RW          182    .data               loop.o
    0x20000004   COMPRESSED   0x00000010   Data   RW          298    .data               ano_data.o
    0x20000014   COMPRESSED   0x00000008   Data   RW          492    .data               ano_data_transfer.o
    0x2000001c   COMPRESSED   0x00000134   Data   RW          579    .data               imu.o
    0x20000150   COMPRESSED   0x0000000a   Data   RW          656    .data               ano_drv_led.o
    0x2000015a   COMPRESSED   0x00000002   Data   RW          774    .data               ano_drv_uart.o
    0x2000015c   COMPRESSED   0x00000002   Data   RW          835    .data               ano_drv_uart3.o
    0x2000015e   COMPRESSED   0x00000002   PAD
    0x20000160   COMPRESSED   0x00000008   Data   RW          935    .data               bsp_systick.o
    0x20000168   COMPRESSED   0x00000002   Data   RW         1008    .data               i2c_soft.o
    0x2000016a   COMPRESSED   0x00000002   PAD
    0x2000016c   COMPRESSED   0x00000404   Data   RW         1119    .data               mymath.o
    0x20000570   COMPRESSED   0x00000008   Data   RW         1225    .data               time.o
    0x20000578   COMPRESSED   0x00000022   Data   RW         1318    .data               pose_drv_mpu9250.o
    0x2000059a   COMPRESSED   0x0000000f   Data   RW         1426    .data               dl_ln3x.o
    0x200005a9   COMPRESSED   0x00000003   PAD
    0x200005ac   COMPRESSED   0x00000014   Data   RW         1560    .data               system_stm32f10x.o
    0x200005c0   COMPRESSED   0x00000014   Data   RW         2394    .data               stm32f10x_rcc.o
    0x200005d4   COMPRESSED   0x00000004   Data   RW         4938    .data               mc_w.l(errno.o)
    0x200005d8        -       0x0000003c   Zero   RW          181    .bss                loop.o
    0x20000614        -       0x00000030   Zero   RW          432    .bss                ano_param.o
    0x20000644        -       0x00000077   Zero   RW          491    .bss                ano_data_transfer.o
    0x200006bb   COMPRESSED   0x00000001   PAD
    0x200006bc        -       0x00000170   Zero   RW          578    .bss                imu.o
    0x2000082c        -       0x00000100   Zero   RW          773    .bss                ano_drv_uart.o
    0x2000092c        -       0x00000100   Zero   RW          834    .bss                ano_drv_uart3.o
    0x20000a2c        -       0x00000174   Zero   RW         1317    .bss                pose_drv_mpu9250.o
    0x20000ba0        -       0x00000077   Zero   RW         1425    .bss                dl_ln3x.o
    0x20000c17   COMPRESSED   0x00000001   PAD
    0x20000c18        -       0x00000400   Zero   RW         3479    STACK               startup_stm32f10x_md.o


==============================================================================

Image component sizes


      Code (inc. data)   RO Data    RW Data    ZI Data      Debug   Object Name

         0          0          0         16          0        830   ano_data.o
      2184        112          0          8        119       8037   ano_data_transfer.o
       172         10          0          0          0       1843   ano_drv_flash.o
       228         42          0         10          0       3073   ano_drv_led.o
       468         44          0          2        256       2972   ano_drv_uart.o
       464         44          0          2        256       3011   ano_drv_uart3.o
       176         20          0          0          0      25910   ano_init.o
       336         22          0          0         48       2956   ano_param.o
         0          0          0          0          0      13296   arm_common_tables.o
         8          0          0          0          0        879   arm_mat_init_f32.o
       760          0          0          0          0       2550   arm_mat_inverse_f32.o
       342          0          0          0          0       1515   arm_mat_mult_f32.o
       182         26          0          8          0       2883   bsp_systick.o
      1452        102          0         15        119       7243   dl_ln3x.o
       870         44          0          2          0       7237   i2c_soft.o
      2428        190          0        308        368      15005   imu.o
       436         40          0          4         60       4849   loop.o
        12          0          0          0          0     254672   main.o
       132         22          0          0          0       1447   misc.o
       608         32          0       1028          0       3247   mymath.o
      2540        142          0         34        372       9038   pose_drv_mpu9250.o
        36          8        236          0       1024        792   startup_stm32f10x_md.o
       254         24          0          0          0       2837   stm32f10x_flash.o
       278          0          0          0          0       1900   stm32f10x_gpio.o
        24          0          0          0          0       1314   stm32f10x_it.o
       340         44          0         20          0       5388   stm32f10x_rcc.o
       540         28          0          0          0       5877   stm32f10x_usart.o
       328         28          0         20          0       2153   system_stm32f10x.o
       172         20          0          8          0        762   time.o

    ----------------------------------------------------------------------
     15782       1048        268       1492       2624     393516   Object Totals
         0          0         32          0          0          0   (incl. Generated)
        12          4          0          7          2          0   (incl. Padding)

    ----------------------------------------------------------------------

      Code (inc. data)   RO Data    RW Data    ZI Data      Debug   Library Member Name

       624         52         80          0          0        168   asin.o
       544         70        152          0          0        124   atan.o
       384         38          0          0          0        144   atan2.o
        38          6          0          0          0        272   dunder.o
        40          0          0          0          0         68   fpclassify.o
       170          0          0          0          0         96   poly.o
         0          0          8          0          0          0   qnan.o
        76          0          0          0          0         84   sqrt.o
        86          0          0          0          0          0   __dczerorl2.o
         0          0          0          0          0          0   entry.o
         0          0          0          0          0          0   entry10a.o
         0          0          0          0          0          0   entry11a.o
         8          4          0          0          0          0   entry2.o
         4          0          0          0          0          0   entry5.o
         0          0          0          0          0          0   entry7b.o
         0          0          0          0          0          0   entry8b.o
         8          4          0          0          0          0   entry9a.o
        12          6          0          4          0         68   errno.o
        30          0          0          0          0          0   handlers.o
        36          8          0          0          0         68   init.o
         0          0          0          0          0          0   iusefp.o
        30          0          0          0          0         68   llshl.o
        36          0          0          0          0         68   llsshr.o
        32          0          0          0          0         68   llushr.o
        36          0          0          0          0         68   memcpya.o
        20          0          0          0          0         68   cfcmple.o
        20          0          0          0          0         68   cfrcmple.o
        56          0          0          0          0         88   d2f.o
       334          0          0          0          0        148   dadd.o
       222          0          0          0          0        100   ddiv.o
       186          0          0          0          0        176   depilogue.o
       228          0          0          0          0         96   dmul.o
        46          0          0          0          0         80   dscalb.o
       162          0          0          0          0        100   dsqrt.o
        38          0          0          0          0         68   f2d.o
       176          0          0          0          0        140   fadd.o
       124          0          0          0          0         88   fdiv.o
       110          0          0          0          0        168   fepilogue.o
        50          0          0          0          0         68   ffixi.o
        40          0          0          0          0         68   ffixui.o
        18          0          0          0          0         68   fflti.o
        10          0          0          0          0         68   ffltui.o
       100          0          0          0          0         76   fmul.o

    ----------------------------------------------------------------------
      4142        188        240          4          0       3100   Library Totals
         8          0          0          0          0          0   (incl. Padding)

    ----------------------------------------------------------------------

      Code (inc. data)   RO Data    RW Data    ZI Data      Debug   Library Name

      1876        166        240          0          0        956   m_ws.l
       318         22          0          4          0        408   mc_w.l
      1940          0          0          0          0       1736   mf_w.l

    ----------------------------------------------------------------------
      4142        188        240          4          0       3100   Library Totals

    ----------------------------------------------------------------------

==============================================================================


      Code (inc. data)   RO Data    RW Data    ZI Data      Debug   

     19924       1236        508       1496       2624     389828   Grand Totals
     19924       1236        508       1116       2624     389828   ELF Image Totals (compressed)
     19924       1236        508       1116          0          0   ROM Totals

==============================================================================

    Total RO  Size (Code + RO Data)                20432 (  19.95kB)
    Total RW  Size (RW Data + ZI Data)              4120 (   4.02kB)
    Total ROM Size (Code + RO Data + RW Data)      21548 (  21.04kB)

==============================================================================

